Archive member included to satisfy reference by file (symbol)

c:/tools/avr-gcc_7.3.0/bin/../lib/gcc/avr/7.3.0/avr5\libgcc.a(_mulsi3.o)
                              obj-m328/src/ff.o (__mulsi3)
c:/tools/avr-gcc_7.3.0/bin/../lib/gcc/avr/7.3.0/avr5\libgcc.a(_udivmodhi4.o)
                              obj-m328/src/ff.o (__udivmodhi4)
c:/tools/avr-gcc_7.3.0/bin/../lib/gcc/avr/7.3.0/avr5\libgcc.a(_udivmodsi4.o)
                              obj-m328/src/ff.o (__udivmodsi4)
c:/tools/avr-gcc_7.3.0/bin/../lib/gcc/avr/7.3.0/avr5\libgcc.a(_exit.o)
                              c:/tools/avr-gcc_7.3.0/bin/../lib/gcc/avr/7.3.0/../../../../avr/lib/avr5/crtatmega328.o (exit)
c:/tools/avr-gcc_7.3.0/bin/../lib/gcc/avr/7.3.0/avr5\libgcc.a(_copy_data.o)
                              obj-m328/src/catalog.o (__do_copy_data)
c:/tools/avr-gcc_7.3.0/bin/../lib/gcc/avr/7.3.0/avr5\libgcc.a(_clear_bss.o)
                              obj-m328/src/diskio.o (__do_clear_bss)
c:/tools/avr-gcc_7.3.0/bin/../lib/gcc/avr/7.3.0/avr5\libgcc.a(_muluhisi3.o)
                              obj-m328/src/ff.o (__muluhisi3)
c:/tools/avr-gcc_7.3.0/bin/../lib/gcc/avr/7.3.0/avr5\libgcc.a(_prologue.o)
                              obj-m328/src/catalog.o (__prologue_saves__)
c:/tools/avr-gcc_7.3.0/bin/../lib/gcc/avr/7.3.0/avr5\libgcc.a(_epilogue.o)
                              obj-m328/src/catalog.o (__epilogue_restores__)
c:/tools/avr-gcc_7.3.0/bin/../lib/gcc/avr/7.3.0/avr5\libgcc.a(_umulhisi3.o)
                              c:/tools/avr-gcc_7.3.0/bin/../lib/gcc/avr/7.3.0/avr5\libgcc.a(_muluhisi3.o) (__umulhisi3)
c:/tools/avr-gcc_7.3.0/bin/../lib/gcc/avr/7.3.0/../../../../avr/lib/avr5\libm.a(divsf3.o)
                              obj-m328/src/catalog.o (__divsf3)
c:/tools/avr-gcc_7.3.0/bin/../lib/gcc/avr/7.3.0/../../../../avr/lib/avr5\libm.a(divsf3x.o)
                              c:/tools/avr-gcc_7.3.0/bin/../lib/gcc/avr/7.3.0/../../../../avr/lib/avr5\libm.a(divsf3.o) (__divsf3x)
c:/tools/avr-gcc_7.3.0/bin/../lib/gcc/avr/7.3.0/../../../../avr/lib/avr5\libm.a(fixsfsi.o)
                              obj-m328/src/catalog.o (__fixsfsi)
c:/tools/avr-gcc_7.3.0/bin/../lib/gcc/avr/7.3.0/../../../../avr/lib/avr5\libm.a(fixunssfsi.o)
                              obj-m328/src/catalog.o (__fixunssfsi)
c:/tools/avr-gcc_7.3.0/bin/../lib/gcc/avr/7.3.0/../../../../avr/lib/avr5\libm.a(floatsisf.o)
                              obj-m328/src/catalog.o (__floatunsisf)
c:/tools/avr-gcc_7.3.0/bin/../lib/gcc/avr/7.3.0/../../../../avr/lib/avr5\libm.a(fp_inf.o)
                              c:/tools/avr-gcc_7.3.0/bin/../lib/gcc/avr/7.3.0/../../../../avr/lib/avr5\libm.a(divsf3x.o) (__fp_inf)
c:/tools/avr-gcc_7.3.0/bin/../lib/gcc/avr/7.3.0/../../../../avr/lib/avr5\libm.a(fp_nan.o)
                              c:/tools/avr-gcc_7.3.0/bin/../lib/gcc/avr/7.3.0/../../../../avr/lib/avr5\libm.a(divsf3x.o) (__fp_nan)
c:/tools/avr-gcc_7.3.0/bin/../lib/gcc/avr/7.3.0/../../../../avr/lib/avr5\libm.a(fp_pscA.o)
                              c:/tools/avr-gcc_7.3.0/bin/../lib/gcc/avr/7.3.0/../../../../avr/lib/avr5\libm.a(divsf3x.o) (__fp_pscA)
c:/tools/avr-gcc_7.3.0/bin/../lib/gcc/avr/7.3.0/../../../../avr/lib/avr5\libm.a(fp_pscB.o)
                              c:/tools/avr-gcc_7.3.0/bin/../lib/gcc/avr/7.3.0/../../../../avr/lib/avr5\libm.a(divsf3x.o) (__fp_pscB)
c:/tools/avr-gcc_7.3.0/bin/../lib/gcc/avr/7.3.0/../../../../avr/lib/avr5\libm.a(fp_round.o)
                              c:/tools/avr-gcc_7.3.0/bin/../lib/gcc/avr/7.3.0/../../../../avr/lib/avr5\libm.a(divsf3.o) (__fp_round)
c:/tools/avr-gcc_7.3.0/bin/../lib/gcc/avr/7.3.0/../../../../avr/lib/avr5\libm.a(fp_split3.o)
                              c:/tools/avr-gcc_7.3.0/bin/../lib/gcc/avr/7.3.0/../../../../avr/lib/avr5\libm.a(divsf3x.o) (__fp_split3)
c:/tools/avr-gcc_7.3.0/bin/../lib/gcc/avr/7.3.0/../../../../avr/lib/avr5\libm.a(fp_zero.o)
                              c:/tools/avr-gcc_7.3.0/bin/../lib/gcc/avr/7.3.0/../../../../avr/lib/avr5\libm.a(fixunssfsi.o) (__fp_zero)
c:/tools/avr-gcc_7.3.0/bin/../lib/gcc/avr/7.3.0/../../../../avr/lib/avr5\libm.a(log10.o)
                              obj-m328/src/catalog.o (log10)
c:/tools/avr-gcc_7.3.0/bin/../lib/gcc/avr/7.3.0/../../../../avr/lib/avr5\libm.a(log.o)
                              c:/tools/avr-gcc_7.3.0/bin/../lib/gcc/avr/7.3.0/../../../../avr/lib/avr5\libm.a(log10.o) (log)
c:/tools/avr-gcc_7.3.0/bin/../lib/gcc/avr/7.3.0/../../../../avr/lib/avr5\libm.a(mulsf3.o)
                              c:/tools/avr-gcc_7.3.0/bin/../lib/gcc/avr/7.3.0/../../../../avr/lib/avr5\libm.a(log10.o) (__mulsf3)
c:/tools/avr-gcc_7.3.0/bin/../lib/gcc/avr/7.3.0/../../../../avr/lib/avr5\libm.a(mulsf3x.o)
                              c:/tools/avr-gcc_7.3.0/bin/../lib/gcc/avr/7.3.0/../../../../avr/lib/avr5\libm.a(log.o) (__mulsf3x)
c:/tools/avr-gcc_7.3.0/bin/../lib/gcc/avr/7.3.0/../../../../avr/lib/avr5\libm.a(addsf3.o)
[...]
Memory Configuration

Name             Origin             Length             Attributes
text             0x00000000         0x00020000         xr
data             0x00800060         0x0000ffa0         rw !x
eeprom           0x00810000         0x00010000         rw !x
fuse             0x00820000         0x00000003         rw !x
lock             0x00830000         0x00000400         rw !x
signature        0x00840000         0x00000400         rw !x
user_signatures  0x00850000         0x00000400         rw !x
*default*        0x00000000         0xffffffff

Linker script and memory map

Address of section .data set to 0x800100
LOAD c:/tools/avr-gcc_7.3.0/bin/../lib/gcc/avr/7.3.0/../../../../avr/lib/avr5/crtatmega328.o
LOAD obj-m328/src/catalog.o
LOAD obj-m328/src/debug.o
LOAD obj-m328/src/diskio.o
LOAD obj-m328/src/drive.o
LOAD obj-m328/src/eeprom.o
LOAD obj-m328/src/ff.o
LOAD obj-m328/src/hexbus.o
LOAD obj-m328/src/hexops.o
LOAD obj-m328/src/led.o
LOAD obj-m328/src/main.o
LOAD obj-m328/src/powermgmt.o
LOAD obj-m328/src/printer.o
LOAD obj-m328/src/registry.o
LOAD obj-m328/src/sdcard.o
LOAD obj-m328/src/serial.o
LOAD obj-m328/src/spi.o
LOAD obj-m328/src/swuart.o
LOAD obj-m328/src/timer.o
LOAD obj-m328/src/uart.o
LOAD obj-m328/src/crc7asm.o
START GROUP
LOAD c:/tools/avr-gcc_7.3.0/bin/../lib/gcc/avr/7.3.0/avr5\libgcc.a
LOAD c:/tools/avr-gcc_7.3.0/bin/../lib/gcc/avr/7.3.0/../../../../avr/lib/avr5\libm.a
LOAD c:/tools/avr-gcc_7.3.0/bin/../lib/gcc/avr/7.3.0/../../../../avr/lib/avr5\libc.a
LOAD c:/tools/avr-gcc_7.3.0/bin/../lib/gcc/avr/7.3.0/../../../../avr/lib/avr5\libatmega328.a
END GROUP
                0x00020000                __TEXT_REGION_LENGTH__ = DEFINED (__TEXT_REGION_LENGTH__)?__TEXT_REGION_LENGTH__:0x20000
                0x0000ffa0                __DATA_REGION_LENGTH__ = DEFINED (__DATA_REGION_LENGTH__)?__DATA_REGION_LENGTH__:0xffa0
                0x00010000                __EEPROM_REGION_LENGTH__ = DEFINED (__EEPROM_REGION_LENGTH__)?__EEPROM_REGION_LENGTH__:0x10000
                [0x00000003]                __FUSE_REGION_LENGTH__ = DEFINED (__FUSE_REGION_LENGTH__)?__FUSE_REGION_LENGTH__:0x400
                0x00000400                __LOCK_REGION_LENGTH__ = DEFINED (__LOCK_REGION_LENGTH__)?__LOCK_REGION_LENGTH__:0x400
                0x00000400                __SIGNATURE_REGION_LENGTH__ = DEFINED (__SIGNATURE_REGION_LENGTH__)?__SIGNATURE_REGION_LENGTH__:0x400
                0x00000400                __USER_SIGNATURE_REGION_LENGTH__ = DEFINED (__USER_SIGNATURE_REGION_LENGTH__)?__USER_SIGNATURE_REGION_LENGTH__:0x400
                0x00800060                __DATA_REGION_ORIGIN__ = DEFINED (__DATA_REGION_ORIGIN__)?__DATA_REGION_ORIGIN__:0x800060

.hash
 *(.hash)

.dynsym
 *(.dynsym)

.dynstr
 *(.dynstr)

.gnu.version
 *(.gnu.version)

.gnu.version_d
 *(.gnu.version_d)

.gnu.version_r
 *(.gnu.version_r)

.rel.init
 *(.rel.init)

.rela.init
 *(.rela.init)

.rel.text
 *(.rel.text)
 *(.rel.text.*)
 *(.rel.gnu.linkonce.t*)

.rela.text
 *(.rela.text)
 *(.rela.text.*)
 *(.rela.gnu.linkonce.t*)

.rel.fini
 *(.rel.fini)

.rela.fini
 *(.rela.fini)

.rel.rodata
 *(.rel.rodata)
 *(.rel.rodata.*)
 *(.rel.gnu.linkonce.r*)

.rela.rodata
 *(.rela.rodata)
 *(.rela.rodata.*)
 *(.rela.gnu.linkonce.r*)

.rel.data
 *(.rel.data)
 *(.rel.data.*)
 *(.rel.gnu.linkonce.d*)

.rela.data
 *(.rela.data)
 *(.rela.data.*)
 *(.rela.gnu.linkonce.d*)

.rel.ctors
 *(.rel.ctors)

.rela.ctors
 *(.rela.ctors)

.rel.dtors
 *(.rel.dtors)

.rela.dtors
 *(.rela.dtors)

.rel.got
 *(.rel.got)

.rela.got
 *(.rela.got)

.rel.bss
 *(.rel.bss)

.rela.bss
 *(.rela.bss)

.rel.plt
 *(.rel.plt)

.rela.plt
 *(.rela.plt)

.text           0x00000000     0x5c9a
 *(.vectors)
 .vectors       0x00000000       0x68 c:/tools/avr-gcc_7.3.0/bin/../lib/gcc/avr/7.3.0/../../../../avr/lib/avr5/crtatmega328.o
                0x00000000                __vector_default
                0x00000000                __vectors
 *(.vectors)
 *(.progmem.gcc*)
 .progmem.gcc_fplib
                0x00000068       0x5a c:/tools/avr-gcc_7.3.0/bin/../lib/gcc/avr/7.3.0/../../../../avr/lib/avr5\libm.a(log.o)
                0x000000c2                . = ALIGN (0x2)
                0x000000c2                __trampolines_start = .
 *(.trampolines)
 .trampolines   0x000000c2        0x0 linker stubs
 *(.trampolines*)
                0x000000c2                __trampolines_end = .
 *libprintf_flt.a:*(.progmem.data)
 *libc.a:*(.progmem.data)
 *(.progmem*)
 .progmem.data.ops
                0x000000c2       0x21 obj-m328/src/drive.o
 .progmem.data.dcmds
                0x000000e3       0x87 obj-m328/src/drive.o
 .progmem.data.fat32string
                0x0000016a        0x6 obj-m328/src/ff.o
 .progmem.data.LFN_pos
                0x00000170        0xd obj-m328/src/ff.o
 .progmem.data._version
                0x0000017d       0x11 obj-m328/src/hexops.o
                0x0000017d                _version
 .progmem.data.cmds
                0x0000018e       0x2d obj-m328/src/hexops.o
 .progmem.data.ops
                0x000001bb        0x9 obj-m328/src/main.o
                0x000001c4                . = ALIGN (0x2)
 *(.jumptables)
 *(.jumptables*)
 *(.lowtext)
 *(.lowtext*)
                0x000001c4                __ctors_start = .
 *(.ctors)
                0x000001c4                __ctors_end = .
                0x000001c4                __dtors_start = .
 *(.dtors)
                0x000001c4                __dtors_end = .
 SORT(*)(.ctors)
 SORT(*)(.dtors)
 *(.init0)
 .init0         0x000001c4        0x0 c:/tools/avr-gcc_7.3.0/bin/../lib/gcc/avr/7.3.0/../../../../avr/lib/avr5/crtatmega328.o
                0x000001c4                __init
 *(.init0)
 *(.init1)
 *(.init1)
 *(.init2)
 .init2         0x000001c4        0xc c:/tools/avr-gcc_7.3.0/bin/../lib/gcc/avr/7.3.0/../../../../avr/lib/avr5/crtatmega328.o
 *(.init2)
 *(.init3)
 *(.init3)
 *(.init4)
 .init4         0x000001d0       0x16 c:/tools/avr-gcc_7.3.0/bin/../lib/gcc/avr/7.3.0/avr5\libgcc.a(_copy_data.o)
                0x000001d0                __do_copy_data
 .init4         0x000001e6       0x10 c:/tools/avr-gcc_7.3.0/bin/../lib/gcc/avr/7.3.0/avr5\libgcc.a(_clear_bss.o)
                0x000001e6                __do_clear_bss
 *(.init4)
 *(.init5)
 *(.init5)
 *(.init6)
 *(.init6)
 *(.init7)
 *(.init7)
 *(.init8)
 *(.init8)
 *(.init9)
 .init9         0x000001f6        0x8 c:/tools/avr-gcc_7.3.0/bin/../lib/gcc/avr/7.3.0/../../../../avr/lib/avr5/crtatmega328.o
 *(.init9)
 *(.text)
 .text          0x000001fe        0x2 c:/tools/avr-gcc_7.3.0/bin/../lib/gcc/avr/7.3.0/../../../../avr/lib/avr5/crtatmega328.o
                0x000001fe                __vector_22
                0x000001fe                __vector_24
                0x000001fe                __vector_12
                0x000001fe                __bad_interrupt
                0x000001fe                __vector_6
                0x000001fe                __vector_23
                0x000001fe                __vector_25
                0x000001fe                __vector_11
                0x000001fe                __vector_13
                0x000001fe                __vector_17
                0x000001fe                __vector_19
                0x000001fe                __vector_7
                0x000001fe                __vector_5
                0x000001fe                __vector_4
                0x000001fe                __vector_9
                0x000001fe                __vector_2
                0x000001fe                __vector_21
                0x000001fe                __vector_15
                0x000001fe                __vector_8
                0x000001fe                __vector_10
                0x000001fe                __vector_16
                0x000001fe                __vector_18
                0x000001fe                __vector_20
 .text          0x00000200       0x1c obj-m328/src/crc7asm.o
                0x00000200                crc7update
                0x0000021c                . = ALIGN (0x2)
 *(.text.*)
 .text.wild_cmp
                0x0000021c       0x6e obj-m328/src/catalog.o
 .text.left_pad_with_blanks.constprop.3
                0x0000028a       0x4e obj-m328/src/catalog.o
 .text.format_file_size.constprop.2
                0x000002d8      0x112 obj-m328/src/catalog.o
 .text.cat_open_pgm
                0x000003ea       0x40 obj-m328/src/catalog.o
                0x000003ea                cat_open_pgm
 .text.cat_close_pgm
                0x0000042a       0x1c obj-m328/src/catalog.o
                0x0000042a                cat_close_pgm
 .text.cat_write_record_pgm
                0x00000446       0xa4 obj-m328/src/catalog.o
                0x00000446                cat_write_record_pgm
 .text.cat_write_txt
                0x000004ea       0xb2 obj-m328/src/catalog.o
                0x000004ea                cat_write_txt
 .text.cat_skip_file
                0x0000059c       0x4a obj-m328/src/catalog.o
                0x0000059c                cat_skip_file
 .text.cat_get_num_entries
                0x000005e6       0x6e obj-m328/src/catalog.o
                0x000005e6                cat_get_num_entries
 .text.hex_read_catalog
                0x00000654       0xec obj-m328/src/catalog.o
                0x00000654                hex_read_catalog
 .text.hex_read_catalog_txt
                0x00000740       0xc8 obj-m328/src/catalog.o
                0x00000740                hex_read_catalog_txt
 .text.hex_open_catalog
                0x00000808      0x17c obj-m328/src/catalog.o
                0x00000808                hex_open_catalog
 .text.find_lun
                0x00000984       0x38 obj-m328/src/drive.o
 .text.drv_verify
                0x000009bc       0xe0 obj-m328/src/drive.o
 .text.drv_status
                0x00000a9c       0x8e obj-m328/src/drive.o
 .text.next_value_size
                0x00000b2a       0xbc obj-m328/src/drive.o
 .text.drv_read
                0x00000be6      0x23c obj-m328/src/drive.o
 .text.free_lun
                0x00000e22       0x46 obj-m328/src/drive.o
 .text.reserve_lun
                0x00000e68       0x5e obj-m328/src/drive.o
 .text.drv_close
                0x00000ec6       0x6a obj-m328/src/drive.o
 .text.drv_start
                0x00000f30       0x1e obj-m328/src/drive.o
 .text.drv_delete
                0x00000f4e       0x76 obj-m328/src/drive.o
 .text.drv_restore
                0x00000fc4       0x42 obj-m328/src/drive.o
 .text.drv_delete_open
                0x00001006       0x66 obj-m328/src/drive.o
 .text.drv_exec_cmds.constprop.4
                0x0000106c      0x13c obj-m328/src/drive.o
 .text.drv_write
                0x000011a8      0x258 obj-m328/src/drive.o
 .text.drv_open
                0x00001400      0x1f2 obj-m328/src/drive.o
 .text.drv_register
                0x000015f2       0x20 obj-m328/src/drive.o
                0x000015f2                drv_register
 .text.drv_reset
                0x00001612       0x5a obj-m328/src/drive.o
                0x00001612                drv_reset
 .text.drv_reset_dev
                0x0000166c       0x10 obj-m328/src/drive.o
 .text.drv_init
                0x0000167c       0x30 obj-m328/src/drive.o
                0x0000167c                drv_init
 .text.ee_get_config
                0x000016ac       0x6a obj-m328/src/eeprom.o
                0x000016ac                ee_get_config
 .text.ee_set_config
                0x00001716       0x30 obj-m328/src/eeprom.o
                0x00001716                ee_set_config
 .text.clust2sect
                0x00001746       0x50 obj-m328/src/ff.o
 .text.get_fileinfo
                0x00001796       0xe2 obj-m328/src/ff.o
 .text.dos_char
                0x00001878       0x50 obj-m328/src/ff.o
 .text.auto_mount.isra.5
                0x000018c8       0x34 obj-m328/src/ff.o
 .text.validate
                0x000018fc       0x1a obj-m328/src/ff.o
 .text.move_window.constprop.8
                0x00001916      0x118 obj-m328/src/ff.o
 .text.move_fs_window
                0x00001a2e        0x4 obj-m328/src/ff.o
 .text.check_fs
                0x00001a32       0xa4 obj-m328/src/ff.o
 .text.get_cluster
                0x00001ad6      0x142 obj-m328/src/ff.o
 .text.next_dir_entry
                0x00001c18       0xc2 obj-m328/src/ff.o
 .text.put_cluster
                0x00001cda      0x178 obj-m328/src/ff.o
 .text.create_chain
                0x00001e52      0x17e obj-m328/src/ff.o
 .text.remove_chain
                0x00001fd0       0x98 obj-m328/src/ff.o
 .text.reserve_direntry
                0x00002068      0x2ce obj-m328/src/ff.o
 .text.sync     0x00002336       0xe0 obj-m328/src/ff.o
 .text.trace_path
                0x00002416      0x416 obj-m328/src/ff.o
 .text.mount_drv
                0x0000282c      0x3ea obj-m328/src/ff.o
                0x0000282c                mount_drv
 .text.add_direntry
                0x00002c16      0x3f8 obj-m328/src/ff.o
                0x00002c16                add_direntry
 .text.f_mount  0x0000300e       0x10 obj-m328/src/ff.o
                0x0000300e                f_mount
 .text.f_open   0x0000301e      0x26a obj-m328/src/ff.o
                0x0000301e                f_open
 .text.f_read   0x00003288      0x20a obj-m328/src/ff.o
                0x00003288                f_read
 .text.f_write  0x00003492      0x2b0 obj-m328/src/ff.o
                0x00003492                f_write
 .text.f_sync   0x00003742       0x9a obj-m328/src/ff.o
                0x00003742                f_sync
 .text.f_close  0x000037dc       0x16 obj-m328/src/ff.o
                0x000037dc                f_close
 .text.f_lseek  0x000037f2      0x2f2 obj-m328/src/ff.o
                0x000037f2                f_lseek
 .text.f_opendir
                0x00003ae4       0xa8 obj-m328/src/ff.o
                0x00003ae4                f_opendir
 .text.f_readdir
                0x00003b8c      0x158 obj-m328/src/ff.o
                0x00003b8c                f_readdir
 .text.f_unlink
                0x00003ce4      0x1aa obj-m328/src/ff.o
                0x00003ce4                f_unlink
 .text.f_mkdir  0x00003e8e      0x28e obj-m328/src/ff.o
                0x00003e8e                f_mkdir
 .text.f_chdir  0x0000411c       0x96 obj-m328/src/ff.o
                0x0000411c                f_chdir
 .text.f_rename
                0x000041b2      0x1f2 obj-m328/src/ff.o
                0x000041b2                f_rename
 .text.hex_hsk_lo
                0x000043a4        0xa obj-m328/src/hexbus.o
 .text.hex_wait_for_hsk_lo
                0x000043ae       0x10 obj-m328/src/hexbus.o
 .text.hex_is_bav
                0x000043be        0x6 obj-m328/src/hexbus.o
                0x000043be                hex_is_bav
 .text.hex_release_data
                0x000043c4       0x16 obj-m328/src/hexbus.o
                0x000043c4                hex_release_data
 .text.hex_release_bus
                0x000043da        0xe obj-m328/src/hexbus.o
                0x000043da                hex_release_bus
 .text.hex_finish
                0x000043e8       0x12 obj-m328/src/hexbus.o
                0x000043e8                hex_finish
 .text.hex_capture_hsk
                0x000043fa        0xc obj-m328/src/hexbus.o
                0x000043fa                hex_capture_hsk
 .text.hex_recv_byte
                0x00004406       0x44 obj-m328/src/hexbus.o
                0x00004406                hex_recv_byte
 .text.hex_send_byte
                0x0000444a       0x68 obj-m328/src/hexbus.o
                0x0000444a                hex_send_byte
 .text.hex_send_word
                0x000044b2       0x12 obj-m328/src/hexbus.o
                0x000044b2                hex_send_word
 .text.hex_send_size_response
                0x000044c4       0x2e obj-m328/src/hexbus.o
                0x000044c4                hex_send_size_response
 .text.hex_send_final_response
                0x000044f2       0x18 obj-m328/src/hexbus.o
                0x000044f2                hex_send_final_response
 .text.hex_init
                0x0000450a       0x16 obj-m328/src/hexbus.o
                0x0000450a                hex_init
 .text.parse_number
                0x00004520       0xdc obj-m328/src/hexops.o
                0x00004520                parse_number
 .text.hex_get_data
                0x000045fc       0x34 obj-m328/src/hexops.o
                0x000045fc                hex_get_data
 .text.hex_eat_it
                0x00004630       0x3c obj-m328/src/hexops.o
                0x00004630                hex_eat_it
 .text.hex_unsupported
                0x0000466c        0xc obj-m328/src/hexops.o
                0x0000466c                hex_unsupported
 .text.hex_null
                0x00004678        0xa obj-m328/src/hexops.o
                0x00004678                hex_null
 .text.hex_open_helper
                0x00004682       0x64 obj-m328/src/hexops.o
                0x00004682                hex_open_helper
 .text.trim     0x000046e6       0x60 obj-m328/src/hexops.o
                0x000046e6                trim
 .text.parse_cmd
                0x00004746       0xa8 obj-m328/src/hexops.o
                0x00004746                parse_cmd
 .text.parse_equate
                0x000047ee       0x7a obj-m328/src/hexops.o
                0x000047ee                parse_equate
 .text.split_cmd
                0x00004868       0x5c obj-m328/src/hexops.o
                0x00004868                split_cmd
 .text.hex_finish_open
                0x000048c4       0x12 obj-m328/src/hexops.o
                0x000048c4                hex_finish_open
 .text.hex_exec_cmd
                0x000048d6       0xe0 obj-m328/src/hexops.o
                0x000048d6                hex_exec_cmd
 .text.hex_write_cmd_helper
                0x000049b6       0x18 obj-m328/src/hexops.o
                0x000049b6                hex_write_cmd_helper
 .text.hex_close_cmd
                0x000049ce        0x6 obj-m328/src/hexops.o
                0x000049ce                hex_close_cmd
 .text.hex_read_status
                0x000049d4       0x44 obj-m328/src/hexops.o
                0x000049d4                hex_read_status
 .text.set_busy_led
                0x00004a18       0x18 obj-m328/src/led.o
                0x00004a18                set_busy_led
 .text.get_led_state
                0x00004a30        0x6 obj-m328/src/led.o
                0x00004a30                get_led_state
 .text.hex_reset_bus
                0x00004a36       0x16 obj-m328/src/main.o
 .text.setup    0x00004a4c       0x26 obj-m328/src/main.o
                0x00004a4c                setup
 .text.startup.main
                0x00004a72      0x12e obj-m328/src/main.o
                0x00004a72                main
 .text.__vector_1
                0x00004ba0       0x38 obj-m328/src/powermgmt.o
                0x00004ba0                __vector_1
 .text.sleep_the_system
                0x00004bd8       0x36 obj-m328/src/powermgmt.o
                0x00004bd8                sleep_the_system
 .text.reg_add  0x00004c0e       0x48 obj-m328/src/registry.o
                0x00004c0e                reg_add
 .text._crc_xmodem_update
                0x00004c56       0x34 obj-m328/src/sdcard.o
 .text.getticks
                0x00004c8a       0x10 obj-m328/src/sdcard.o
 .text.deselect_card
                0x00004c9a        0xa obj-m328/src/sdcard.o
 .text.send_command.constprop.7
                0x00004ca4       0x86 obj-m328/src/sdcard.o
 .text.__vector_3
                0x00004d2a       0x26 obj-m328/src/sdcard.o
                0x00004d2a                __vector_3
 .text.sd_init  0x00004d50       0x1e obj-m328/src/sdcard.o
                0x00004d50                sd_init
                0x00004d50                disk_init
 .text.sd_status
                0x00004d6e       0x14 obj-m328/src/sdcard.o
                0x00004d6e                sd_status
                0x00004d6e                disk_status
 .text.sd_initialize
                0x00004d82      0x19a obj-m328/src/sdcard.o
                0x00004d82                sd_initialize
                0x00004d82                disk_initialize
 .text.sd_read  0x00004f1c      0x132 obj-m328/src/sdcard.o
                0x00004f1c                disk_read
                0x00004f1c                sd_read
 .text.sd_write
                0x0000504e      0x112 obj-m328/src/sdcard.o
                0x0000504e                disk_write
                0x0000504e                sd_write
 .text.spi_set_speed
                0x00005160       0x14 obj-m328/src/spi.o
                0x00005160                spi_set_speed
 .text.spi_init
                0x00005174       0x28 obj-m328/src/spi.o
                0x00005174                spi_init
 .text.spi_tx_byte
                0x0000519c        0xc obj-m328/src/spi.o
                0x0000519c                spi_tx_byte
 .text.spi_rx_byte
                0x000051a8        0xe obj-m328/src/spi.o
                0x000051a8                spi_rx_byte
 .text.spi_exchange_block
                0x000051b6       0x30 obj-m328/src/spi.o
                0x000051b6                spi_exchange_block
 .text.__vector_14
                0x000051e6       0x86 obj-m328/src/timer.o
                0x000051e6                __vector_14
 .text.timer_init
                0x0000526c       0x1a obj-m328/src/timer.o
                0x0000526c                timer_init
 .text.libgcc.mul
                0x00005286       0x1e c:/tools/avr-gcc_7.3.0/bin/../lib/gcc/avr/7.3.0/avr5\libgcc.a(_mulsi3.o)
                0x00005286                __mulsi3
 .text.libgcc.div
                0x000052a4       0x28 c:/tools/avr-gcc_7.3.0/bin/../lib/gcc/avr/7.3.0/avr5\libgcc.a(_udivmodhi4.o)
                0x000052a4                __udivmodhi4
 .text.libgcc.div
                0x000052cc       0x44 c:/tools/avr-gcc_7.3.0/bin/../lib/gcc/avr/7.3.0/avr5\libgcc.a(_udivmodsi4.o)
                0x000052cc                __udivmodsi4
 .text.libgcc.mul
                0x00005310       0x14 c:/tools/avr-gcc_7.3.0/bin/../lib/gcc/avr/7.3.0/avr5\libgcc.a(_muluhisi3.o)
                0x00005310                __muluhisi3
 .text.libgcc.prologue
                0x00005324       0x38 c:/tools/avr-gcc_7.3.0/bin/../lib/gcc/avr/7.3.0/avr5\libgcc.a(_prologue.o)
                0x00005324                __prologue_saves__
 .text.libgcc.prologue
                0x0000535c       0x36 c:/tools/avr-gcc_7.3.0/bin/../lib/gcc/avr/7.3.0/avr5\libgcc.a(_epilogue.o)
                0x0000535c                __epilogue_restores__
 .text.libgcc.mul
                0x00005392       0x1e c:/tools/avr-gcc_7.3.0/bin/../lib/gcc/avr/7.3.0/avr5\libgcc.a(_umulhisi3.o)
                0x00005392                __umulhisi3
 .text.avr-libc.fplib
                0x000053b0        0x4 c:/tools/avr-gcc_7.3.0/bin/../lib/gcc/avr/7.3.0/../../../../avr/lib/avr5\libm.a(divsf3.o)
                0x000053b0                __divsf3
 .text.avr-libc.fplib
                0x000053b4       0xcc c:/tools/avr-gcc_7.3.0/bin/../lib/gcc/avr/7.3.0/../../../../avr/lib/avr5\libm.a(divsf3x.o)
                0x000053ca                __divsf3x
                0x000053ce                __divsf3_pse
 .text.avr-libc.fplib
                0x00005480        0xa c:/tools/avr-gcc_7.3.0/bin/../lib/gcc/avr/7.3.0/../../../../avr/lib/avr5\libm.a(fixsfsi.o)
                0x00005480                __fixsfsi
 .text.avr-libc.fplib
                0x0000548a       0x58 c:/tools/avr-gcc_7.3.0/bin/../lib/gcc/avr/7.3.0/../../../../avr/lib/avr5\libm.a(fixunssfsi.o)
                0x0000548a                __fixunssfsi
 .text.avr-libc.fplib
                0x000054e2       0x7a c:/tools/avr-gcc_7.3.0/bin/../lib/gcc/avr/7.3.0/../../../../avr/lib/avr5\libm.a(floatsisf.o)
                0x000054e2                __floatunsisf
                0x000054e6                __floatsisf
 .text.avr-libc.fplib
                0x0000555c        0xc c:/tools/avr-gcc_7.3.0/bin/../lib/gcc/avr/7.3.0/../../../../avr/lib/avr5\libm.a(fp_inf.o)
                0x0000555c                __fp_inf
 .text.avr-libc.fplib
                0x00005568        0x6 c:/tools/avr-gcc_7.3.0/bin/../lib/gcc/avr/7.3.0/../../../../avr/lib/avr5\libm.a(fp_nan.o)
                0x00005568                __fp_nan
 .text.avr-libc.fplib
                0x0000556e        0xe c:/tools/avr-gcc_7.3.0/bin/../lib/gcc/avr/7.3.0/../../../../avr/lib/avr5\libm.a(fp_pscA.o)
                0x0000556e                __fp_pscA
 .text.avr-libc.fplib
                0x0000557c        0xe c:/tools/avr-gcc_7.3.0/bin/../lib/gcc/avr/7.3.0/../../../../avr/lib/avr5\libm.a(fp_pscB.o)
                0x0000557c                __fp_pscB
 .text.avr-libc.fplib
                0x0000558a       0x22 c:/tools/avr-gcc_7.3.0/bin/../lib/gcc/avr/7.3.0/../../../../avr/lib/avr5\libm.a(fp_round.o)
                0x0000558a                __fp_round
 .text.avr-libc.fplib
                0x000055ac       0x44 c:/tools/avr-gcc_7.3.0/bin/../lib/gcc/avr/7.3.0/../../../../avr/lib/avr5\libm.a(fp_split3.o)
                0x000055ac                __fp_split3
                0x000055bc                __fp_splitA
 .text.avr-libc.fplib
                0x000055f0        0xe c:/tools/avr-gcc_7.3.0/bin/../lib/gcc/avr/7.3.0/../../../../avr/lib/avr5\libm.a(fp_zero.o)
                0x000055f0                __fp_zero
                0x000055f2                __fp_szero
 .text.avr-libc.fplib
                0x000055fe        0xc c:/tools/avr-gcc_7.3.0/bin/../lib/gcc/avr/7.3.0/../../../../avr/lib/avr5\libm.a(log10.o)
                0x000055fe                log10
 .text.avr-libc.fplib
                0x0000560a       0x8a c:/tools/avr-gcc_7.3.0/bin/../lib/gcc/avr/7.3.0/../../../../avr/lib/avr5\libm.a(log.o)
                0x00005614                log
 .text.avr-libc.fplib
                0x00005694        0x4 c:/tools/avr-gcc_7.3.0/bin/../lib/gcc/avr/7.3.0/../../../../avr/lib/avr5\libm.a(mulsf3.o)
                0x00005694                __mulsf3
 .text.avr-libc.fplib
                0x00005698       0xc2 c:/tools/avr-gcc_7.3.0/bin/../lib/gcc/avr/7.3.0/../../../../avr/lib/avr5\libm.a(mulsf3x.o)
                0x000056ac                __mulsf3x
                0x000056b0                __mulsf3_pse
 .text.avr-libc.fplib
                0x0000575a        0xa c:/tools/avr-gcc_7.3.0/bin/../lib/gcc/avr/7.3.0/../../../../avr/lib/avr5\libm.a(addsf3.o)
                0x0000575a                __subsf3
                0x0000575c                __addsf3
 .text.avr-libc.fplib
                0x00005764       0xc0 c:/tools/avr-gcc_7.3.0/bin/../lib/gcc/avr/7.3.0/../../../../avr/lib/avr5\libm.a(addsf3x.o)
                0x0000577e                __addsf3x
 .text.avr-libc.fplib
                0x00005824       0x1c c:/tools/avr-gcc_7.3.0/bin/../lib/gcc/avr/7.3.0/../../../../avr/lib/avr5\libm.a(fp_mpack.o)
                0x00005824                __fp_mpack
                0x00005828                __fp_mpack_finite
 .text.avr-libc.fplib
                0x00005840       0x4a c:/tools/avr-gcc_7.3.0/bin/../lib/gcc/avr/7.3.0/../../../../avr/lib/avr5\libm.a(fp_powser.o)
                0x00005840                __fp_powser
 .text.avr-libc
                0x0000588a      0x24a c:/tools/avr-gcc_7.3.0/bin/../lib/gcc/avr/7.3.0/../../../../avr/lib/avr5\libc.a(malloc.o)
                0x0000588a                malloc
                0x000059c2                free
 .text.avr-libc
                0x00005ad4       0x1a c:/tools/avr-gcc_7.3.0/bin/../lib/gcc/avr/7.3.0/../../../../avr/lib/avr5\libc.a(memcmp_P.o)
                0x00005ad4                memcmp_P
 .text.avr-libc
                0x00005aee       0x30 c:/tools/avr-gcc_7.3.0/bin/../lib/gcc/avr/7.3.0/../../../../avr/lib/avr5\libc.a(strdup.o)
                0x00005aee                strdup
 .text.avr-libc
                0x00005b1e       0x1a c:/tools/avr-gcc_7.3.0/bin/../lib/gcc/avr/7.3.0/../../../../avr/lib/avr5\libc.a(memcmp.o)
                0x00005b1e                memcmp
 .text.avr-libc
                0x00005b38       0x12 c:/tools/avr-gcc_7.3.0/bin/../lib/gcc/avr/7.3.0/../../../../avr/lib/avr5\libc.a(memcpy.o)
                0x00005b38                memcpy
 .text.avr-libc
                0x00005b4a       0x22 c:/tools/avr-gcc_7.3.0/bin/../lib/gcc/avr/7.3.0/../../../../avr/lib/avr5\libc.a(memmove.o)
                0x00005b4a                memmove
 .text.avr-libc
                0x00005b6c        0xe c:/tools/avr-gcc_7.3.0/bin/../lib/gcc/avr/7.3.0/../../../../avr/lib/avr5\libc.a(memset.o)
                0x00005b6c                memset
 .text.avr-libc
                0x00005b7a       0x12 c:/tools/avr-gcc_7.3.0/bin/../lib/gcc/avr/7.3.0/../../../../avr/lib/avr5\libc.a(strcmp.o)
                0x00005b7a                strcmp
 .text.avr-libc
                0x00005b8c        0xe c:/tools/avr-gcc_7.3.0/bin/../lib/gcc/avr/7.3.0/../../../../avr/lib/avr5\libc.a(strcpy.o)
                0x00005b8c                strcpy
 .text.avr-libc
                0x00005b9a       0x16 c:/tools/avr-gcc_7.3.0/bin/../lib/gcc/avr/7.3.0/../../../../avr/lib/avr5\libc.a(strrchr.o)
                0x00005b9a                strrchr
 .text.avr-libc
                0x00005bb0       0x1c c:/tools/avr-gcc_7.3.0/bin/../lib/gcc/avr/7.3.0/../../../../avr/lib/avr5\libc.a(ltoa_ncheck.o)
                0x00005bb0                __ltoa_ncheck
 .text.avr-libc
                0x00005bcc       0x42 c:/tools/avr-gcc_7.3.0/bin/../lib/gcc/avr/7.3.0/../../../../avr/lib/avr5\libc.a(ultoa_ncheck.o)
                0x00005bcc                __ultoa_ncheck
                0x00005bce                __ultoa_common
 .text.avr-libc
                0x00005c0e       0x20 c:/tools/avr-gcc_7.3.0/bin/../lib/gcc/avr/7.3.0/../../../../avr/lib/avr5\libc.a(strrev.o)
                0x00005c0e                strrev
 .text.avr-libc
                0x00005c2e       0x20 c:/tools/avr-gcc_7.3.0/bin/../lib/gcc/avr/7.3.0/../../../../avr/lib/avr5\libatmega328.a(eerd_block.o)
                0x00005c2e                eeprom_read_block
                0x00005c32                eeprom_read_blraw
 .text.avr-libc
                0x00005c4e       0x10 c:/tools/avr-gcc_7.3.0/bin/../lib/gcc/avr/7.3.0/../../../../avr/lib/avr5\libatmega328.a(eerd_byte.o)
                0x00005c4e                eeprom_read_byte
 .text.avr-libc
                0x00005c5e        0xa c:/tools/avr-gcc_7.3.0/bin/../lib/gcc/avr/7.3.0/../../../../avr/lib/avr5\libatmega328.a(eerd_word.o)
                0x00005c5e                eeprom_read_word
 .text.avr-libc
                0x00005c68       0x12 c:/tools/avr-gcc_7.3.0/bin/../lib/gcc/avr/7.3.0/../../../../avr/lib/avr5\libatmega328.a(eewr_block.o)
                0x00005c68                eeprom_write_block
 .text.avr-libc
                0x00005c7a       0x1c c:/tools/avr-gcc_7.3.0/bin/../lib/gcc/avr/7.3.0/../../../../avr/lib/avr5\libatmega328.a(eewr_byte.o)
                0x00005c7a                eeprom_write_byte
                0x00005c7c                eeprom_write_r18
                0x00005c96                . = ALIGN (0x2)
 *(.fini9)
 .fini9         0x00005c96        0x0 c:/tools/avr-gcc_7.3.0/bin/../lib/gcc/avr/7.3.0/avr5\libgcc.a(_exit.o)
                0x00005c96                _exit
                0x00005c96                exit
 *(.fini9)
 *(.fini8)
 *(.fini8)
 *(.fini7)
 *(.fini7)
 *(.fini6)
 *(.fini6)
 *(.fini5)
 *(.fini5)
 *(.fini4)
 *(.fini4)
 *(.fini3)
 *(.fini3)
 *(.fini2)
 *(.fini2)
 *(.fini1)
 *(.fini1)
 *(.fini0)
 .fini0         0x00005c96        0x4 c:/tools/avr-gcc_7.3.0/bin/../lib/gcc/avr/7.3.0/avr5\libgcc.a(_exit.o)
 *(.fini0)
                0x00005c9a                _etext = .

.data           0x00800100       0x24 load address 0x00005c9a
                0x00800100                PROVIDE (__data_start, .)
 *(.data)
 .data          0x00800100        0x6 c:/tools/avr-gcc_7.3.0/bin/../lib/gcc/avr/7.3.0/../../../../avr/lib/avr5\libc.a(malloc.o)
                0x00800100                __malloc_heap_end
                0x00800102                __malloc_heap_start
                0x00800104                __malloc_margin
 *(.data*)
 .data.pgm_trailer
                0x00800106        0x7 obj-m328/src/catalog.o
                0x00800106                pgm_trailer
 .data.pgm_header
                0x0080010d        0x2 obj-m328/src/catalog.o
                0x0080010d                pgm_header
 .data._cmd_lun
                0x0080010f        0x1 obj-m328/src/drive.o
                0x0080010f                _cmd_lun
 *(.gnu.linkonce.d*)
 *(.rodata)
 *(.rodata*)
 .rodata.cat_skip_file.str1.1
                0x00800110        0x3 obj-m328/src/catalog.o
                                  0x5 (size before relaxing)
 .rodata.CSWTCH.95
                0x00800113       0x10 obj-m328/src/drive.o
 *(.gnu.linkonce.r*)
                0x00800124                . = ALIGN (0x2)
 *fill*         0x00800123        0x1 
                0x00800124                _edata = .
                0x00800124                PROVIDE (__data_end, .)

.bss            0x00800124      0x515
                0x00800124                PROVIDE (__bss_start, .)
 *(.bss)
 *(.bss*)
 .bss.fs_initialized
                0x00800124        0x1 obj-m328/src/drive.o
                0x00800124                fs_initialized
 .bss.open_files
                0x00800125        0x1 obj-m328/src/drive.o
                0x00800125                open_files
 .bss.static_buf
                0x00800126      0x207 obj-m328/src/ff.o
 .bss.led_pwr_enable
                0x0080032d        0x1 obj-m328/src/powermgmt.o
                0x0080032d                led_pwr_enable
 .bss.cardtype  0x0080032e        0x1 obj-m328/src/sdcard.o
 *(COMMON)
 COMMON         0x0080032f        0x1 obj-m328/src/diskio.o
                0x0080032f                disk_state
 COMMON         0x00800330      0x1d3 obj-m328/src/drive.o
                0x00800330                fs
                0x0080035b                files
 COMMON         0x00800503        0x6 obj-m328/src/eeprom.o
                0x00800503                _config
 COMMON         0x00800509      0x100 obj-m328/src/hexops.o
                0x00800509                buffer
 COMMON         0x00800609        0x1 obj-m328/src/led.o
                0x00800609                led_state
 COMMON         0x0080060a       0x29 obj-m328/src/main.o
                0x0080060a                registry
 COMMON         0x00800633        0x2 obj-m328/src/timer.o
                0x00800633                ticks
 COMMON         0x00800635        0x4 c:/tools/avr-gcc_7.3.0/bin/../lib/gcc/avr/7.3.0/../../../../avr/lib/avr5\libc.a(malloc.o)
                0x00800635                __brkval
                0x00800637                __flp
                0x00800639                PROVIDE (__bss_end, .)
                0x00005c9a                __data_load_start = LOADADDR (.data)
                0x00005cbe                __data_load_end = (__data_load_start + SIZEOF (.data))

.noinit         0x00800639        0x0
                [!provide]                PROVIDE (__noinit_start, .)
 *(.noinit*)
                [!provide]                PROVIDE (__noinit_end, .)
                0x00800639                _end = .
                0x00800639                PROVIDE (__heap_start, .)

.eeprom         0x00810000        0x6
 *(.eeprom*)
 .eeprom        0x00810000        0x6 obj-m328/src/eeprom.o
                0x00810006                __eeprom_end = .

.fuse
 *(.fuse)
 *(.lfuse)
 *(.hfuse)
 *(.efuse)

.lock
 *(.lock*)

.signature
 *(.signature*)

.user_signatures
 *(.user_signatures*)

.stab           0x00000000       0xcc
 *(.stab)
 .stab          0x00000000       0xcc obj-m328/src/crc7asm.o

.stabstr        0x00000000       0x3c
 *(.stabstr)
 .stabstr       0x00000000       0x3c obj-m328/src/crc7asm.o

.stab.excl
 *(.stab.excl)

.stab.exclstr
 *(.stab.exclstr)

.stab.index
 *(.stab.index)

.stab.indexstr
 *(.stab.indexstr)

.comment        0x00000000       0x11
 *(.comment)
 .comment       0x00000000       0x11 obj-m328/src/catalog.o
                                 0x12 (size before relaxing)
 .comment       0x00000011       0x12 obj-m328/src/diskio.o
 .comment       0x00000011       0x12 obj-m328/src/drive.o
 .comment       0x00000011       0x12 obj-m328/src/eeprom.o
 .comment       0x00000011       0x12 obj-m328/src/ff.o
 .comment       0x00000011       0x12 obj-m328/src/hexbus.o
 .comment       0x00000011       0x12 obj-m328/src/hexops.o
 .comment       0x00000011       0x12 obj-m328/src/led.o
 .comment       0x00000011       0x12 obj-m328/src/main.o
 .comment       0x00000011       0x12 obj-m328/src/powermgmt.o
 .comment       0x00000011       0x12 obj-m328/src/registry.o
 .comment       0x00000011       0x12 obj-m328/src/sdcard.o
 .comment       0x00000011       0x12 obj-m328/src/spi.o
 .comment       0x00000011       0x12 obj-m328/src/timer.o
 .comment       0x00000011       0x12 c:/tools/avr-gcc_7.3.0/bin/../lib/gcc/avr/7.3.0/../../../../avr/lib/avr5\libc.a(malloc.o)
 .comment       0x00000011       0x12 c:/tools/avr-gcc_7.3.0/bin/../lib/gcc/avr/7.3.0/../../../../avr/lib/avr5\libc.a(strdup.o)

.note.gnu.avr.deviceinfo
                0x00000000       0x3c
 .note.gnu.avr.deviceinfo
                0x00000000       0x3c c:/tools/avr-gcc_7.3.0/bin/../lib/gcc/avr/7.3.0/../../../../avr/lib/avr5/crtatmega328.o

.note.gnu.build-id
 *(.note.gnu.build-id)

.debug
 *(.debug)

.line
 *(.line)

.debug_srcinfo
 *(.debug_srcinfo)

.debug_sfnames
 *(.debug_sfnames)

.debug_aranges  0x00000000      0x6a8
 *(.debug_aranges)
 .debug_aranges
                0x00000000       0x88 obj-m328/src/catalog.o
 .debug_aranges
                0x00000088       0x18 obj-m328/src/diskio.o
 .debug_aranges
                0x000000a0       0xb0 obj-m328/src/drive.o
 .debug_aranges
                0x00000150       0x28 obj-m328/src/eeprom.o
 .debug_aranges
                0x00000178      0x140 obj-m328/src/ff.o
 .debug_aranges
                0x000002b8       0x88 obj-m328/src/hexbus.o
 .debug_aranges
                0x00000340       0xa0 obj-m328/src/hexops.o
 .debug_aranges
                0x000003e0       0x30 obj-m328/src/led.o
 .debug_aranges
                0x00000410       0x30 obj-m328/src/main.o
 .debug_aranges
                0x00000440       0x28 obj-m328/src/powermgmt.o
 .debug_aranges
                0x00000468       0x20 obj-m328/src/registry.o
 .debug_aranges
                0x00000488       0x78 obj-m328/src/sdcard.o
 .debug_aranges
                0x00000500       0x40 obj-m328/src/spi.o
 .debug_aranges
                0x00000540       0x28 obj-m328/src/timer.o
 .debug_aranges
                0x00000568       0x20 c:/tools/avr-gcc_7.3.0/bin/../lib/gcc/avr/7.3.0/avr5\libgcc.a(_mulsi3.o)
 .debug_aranges
                0x00000588       0x20 c:/tools/avr-gcc_7.3.0/bin/../lib/gcc/avr/7.3.0/avr5\libgcc.a(_udivmodhi4.o)
 .debug_aranges
                0x000005a8       0x20 c:/tools/avr-gcc_7.3.0/bin/../lib/gcc/avr/7.3.0/avr5\libgcc.a(_udivmodsi4.o)
 .debug_aranges
                0x000005c8       0x20 c:/tools/avr-gcc_7.3.0/bin/../lib/gcc/avr/7.3.0/avr5\libgcc.a(_exit.o)
 .debug_aranges
                0x000005e8       0x20 c:/tools/avr-gcc_7.3.0/bin/../lib/gcc/avr/7.3.0/avr5\libgcc.a(_copy_data.o)
 .debug_aranges
                0x00000608       0x20 c:/tools/avr-gcc_7.3.0/bin/../lib/gcc/avr/7.3.0/avr5\libgcc.a(_clear_bss.o)
 .debug_aranges
                0x00000628       0x20 c:/tools/avr-gcc_7.3.0/bin/../lib/gcc/avr/7.3.0/avr5\libgcc.a(_muluhisi3.o)
 .debug_aranges
                0x00000648       0x20 c:/tools/avr-gcc_7.3.0/bin/../lib/gcc/avr/7.3.0/avr5\libgcc.a(_prologue.o)
 .debug_aranges
                0x00000668       0x20 c:/tools/avr-gcc_7.3.0/bin/../lib/gcc/avr/7.3.0/avr5\libgcc.a(_epilogue.o)
 .debug_aranges
                0x00000688       0x20 c:/tools/avr-gcc_7.3.0/bin/../lib/gcc/avr/7.3.0/avr5\libgcc.a(_umulhisi3.o)

.debug_pubnames
 *(.debug_pubnames)

.debug_info     0x00000000     0xbc2f
 *(.debug_info .gnu.linkonce.wi.*)
 .debug_info    0x00000000      0x5f4 c:/tools/avr-gcc_7.3.0/bin/../lib/gcc/avr/7.3.0/../../../../avr/lib/avr5/crtatmega328.o
 .debug_info    0x000005f4     0x19f0 obj-m328/src/catalog.o
 .debug_info    0x00001fe4       0x9f obj-m328/src/diskio.o
 .debug_info    0x00002083     0x1e50 obj-m328/src/drive.o
 .debug_info    0x00003ed3      0x525 obj-m328/src/eeprom.o
 .debug_info    0x000043f8     0x354f obj-m328/src/ff.o
 .debug_info    0x00007947      0x72c obj-m328/src/hexbus.o
 .debug_info    0x00008073     0x1030 obj-m328/src/hexops.o
 .debug_info    0x000090a3       0xee obj-m328/src/led.o
 .debug_info    0x00009191      0x8b2 obj-m328/src/main.o
 .debug_info    0x00009a43      0x155 obj-m328/src/powermgmt.o
 .debug_info    0x00009b98      0x344 obj-m328/src/registry.o
 .debug_info    0x00009edc     0x1223 obj-m328/src/sdcard.o
 .debug_info    0x0000b0ff      0x269 obj-m328/src/spi.o
 .debug_info    0x0000b368      0x179 obj-m328/src/timer.o
 .debug_info    0x0000b4e1       0xbb c:/tools/avr-gcc_7.3.0/bin/../lib/gcc/avr/7.3.0/avr5\libgcc.a(_mulsi3.o)
 .debug_info    0x0000b59c       0xbb c:/tools/avr-gcc_7.3.0/bin/../lib/gcc/avr/7.3.0/avr5\libgcc.a(_udivmodhi4.o)
 .debug_info    0x0000b657       0xbb c:/tools/avr-gcc_7.3.0/bin/../lib/gcc/avr/7.3.0/avr5\libgcc.a(_udivmodsi4.o)
 .debug_info    0x0000b712       0xbb c:/tools/avr-gcc_7.3.0/bin/../lib/gcc/avr/7.3.0/avr5\libgcc.a(_exit.o)
 .debug_info    0x0000b7cd       0xbb c:/tools/avr-gcc_7.3.0/bin/../lib/gcc/avr/7.3.0/avr5\libgcc.a(_copy_data.o)
 .debug_info    0x0000b888       0xbb c:/tools/avr-gcc_7.3.0/bin/../lib/gcc/avr/7.3.0/avr5\libgcc.a(_clear_bss.o)
 .debug_info    0x0000b943       0xbb c:/tools/avr-gcc_7.3.0/bin/../lib/gcc/avr/7.3.0/avr5\libgcc.a(_muluhisi3.o)
 .debug_info    0x0000b9fe       0xbb c:/tools/avr-gcc_7.3.0/bin/../lib/gcc/avr/7.3.0/avr5\libgcc.a(_prologue.o)
 .debug_info    0x0000bab9       0xbb c:/tools/avr-gcc_7.3.0/bin/../lib/gcc/avr/7.3.0/avr5\libgcc.a(_epilogue.o)
 .debug_info    0x0000bb74       0xbb c:/tools/avr-gcc_7.3.0/bin/../lib/gcc/avr/7.3.0/avr5\libgcc.a(_umulhisi3.o)

.debug_abbrev   0x00000000     0x27e2
 *(.debug_abbrev)
 .debug_abbrev  0x00000000      0x5a2 c:/tools/avr-gcc_7.3.0/bin/../lib/gcc/avr/7.3.0/../../../../avr/lib/avr5/crtatmega328.o
 .debug_abbrev  0x000005a2      0x48c obj-m328/src/catalog.o
 .debug_abbrev  0x00000a2e       0x67 obj-m328/src/diskio.o
 .debug_abbrev  0x00000a95      0x433 obj-m328/src/drive.o
 .debug_abbrev  0x00000ec8      0x191 obj-m328/src/eeprom.o
 .debug_abbrev  0x00001059      0x477 obj-m328/src/ff.o
 .debug_abbrev  0x000014d0      0x2f5 obj-m328/src/hexbus.o
 .debug_abbrev  0x000017c5      0x360 obj-m328/src/hexops.o
 .debug_abbrev  0x00001b25       0xac obj-m328/src/led.o
 .debug_abbrev  0x00001bd1      0x2c6 obj-m328/src/main.o
 .debug_abbrev  0x00001e97       0xf4 obj-m328/src/powermgmt.o
 .debug_abbrev  0x00001f8b      0x10c obj-m328/src/registry.o
 .debug_abbrev  0x00002097      0x425 obj-m328/src/sdcard.o
 .debug_abbrev  0x000024bc      0x14a obj-m328/src/spi.o
 .debug_abbrev  0x00002606      0x114 obj-m328/src/timer.o
 .debug_abbrev  0x0000271a       0x14 c:/tools/avr-gcc_7.3.0/bin/../lib/gcc/avr/7.3.0/avr5\libgcc.a(_mulsi3.o)
 .debug_abbrev  0x0000272e       0x14 c:/tools/avr-gcc_7.3.0/bin/../lib/gcc/avr/7.3.0/avr5\libgcc.a(_udivmodhi4.o)
 .debug_abbrev  0x00002742       0x14 c:/tools/avr-gcc_7.3.0/bin/../lib/gcc/avr/7.3.0/avr5\libgcc.a(_udivmodsi4.o)
 .debug_abbrev  0x00002756       0x14 c:/tools/avr-gcc_7.3.0/bin/../lib/gcc/avr/7.3.0/avr5\libgcc.a(_exit.o)
 .debug_abbrev  0x0000276a       0x14 c:/tools/avr-gcc_7.3.0/bin/../lib/gcc/avr/7.3.0/avr5\libgcc.a(_copy_data.o)
 .debug_abbrev  0x0000277e       0x14 c:/tools/avr-gcc_7.3.0/bin/../lib/gcc/avr/7.3.0/avr5\libgcc.a(_clear_bss.o)
 .debug_abbrev  0x00002792       0x14 c:/tools/avr-gcc_7.3.0/bin/../lib/gcc/avr/7.3.0/avr5\libgcc.a(_muluhisi3.o)
 .debug_abbrev  0x000027a6       0x14 c:/tools/avr-gcc_7.3.0/bin/../lib/gcc/avr/7.3.0/avr5\libgcc.a(_prologue.o)
 .debug_abbrev  0x000027ba       0x14 c:/tools/avr-gcc_7.3.0/bin/../lib/gcc/avr/7.3.0/avr5\libgcc.a(_epilogue.o)
 .debug_abbrev  0x000027ce       0x14 c:/tools/avr-gcc_7.3.0/bin/../lib/gcc/avr/7.3.0/avr5\libgcc.a(_umulhisi3.o)

.debug_line     0x00000000     0x5327
 *(.debug_line .debug_line.* .debug_line_end)
 .debug_line    0x00000000       0x1a c:/tools/avr-gcc_7.3.0/bin/../lib/gcc/avr/7.3.0/../../../../avr/lib/avr5/crtatmega328.o
 .debug_line    0x0000001a      0x755 obj-m328/src/catalog.o
 .debug_line    0x0000076f       0x38 obj-m328/src/diskio.o
 .debug_line    0x000007a7      0xc3d obj-m328/src/drive.o
 .debug_line    0x000013e4      0x178 obj-m328/src/eeprom.o
 .debug_line    0x0000155c     0x1cb6 obj-m328/src/ff.o
 .debug_line    0x00003212      0x3ca obj-m328/src/hexbus.o
 .debug_line    0x000035dc      0x603 obj-m328/src/hexops.o
 .debug_line    0x00003bdf       0xce obj-m328/src/led.o
 .debug_line    0x00003cad      0x2db obj-m328/src/main.o
 .debug_line    0x00003f88      0x149 obj-m328/src/powermgmt.o
 .debug_line    0x000040d1       0xe5 obj-m328/src/registry.o
 .debug_line    0x000041b6      0x771 obj-m328/src/sdcard.o
 .debug_line    0x00004927      0x197 obj-m328/src/spi.o
 .debug_line    0x00004abe      0x111 obj-m328/src/timer.o
 .debug_line    0x00004bcf       0xb0 c:/tools/avr-gcc_7.3.0/bin/../lib/gcc/avr/7.3.0/avr5\libgcc.a(_mulsi3.o)
 .debug_line    0x00004c7f       0xce c:/tools/avr-gcc_7.3.0/bin/../lib/gcc/avr/7.3.0/avr5\libgcc.a(_udivmodhi4.o)
 .debug_line    0x00004d4d      0x122 c:/tools/avr-gcc_7.3.0/bin/../lib/gcc/avr/7.3.0/avr5\libgcc.a(_udivmodsi4.o)
 .debug_line    0x00004e6f       0x62 c:/tools/avr-gcc_7.3.0/bin/../lib/gcc/avr/7.3.0/avr5\libgcc.a(_exit.o)
 .debug_line    0x00004ed1       0x98 c:/tools/avr-gcc_7.3.0/bin/../lib/gcc/avr/7.3.0/avr5\libgcc.a(_copy_data.o)
 .debug_line    0x00004f69       0x86 c:/tools/avr-gcc_7.3.0/bin/../lib/gcc/avr/7.3.0/avr5\libgcc.a(_clear_bss.o)
 .debug_line    0x00004fef       0x92 c:/tools/avr-gcc_7.3.0/bin/../lib/gcc/avr/7.3.0/avr5\libgcc.a(_muluhisi3.o)
 .debug_line    0x00005081       0xfe c:/tools/avr-gcc_7.3.0/bin/../lib/gcc/avr/7.3.0/avr5\libgcc.a(_prologue.o)
 .debug_line    0x0000517f       0xf8 c:/tools/avr-gcc_7.3.0/bin/../lib/gcc/avr/7.3.0/avr5\libgcc.a(_epilogue.o)
 .debug_line    0x00005277       0xb0 c:/tools/avr-gcc_7.3.0/bin/../lib/gcc/avr/7.3.0/avr5\libgcc.a(_umulhisi3.o)

.debug_frame    0x00000000     0x12b0
 *(.debug_frame)
 .debug_frame   0x00000000      0x248 obj-m328/src/catalog.o
 .debug_frame   0x00000248      0x270 obj-m328/src/drive.o
 .debug_frame   0x000004b8       0x50 obj-m328/src/eeprom.o
 .debug_frame   0x00000508      0x6a4 obj-m328/src/ff.o
 .debug_frame   0x00000bac      0x134 obj-m328/src/hexbus.o
 .debug_frame   0x00000ce0      0x244 obj-m328/src/hexops.o
 .debug_frame   0x00000f24       0x44 obj-m328/src/led.o
 .debug_frame   0x00000f68       0x4c obj-m328/src/main.o
 .debug_frame   0x00000fb4       0x50 obj-m328/src/powermgmt.o
 .debug_frame   0x00001004       0x24 obj-m328/src/registry.o
 .debug_frame   0x00001028      0x1a8 obj-m328/src/sdcard.o
 .debug_frame   0x000011d0       0x64 obj-m328/src/spi.o
 .debug_frame   0x00001234       0x7c obj-m328/src/timer.o

.debug_str      0x00000000     0x1d2c
 *(.debug_str)
 .debug_str     0x00000000      0x208 c:/tools/avr-gcc_7.3.0/bin/../lib/gcc/avr/7.3.0/../../../../avr/lib/avr5/crtatmega328.o
 .debug_str     0x00000208      0xcc5 obj-m328/src/catalog.o
                                0xdc3 (size before relaxing)
 .debug_str     0x00000ecd        0xd obj-m328/src/diskio.o
                                0x1b1 (size before relaxing)
 .debug_str     0x00000eda      0x3cb obj-m328/src/drive.o
                                0xf77 (size before relaxing)
 .debug_str     0x000012a5       0x96 obj-m328/src/eeprom.o
                                0x569 (size before relaxing)
 .debug_str     0x0000133b      0x37a obj-m328/src/ff.o
                                0x85d (size before relaxing)
 .debug_str     0x000016b5      0x128 obj-m328/src/hexbus.o
                                0x633 (size before relaxing)
 .debug_str     0x000017dd       0xb3 obj-m328/src/hexops.o
                                0xa4b (size before relaxing)
 .debug_str     0x00001890       0x26 obj-m328/src/led.o
                                0x1ac (size before relaxing)
 .debug_str     0x000018b6       0xb7 obj-m328/src/main.o
                                0x6c6 (size before relaxing)
 .debug_str     0x0000196d       0x6f obj-m328/src/powermgmt.o
                                0x202 (size before relaxing)
 .debug_str     0x000019dc        0xf obj-m328/src/registry.o
                                0x498 (size before relaxing)
 .debug_str     0x000019eb      0x2c4 obj-m328/src/sdcard.o
                                0x530 (size before relaxing)
 .debug_str     0x00001caf       0x45 obj-m328/src/spi.o
                                0x22f (size before relaxing)
 .debug_str     0x00001cf4       0x38 obj-m328/src/timer.o
                                0x1e5 (size before relaxing)

.debug_loc      0x00000000     0x90a8
 *(.debug_loc)
 .debug_loc     0x00000000     0x1000 obj-m328/src/catalog.o
 .debug_loc     0x00001000     0x1331 obj-m328/src/drive.o
 .debug_loc     0x00002331      0x145 obj-m328/src/eeprom.o
 .debug_loc     0x00002476     0x4350 obj-m328/src/ff.o
 .debug_loc     0x000067c6      0x477 obj-m328/src/hexbus.o
 .debug_loc     0x00006c3d     0x1036 obj-m328/src/hexops.o
 .debug_loc     0x00007c73       0x74 obj-m328/src/led.o
 .debug_loc     0x00007ce7      0x28a obj-m328/src/main.o
 .debug_loc     0x00007f71       0x56 obj-m328/src/powermgmt.o
 .debug_loc     0x00007fc7       0x2a obj-m328/src/registry.o
 .debug_loc     0x00007ff1      0xe75 obj-m328/src/sdcard.o
 .debug_loc     0x00008e66      0x13f obj-m328/src/spi.o
 .debug_loc     0x00008fa5      0x103 obj-m328/src/timer.o

.debug_macinfo
 *(.debug_macinfo)

.debug_weaknames
 *(.debug_weaknames)

.debug_funcnames
 *(.debug_funcnames)

.debug_typenames
 *(.debug_typenames)

.debug_varnames
 *(.debug_varnames)

.debug_pubtypes
 *(.debug_pubtypes)

.debug_ranges   0x00000000      0x790
 *(.debug_ranges)
 .debug_ranges  0x00000000       0xd8 obj-m328/src/catalog.o
 .debug_ranges  0x000000d8      0x118 obj-m328/src/drive.o
 .debug_ranges  0x000001f0       0x18 obj-m328/src/eeprom.o
 .debug_ranges  0x00000208      0x248 obj-m328/src/ff.o
 .debug_ranges  0x00000450       0x78 obj-m328/src/hexbus.o
 .debug_ranges  0x000004c8       0xa8 obj-m328/src/hexops.o
 .debug_ranges  0x00000570       0x20 obj-m328/src/led.o
 .debug_ranges  0x00000590       0x78 obj-m328/src/main.o
 .debug_ranges  0x00000608       0x18 obj-m328/src/powermgmt.o
 .debug_ranges  0x00000620       0x10 obj-m328/src/registry.o
 .debug_ranges  0x00000630       0xe8 obj-m328/src/sdcard.o
 .debug_ranges  0x00000718       0x60 obj-m328/src/spi.o
 .debug_ranges  0x00000778       0x18 obj-m328/src/timer.o

.debug_macro
 *(.debug_macro)
OUTPUT(obj-m328/HEXTIr.elf elf32-avr)
LOAD linker stubs

Cross Reference Table

Symbol                                            File
__FUSE_REGION_LENGTH__                            c:/tools/avr-gcc_7.3.0/bin/../lib/gcc/avr/7.3.0/../../../../avr/lib/avr5/crtatmega328.o
__addsf3                                          c:/tools/avr-gcc_7.3.0/bin/../lib/gcc/avr/7.3.0/../../../../avr/lib/avr5\libm.a(addsf3.o)
                                                  c:/tools/avr-gcc_7.3.0/bin/../lib/gcc/avr/7.3.0/../../../../avr/lib/avr5\libm.a(log.o)
__addsf3x                                         c:/tools/avr-gcc_7.3.0/bin/../lib/gcc/avr/7.3.0/../../../../avr/lib/avr5\libm.a(addsf3x.o)
                                                  c:/tools/avr-gcc_7.3.0/bin/../lib/gcc/avr/7.3.0/../../../../avr/lib/avr5\libm.a(fp_powser.o)
                                                  c:/tools/avr-gcc_7.3.0/bin/../lib/gcc/avr/7.3.0/../../../../avr/lib/avr5\libm.a(addsf3.o)
                                                  c:/tools/avr-gcc_7.3.0/bin/../lib/gcc/avr/7.3.0/../../../../avr/lib/avr5\libm.a(log.o)
__bad_interrupt                                   c:/tools/avr-gcc_7.3.0/bin/../lib/gcc/avr/7.3.0/../../../../avr/lib/avr5/crtatmega328.o
__brkval                                          c:/tools/avr-gcc_7.3.0/bin/../lib/gcc/avr/7.3.0/../../../../avr/lib/avr5\libc.a(malloc.o)
__bss_end                                         c:/tools/avr-gcc_7.3.0/bin/../lib/gcc/avr/7.3.0/avr5\libgcc.a(_clear_bss.o)
__bss_start                                       c:/tools/avr-gcc_7.3.0/bin/../lib/gcc/avr/7.3.0/avr5\libgcc.a(_clear_bss.o)
__data_end                                        c:/tools/avr-gcc_7.3.0/bin/../lib/gcc/avr/7.3.0/avr5\libgcc.a(_copy_data.o)
__data_load_start                                 c:/tools/avr-gcc_7.3.0/bin/../lib/gcc/avr/7.3.0/avr5\libgcc.a(_copy_data.o)
__data_start                                      c:/tools/avr-gcc_7.3.0/bin/../lib/gcc/avr/7.3.0/avr5\libgcc.a(_copy_data.o)
__divsf3                                          c:/tools/avr-gcc_7.3.0/bin/../lib/gcc/avr/7.3.0/../../../../avr/lib/avr5\libm.a(divsf3.o)
                                                  obj-m328/src/catalog.o
__divsf3_pse                                      c:/tools/avr-gcc_7.3.0/bin/../lib/gcc/avr/7.3.0/../../../../avr/lib/avr5\libm.a(divsf3x.o)
__divsf3x                                         c:/tools/avr-gcc_7.3.0/bin/../lib/gcc/avr/7.3.0/../../../../avr/lib/avr5\libm.a(divsf3x.o)
                                                  c:/tools/avr-gcc_7.3.0/bin/../lib/gcc/avr/7.3.0/../../../../avr/lib/avr5\libm.a(divsf3.o)
__do_clear_bss                                    c:/tools/avr-gcc_7.3.0/bin/../lib/gcc/avr/7.3.0/avr5\libgcc.a(_clear_bss.o)
                                                  c:/tools/avr-gcc_7.3.0/bin/../lib/gcc/avr/7.3.0/../../../../avr/lib/avr5\libc.a(malloc.o)
                                                  obj-m328/src/timer.o
                                                  obj-m328/src/sdcard.o
                                                  obj-m328/src/powermgmt.o
                                                  obj-m328/src/main.o
                                                  obj-m328/src/led.o
                                                  obj-m328/src/hexops.o
                                                  obj-m328/src/ff.o
                                                  obj-m328/src/eeprom.o
                                                  obj-m328/src/drive.o
                                                  obj-m328/src/diskio.o
__do_copy_data                                    c:/tools/avr-gcc_7.3.0/bin/../lib/gcc/avr/7.3.0/avr5\libgcc.a(_copy_data.o)
                                                  c:/tools/avr-gcc_7.3.0/bin/../lib/gcc/avr/7.3.0/../../../../avr/lib/avr5\libc.a(malloc.o)
                                                  obj-m328/src/drive.o
                                                  obj-m328/src/catalog.o
__epilogue_restores__                             c:/tools/avr-gcc_7.3.0/bin/../lib/gcc/avr/7.3.0/avr5\libgcc.a(_epilogue.o)
                                                  obj-m328/src/sdcard.o
                                                  obj-m328/src/hexops.o
                                                  obj-m328/src/ff.o
                                                  obj-m328/src/drive.o
                                                  obj-m328/src/catalog.o
__fixsfsi                                         c:/tools/avr-gcc_7.3.0/bin/../lib/gcc/avr/7.3.0/../../../../avr/lib/avr5\libm.a(fixsfsi.o)
                                                  obj-m328/src/catalog.o
__fixunssfsi                                      c:/tools/avr-gcc_7.3.0/bin/../lib/gcc/avr/7.3.0/../../../../avr/lib/avr5\libm.a(fixunssfsi.o)
                                                  c:/tools/avr-gcc_7.3.0/bin/../lib/gcc/avr/7.3.0/../../../../avr/lib/avr5\libm.a(fixsfsi.o)
                                                  obj-m328/src/catalog.o
__floatsisf                                       c:/tools/avr-gcc_7.3.0/bin/../lib/gcc/avr/7.3.0/../../../../avr/lib/avr5\libm.a(floatsisf.o)
                                                  c:/tools/avr-gcc_7.3.0/bin/../lib/gcc/avr/7.3.0/../../../../avr/lib/avr5\libm.a(log.o)
__floatunsisf                                     c:/tools/avr-gcc_7.3.0/bin/../lib/gcc/avr/7.3.0/../../../../avr/lib/avr5\libm.a(floatsisf.o)
                                                  obj-m328/src/catalog.o
__flp                                             c:/tools/avr-gcc_7.3.0/bin/../lib/gcc/avr/7.3.0/../../../../avr/lib/avr5\libc.a(malloc.o)
__fp_inf                                          c:/tools/avr-gcc_7.3.0/bin/../lib/gcc/avr/7.3.0/../../../../avr/lib/avr5\libm.a(fp_inf.o)
                                                  c:/tools/avr-gcc_7.3.0/bin/../lib/gcc/avr/7.3.0/../../../../avr/lib/avr5\libm.a(addsf3x.o)
                                                  c:/tools/avr-gcc_7.3.0/bin/../lib/gcc/avr/7.3.0/../../../../avr/lib/avr5\libm.a(mulsf3x.o)
                                                  c:/tools/avr-gcc_7.3.0/bin/../lib/gcc/avr/7.3.0/../../../../avr/lib/avr5\libm.a(log.o)
                                                  c:/tools/avr-gcc_7.3.0/bin/../lib/gcc/avr/7.3.0/../../../../avr/lib/avr5\libm.a(divsf3x.o)
__fp_mpack                                        c:/tools/avr-gcc_7.3.0/bin/../lib/gcc/avr/7.3.0/../../../../avr/lib/avr5\libm.a(fp_mpack.o)
                                                  c:/tools/avr-gcc_7.3.0/bin/../lib/gcc/avr/7.3.0/../../../../avr/lib/avr5\libm.a(log.o)
__fp_mpack_finite                                 c:/tools/avr-gcc_7.3.0/bin/../lib/gcc/avr/7.3.0/../../../../avr/lib/avr5\libm.a(fp_mpack.o)
__fp_nan                                          c:/tools/avr-gcc_7.3.0/bin/../lib/gcc/avr/7.3.0/../../../../avr/lib/avr5\libm.a(fp_nan.o)
                                                  c:/tools/avr-gcc_7.3.0/bin/../lib/gcc/avr/7.3.0/../../../../avr/lib/avr5\libm.a(addsf3x.o)
                                                  c:/tools/avr-gcc_7.3.0/bin/../lib/gcc/avr/7.3.0/../../../../avr/lib/avr5\libm.a(mulsf3x.o)
                                                  c:/tools/avr-gcc_7.3.0/bin/../lib/gcc/avr/7.3.0/../../../../avr/lib/avr5\libm.a(log.o)
                                                  c:/tools/avr-gcc_7.3.0/bin/../lib/gcc/avr/7.3.0/../../../../avr/lib/avr5\libm.a(divsf3x.o)
__fp_powser                                       c:/tools/avr-gcc_7.3.0/bin/../lib/gcc/avr/7.3.0/../../../../avr/lib/avr5\libm.a(fp_powser.o)
                                                  c:/tools/avr-gcc_7.3.0/bin/../lib/gcc/avr/7.3.0/../../../../avr/lib/avr5\libm.a(log.o)
__fp_pscA                                         c:/tools/avr-gcc_7.3.0/bin/../lib/gcc/avr/7.3.0/../../../../avr/lib/avr5\libm.a(fp_pscA.o)
                                                  c:/tools/avr-gcc_7.3.0/bin/../lib/gcc/avr/7.3.0/../../../../avr/lib/avr5\libm.a(addsf3x.o)
                                                  c:/tools/avr-gcc_7.3.0/bin/../lib/gcc/avr/7.3.0/../../../../avr/lib/avr5\libm.a(mulsf3x.o)
                                                  c:/tools/avr-gcc_7.3.0/bin/../lib/gcc/avr/7.3.0/../../../../avr/lib/avr5\libm.a(divsf3x.o)
__fp_pscB                                         c:/tools/avr-gcc_7.3.0/bin/../lib/gcc/avr/7.3.0/../../../../avr/lib/avr5\libm.a(fp_pscB.o)
                                                  c:/tools/avr-gcc_7.3.0/bin/../lib/gcc/avr/7.3.0/../../../../avr/lib/avr5\libm.a(addsf3x.o)
                                                  c:/tools/avr-gcc_7.3.0/bin/../lib/gcc/avr/7.3.0/../../../../avr/lib/avr5\libm.a(mulsf3x.o)
                                                  c:/tools/avr-gcc_7.3.0/bin/../lib/gcc/avr/7.3.0/../../../../avr/lib/avr5\libm.a(divsf3x.o)
__fp_round                                        c:/tools/avr-gcc_7.3.0/bin/../lib/gcc/avr/7.3.0/../../../../avr/lib/avr5\libm.a(fp_round.o)
                                                  c:/tools/avr-gcc_7.3.0/bin/../lib/gcc/avr/7.3.0/../../../../avr/lib/avr5\libm.a(addsf3.o)
                                                  c:/tools/avr-gcc_7.3.0/bin/../lib/gcc/avr/7.3.0/../../../../avr/lib/avr5\libm.a(mulsf3.o)
                                                  c:/tools/avr-gcc_7.3.0/bin/../lib/gcc/avr/7.3.0/../../../../avr/lib/avr5\libm.a(log.o)
                                                  c:/tools/avr-gcc_7.3.0/bin/../lib/gcc/avr/7.3.0/../../../../avr/lib/avr5\libm.a(divsf3.o)
__fp_split3                                       c:/tools/avr-gcc_7.3.0/bin/../lib/gcc/avr/7.3.0/../../../../avr/lib/avr5\libm.a(fp_split3.o)
                                                  c:/tools/avr-gcc_7.3.0/bin/../lib/gcc/avr/7.3.0/../../../../avr/lib/avr5\libm.a(addsf3x.o)
                                                  c:/tools/avr-gcc_7.3.0/bin/../lib/gcc/avr/7.3.0/../../../../avr/lib/avr5\libm.a(mulsf3x.o)
                                                  c:/tools/avr-gcc_7.3.0/bin/../lib/gcc/avr/7.3.0/../../../../avr/lib/avr5\libm.a(divsf3x.o)
__fp_splitA                                       c:/tools/avr-gcc_7.3.0/bin/../lib/gcc/avr/7.3.0/../../../../avr/lib/avr5\libm.a(fp_split3.o)
                                                  c:/tools/avr-gcc_7.3.0/bin/../lib/gcc/avr/7.3.0/../../../../avr/lib/avr5\libm.a(log.o)
                                                  c:/tools/avr-gcc_7.3.0/bin/../lib/gcc/avr/7.3.0/../../../../avr/lib/avr5\libm.a(fixunssfsi.o)
__fp_szero                                        c:/tools/avr-gcc_7.3.0/bin/../lib/gcc/avr/7.3.0/../../../../avr/lib/avr5\libm.a(fp_zero.o)
                                                  c:/tools/avr-gcc_7.3.0/bin/../lib/gcc/avr/7.3.0/../../../../avr/lib/avr5\libm.a(mulsf3x.o)
                                                  c:/tools/avr-gcc_7.3.0/bin/../lib/gcc/avr/7.3.0/../../../../avr/lib/avr5\libm.a(fixsfsi.o)
                                                  c:/tools/avr-gcc_7.3.0/bin/../lib/gcc/avr/7.3.0/../../../../avr/lib/avr5\libm.a(divsf3x.o)
__fp_zero                                         c:/tools/avr-gcc_7.3.0/bin/../lib/gcc/avr/7.3.0/../../../../avr/lib/avr5\libm.a(fp_zero.o)
                                                  c:/tools/avr-gcc_7.3.0/bin/../lib/gcc/avr/7.3.0/../../../../avr/lib/avr5\libm.a(addsf3x.o)
                                                  c:/tools/avr-gcc_7.3.0/bin/../lib/gcc/avr/7.3.0/../../../../avr/lib/avr5\libm.a(fixunssfsi.o)
__heap_end                                        c:/tools/avr-gcc_7.3.0/bin/../lib/gcc/avr/7.3.0/../../../../avr/lib/avr5/crtatmega328.o
                                                  c:/tools/avr-gcc_7.3.0/bin/../lib/gcc/avr/7.3.0/../../../../avr/lib/avr5\libc.a(malloc.o)
__heap_start                                      c:/tools/avr-gcc_7.3.0/bin/../lib/gcc/avr/7.3.0/../../../../avr/lib/avr5\libc.a(malloc.o)
__init                                            c:/tools/avr-gcc_7.3.0/bin/../lib/gcc/avr/7.3.0/../../../../avr/lib/avr5/crtatmega328.o
__ltoa_ncheck                                     c:/tools/avr-gcc_7.3.0/bin/../lib/gcc/avr/7.3.0/../../../../avr/lib/avr5\libc.a(ltoa_ncheck.o)
                                                  obj-m328/src/catalog.o
__malloc_heap_end                                 c:/tools/avr-gcc_7.3.0/bin/../lib/gcc/avr/7.3.0/../../../../avr/lib/avr5\libc.a(malloc.o)
__malloc_heap_start                               c:/tools/avr-gcc_7.3.0/bin/../lib/gcc/avr/7.3.0/../../../../avr/lib/avr5\libc.a(malloc.o)
__malloc_margin                                   c:/tools/avr-gcc_7.3.0/bin/../lib/gcc/avr/7.3.0/../../../../avr/lib/avr5\libc.a(malloc.o)
__mulsf3                                          c:/tools/avr-gcc_7.3.0/bin/../lib/gcc/avr/7.3.0/../../../../avr/lib/avr5\libm.a(mulsf3.o)
                                                  c:/tools/avr-gcc_7.3.0/bin/../lib/gcc/avr/7.3.0/../../../../avr/lib/avr5\libm.a(log10.o)
__mulsf3_pse                                      c:/tools/avr-gcc_7.3.0/bin/../lib/gcc/avr/7.3.0/../../../../avr/lib/avr5\libm.a(mulsf3x.o)
__mulsf3x                                         c:/tools/avr-gcc_7.3.0/bin/../lib/gcc/avr/7.3.0/../../../../avr/lib/avr5\libm.a(mulsf3x.o)
                                                  c:/tools/avr-gcc_7.3.0/bin/../lib/gcc/avr/7.3.0/../../../../avr/lib/avr5\libm.a(fp_powser.o)
                                                  c:/tools/avr-gcc_7.3.0/bin/../lib/gcc/avr/7.3.0/../../../../avr/lib/avr5\libm.a(mulsf3.o)
                                                  c:/tools/avr-gcc_7.3.0/bin/../lib/gcc/avr/7.3.0/../../../../avr/lib/avr5\libm.a(log.o)
__mulsi3                                          c:/tools/avr-gcc_7.3.0/bin/../lib/gcc/avr/7.3.0/avr5\libgcc.a(_mulsi3.o)
                                                  obj-m328/src/ff.o
__muluhisi3                                       c:/tools/avr-gcc_7.3.0/bin/../lib/gcc/avr/7.3.0/avr5\libgcc.a(_muluhisi3.o)
                                                  c:/tools/avr-gcc_7.3.0/bin/../lib/gcc/avr/7.3.0/avr5\libgcc.a(_mulsi3.o)
                                                  obj-m328/src/hexops.o
                                                  obj-m328/src/ff.o
__prologue_saves__                                c:/tools/avr-gcc_7.3.0/bin/../lib/gcc/avr/7.3.0/avr5\libgcc.a(_prologue.o)
                                                  obj-m328/src/sdcard.o
                                                  obj-m328/src/hexops.o
                                                  obj-m328/src/ff.o
                                                  obj-m328/src/drive.o
                                                  obj-m328/src/catalog.o
__stack                                           c:/tools/avr-gcc_7.3.0/bin/../lib/gcc/avr/7.3.0/../../../../avr/lib/avr5/crtatmega328.o
__subsf3                                          c:/tools/avr-gcc_7.3.0/bin/../lib/gcc/avr/7.3.0/../../../../avr/lib/avr5\libm.a(addsf3.o)
__udivmodhi4                                      c:/tools/avr-gcc_7.3.0/bin/../lib/gcc/avr/7.3.0/avr5\libgcc.a(_udivmodhi4.o)
                                                  obj-m328/src/ff.o
__udivmodsi4                                      c:/tools/avr-gcc_7.3.0/bin/../lib/gcc/avr/7.3.0/avr5\libgcc.a(_udivmodsi4.o)
                                                  obj-m328/src/ff.o
__ultoa_common                                    c:/tools/avr-gcc_7.3.0/bin/../lib/gcc/avr/7.3.0/../../../../avr/lib/avr5\libc.a(ultoa_ncheck.o)
                                                  c:/tools/avr-gcc_7.3.0/bin/../lib/gcc/avr/7.3.0/../../../../avr/lib/avr5\libc.a(ltoa_ncheck.o)
__ultoa_ncheck                                    c:/tools/avr-gcc_7.3.0/bin/../lib/gcc/avr/7.3.0/../../../../avr/lib/avr5\libc.a(ultoa_ncheck.o)
__umulhisi3                                       c:/tools/avr-gcc_7.3.0/bin/../lib/gcc/avr/7.3.0/avr5\libgcc.a(_umulhisi3.o)
                                                  c:/tools/avr-gcc_7.3.0/bin/../lib/gcc/avr/7.3.0/avr5\libgcc.a(_muluhisi3.o)
__vector_1                                        obj-m328/src/powermgmt.o
                                                  c:/tools/avr-gcc_7.3.0/bin/../lib/gcc/avr/7.3.0/../../../../avr/lib/avr5/crtatmega328.o
__vector_10                                       c:/tools/avr-gcc_7.3.0/bin/../lib/gcc/avr/7.3.0/../../../../avr/lib/avr5/crtatmega328.o
__vector_11                                       c:/tools/avr-gcc_7.3.0/bin/../lib/gcc/avr/7.3.0/../../../../avr/lib/avr5/crtatmega328.o
__vector_12                                       c:/tools/avr-gcc_7.3.0/bin/../lib/gcc/avr/7.3.0/../../../../avr/lib/avr5/crtatmega328.o
__vector_13                                       c:/tools/avr-gcc_7.3.0/bin/../lib/gcc/avr/7.3.0/../../../../avr/lib/avr5/crtatmega328.o
__vector_14                                       obj-m328/src/timer.o
                                                  c:/tools/avr-gcc_7.3.0/bin/../lib/gcc/avr/7.3.0/../../../../avr/lib/avr5/crtatmega328.o
__vector_15                                       c:/tools/avr-gcc_7.3.0/bin/../lib/gcc/avr/7.3.0/../../../../avr/lib/avr5/crtatmega328.o
__vector_16                                       c:/tools/avr-gcc_7.3.0/bin/../lib/gcc/avr/7.3.0/../../../../avr/lib/avr5/crtatmega328.o
__vector_17                                       c:/tools/avr-gcc_7.3.0/bin/../lib/gcc/avr/7.3.0/../../../../avr/lib/avr5/crtatmega328.o
__vector_18                                       c:/tools/avr-gcc_7.3.0/bin/../lib/gcc/avr/7.3.0/../../../../avr/lib/avr5/crtatmega328.o
__vector_19                                       c:/tools/avr-gcc_7.3.0/bin/../lib/gcc/avr/7.3.0/../../../../avr/lib/avr5/crtatmega328.o
__vector_2                                        c:/tools/avr-gcc_7.3.0/bin/../lib/gcc/avr/7.3.0/../../../../avr/lib/avr5/crtatmega328.o
__vector_20                                       c:/tools/avr-gcc_7.3.0/bin/../lib/gcc/avr/7.3.0/../../../../avr/lib/avr5/crtatmega328.o
__vector_21                                       c:/tools/avr-gcc_7.3.0/bin/../lib/gcc/avr/7.3.0/../../../../avr/lib/avr5/crtatmega328.o
__vector_22                                       c:/tools/avr-gcc_7.3.0/bin/../lib/gcc/avr/7.3.0/../../../../avr/lib/avr5/crtatmega328.o
__vector_23                                       c:/tools/avr-gcc_7.3.0/bin/../lib/gcc/avr/7.3.0/../../../../avr/lib/avr5/crtatmega328.o
__vector_24                                       c:/tools/avr-gcc_7.3.0/bin/../lib/gcc/avr/7.3.0/../../../../avr/lib/avr5/crtatmega328.o
__vector_25                                       c:/tools/avr-gcc_7.3.0/bin/../lib/gcc/avr/7.3.0/../../../../avr/lib/avr5/crtatmega328.o
__vector_3                                        obj-m328/src/sdcard.o
                                                  c:/tools/avr-gcc_7.3.0/bin/../lib/gcc/avr/7.3.0/../../../../avr/lib/avr5/crtatmega328.o
__vector_4                                        c:/tools/avr-gcc_7.3.0/bin/../lib/gcc/avr/7.3.0/../../../../avr/lib/avr5/crtatmega328.o
__vector_5                                        c:/tools/avr-gcc_7.3.0/bin/../lib/gcc/avr/7.3.0/../../../../avr/lib/avr5/crtatmega328.o
__vector_6                                        c:/tools/avr-gcc_7.3.0/bin/../lib/gcc/avr/7.3.0/../../../../avr/lib/avr5/crtatmega328.o
__vector_7                                        c:/tools/avr-gcc_7.3.0/bin/../lib/gcc/avr/7.3.0/../../../../avr/lib/avr5/crtatmega328.o
__vector_8                                        c:/tools/avr-gcc_7.3.0/bin/../lib/gcc/avr/7.3.0/../../../../avr/lib/avr5/crtatmega328.o
__vector_9                                        c:/tools/avr-gcc_7.3.0/bin/../lib/gcc/avr/7.3.0/../../../../avr/lib/avr5/crtatmega328.o
__vector_default                                  c:/tools/avr-gcc_7.3.0/bin/../lib/gcc/avr/7.3.0/../../../../avr/lib/avr5/crtatmega328.o
__vectors                                         c:/tools/avr-gcc_7.3.0/bin/../lib/gcc/avr/7.3.0/../../../../avr/lib/avr5/crtatmega328.o
_cmd_lun                                          obj-m328/src/drive.o
_config                                           obj-m328/src/eeprom.o
                                                  obj-m328/src/drive.o
_exit                                             c:/tools/avr-gcc_7.3.0/bin/../lib/gcc/avr/7.3.0/avr5\libgcc.a(_exit.o)
_version                                          obj-m328/src/hexops.o
add_direntry                                      obj-m328/src/ff.o
buffer                                            obj-m328/src/hexops.o
                                                  obj-m328/src/drive.o
cat_close_pgm                                     obj-m328/src/catalog.o
cat_file_length_pgm                               obj-m328/src/catalog.o
cat_get_num_entries                               obj-m328/src/catalog.o
cat_max_file_length_txt                           obj-m328/src/catalog.o
cat_open_pgm                                      obj-m328/src/catalog.o
cat_skip_file                                     obj-m328/src/catalog.o
cat_write_record_pgm                              obj-m328/src/catalog.o
cat_write_txt                                     obj-m328/src/catalog.o
crc7update                                        obj-m328/src/crc7asm.o
                                                  obj-m328/src/sdcard.o
disk_getinfo                                      obj-m328/src/sdcard.o
disk_init                                         obj-m328/src/sdcard.o
                                                  obj-m328/src/main.o
                                                  obj-m328/src/drive.o
disk_initialize                                   obj-m328/src/sdcard.o
                                                  obj-m328/src/ff.o
disk_read                                         obj-m328/src/sdcard.o
                                                  obj-m328/src/ff.o
disk_state                                        obj-m328/src/diskio.o
                                                  obj-m328/src/sdcard.o
                                                  obj-m328/src/main.o
disk_status                                       obj-m328/src/sdcard.o
                                                  obj-m328/src/ff.o
disk_write                                        obj-m328/src/sdcard.o
                                                  obj-m328/src/ff.o
drv_init                                          obj-m328/src/drive.o
                                                  obj-m328/src/main.o
drv_register                                      obj-m328/src/drive.o
drv_reset                                         obj-m328/src/drive.o
                                                  obj-m328/src/main.o
ee_get_config                                     obj-m328/src/eeprom.o
                                                  obj-m328/src/main.o
ee_set_config                                     obj-m328/src/eeprom.o
                                                  obj-m328/src/hexops.o
eeprom_read_block                                 c:/tools/avr-gcc_7.3.0/bin/../lib/gcc/avr/7.3.0/../../../../avr/lib/avr5\libatmega328.a(eerd_block.o)
                                                  obj-m328/src/eeprom.o
eeprom_read_blraw                                 c:/tools/avr-gcc_7.3.0/bin/../lib/gcc/avr/7.3.0/../../../../avr/lib/avr5\libatmega328.a(eerd_block.o)
                                                  c:/tools/avr-gcc_7.3.0/bin/../lib/gcc/avr/7.3.0/../../../../avr/lib/avr5\libatmega328.a(eerd_word.o)
eeprom_read_byte                                  c:/tools/avr-gcc_7.3.0/bin/../lib/gcc/avr/7.3.0/../../../../avr/lib/avr5\libatmega328.a(eerd_byte.o)
                                                  obj-m328/src/eeprom.o
eeprom_read_word                                  c:/tools/avr-gcc_7.3.0/bin/../lib/gcc/avr/7.3.0/../../../../avr/lib/avr5\libatmega328.a(eerd_word.o)
                                                  obj-m328/src/eeprom.o
eeprom_write_block                                c:/tools/avr-gcc_7.3.0/bin/../lib/gcc/avr/7.3.0/../../../../avr/lib/avr5\libatmega328.a(eewr_block.o)
                                                  obj-m328/src/eeprom.o
eeprom_write_byte                                 c:/tools/avr-gcc_7.3.0/bin/../lib/gcc/avr/7.3.0/../../../../avr/lib/avr5\libatmega328.a(eewr_byte.o)
eeprom_write_r18                                  c:/tools/avr-gcc_7.3.0/bin/../lib/gcc/avr/7.3.0/../../../../avr/lib/avr5\libatmega328.a(eewr_byte.o)
                                                  c:/tools/avr-gcc_7.3.0/bin/../lib/gcc/avr/7.3.0/../../../../avr/lib/avr5\libatmega328.a(eewr_block.o)
exit                                              c:/tools/avr-gcc_7.3.0/bin/../lib/gcc/avr/7.3.0/avr5\libgcc.a(_exit.o)
                                                  c:/tools/avr-gcc_7.3.0/bin/../lib/gcc/avr/7.3.0/../../../../avr/lib/avr5/crtatmega328.o
f_chdir                                           obj-m328/src/ff.o
                                                  obj-m328/src/drive.o
f_chmod                                           obj-m328/src/ff.o
f_close                                           obj-m328/src/ff.o
                                                  obj-m328/src/drive.o
f_getfree                                         obj-m328/src/ff.o
f_lseek                                           obj-m328/src/ff.o
                                                  obj-m328/src/drive.o
f_mkdir                                           obj-m328/src/ff.o
                                                  obj-m328/src/drive.o
f_mount                                           obj-m328/src/ff.o
                                                  obj-m328/src/drive.o
f_open                                            obj-m328/src/ff.o
                                                  obj-m328/src/drive.o
f_opendir                                         obj-m328/src/ff.o
                                                  obj-m328/src/catalog.o
f_read                                            obj-m328/src/ff.o
                                                  obj-m328/src/drive.o
f_readdir                                         obj-m328/src/ff.o
                                                  obj-m328/src/catalog.o
f_rename                                          obj-m328/src/ff.o
                                                  obj-m328/src/drive.o
f_stat                                            obj-m328/src/ff.o
f_sync                                            obj-m328/src/ff.o
f_unlink                                          obj-m328/src/ff.o
                                                  obj-m328/src/drive.o
f_write                                           obj-m328/src/ff.o
                                                  obj-m328/src/drive.o
files                                             obj-m328/src/drive.o
free                                              c:/tools/avr-gcc_7.3.0/bin/../lib/gcc/avr/7.3.0/../../../../avr/lib/avr5\libc.a(malloc.o)
                                                  obj-m328/src/drive.o
fs                                                obj-m328/src/drive.o
                                                  obj-m328/src/catalog.o
fs_initialized                                    obj-m328/src/drive.o
get_led_state                                     obj-m328/src/led.o
                                                  obj-m328/src/timer.o
hex_capture_hsk                                   obj-m328/src/hexbus.o
                                                  obj-m328/src/powermgmt.o
hex_close_cmd                                     obj-m328/src/hexops.o
                                                  obj-m328/src/drive.o
hex_eat_it                                        obj-m328/src/hexops.o
                                                  obj-m328/src/drive.o
hex_exec_cmd                                      obj-m328/src/hexops.o
                                                  obj-m328/src/drive.o
hex_exec_cmds                                     obj-m328/src/hexops.o
hex_finish                                        obj-m328/src/hexbus.o
                                                  obj-m328/src/main.o
                                                  obj-m328/src/hexops.o
                                                  obj-m328/src/drive.o
                                                  obj-m328/src/catalog.o
hex_finish_open                                   obj-m328/src/hexops.o
                                                  obj-m328/src/drive.o
hex_get_data                                      obj-m328/src/hexops.o
                                                  obj-m328/src/drive.o
hex_init                                          obj-m328/src/hexbus.o
                                                  obj-m328/src/main.o
hex_is_bav                                        obj-m328/src/hexbus.o
                                                  obj-m328/src/main.o
                                                  obj-m328/src/hexops.o
                                                  obj-m328/src/drive.o
                                                  obj-m328/src/catalog.o
hex_null                                          obj-m328/src/hexops.o
                                                  obj-m328/src/main.o
hex_open_catalog                                  obj-m328/src/catalog.o
                                                  obj-m328/src/drive.o
hex_open_helper                                   obj-m328/src/hexops.o
                                                  obj-m328/src/drive.o
hex_read_catalog                                  obj-m328/src/catalog.o
                                                  obj-m328/src/drive.o
hex_read_catalog_txt                              obj-m328/src/catalog.o
                                                  obj-m328/src/drive.o
hex_read_status                                   obj-m328/src/hexops.o
                                                  obj-m328/src/drive.o
hex_recv_byte                                     obj-m328/src/hexbus.o
                                                  obj-m328/src/main.o
                                                  obj-m328/src/hexops.o
hex_release_bus                                   obj-m328/src/hexbus.o
                                                  obj-m328/src/main.o
                                                  obj-m328/src/hexops.o
hex_release_data                                  obj-m328/src/hexbus.o
hex_send_byte                                     obj-m328/src/hexbus.o
                                                  obj-m328/src/hexops.o
                                                  obj-m328/src/drive.o
                                                  obj-m328/src/catalog.o
hex_send_final_response                           obj-m328/src/hexbus.o
                                                  obj-m328/src/hexops.o
                                                  obj-m328/src/drive.o
                                                  obj-m328/src/catalog.o
hex_send_size_response                            obj-m328/src/hexbus.o
                                                  obj-m328/src/hexops.o
hex_send_word                                     obj-m328/src/hexbus.o
                                                  obj-m328/src/hexops.o
                                                  obj-m328/src/drive.o
                                                  obj-m328/src/catalog.o
hex_unsupported                                   obj-m328/src/hexops.o
                                                  obj-m328/src/main.o
hex_wait_for_next_bus                             obj-m328/src/hexbus.o
hex_write_cmd                                     obj-m328/src/hexops.o
hex_write_cmd_helper                              obj-m328/src/hexops.o
                                                  obj-m328/src/drive.o
l_getfree                                         obj-m328/src/ff.o
l_opencluster                                     obj-m328/src/ff.o
l_opendir                                         obj-m328/src/ff.o
led_pwr_enable                                    obj-m328/src/powermgmt.o
                                                  obj-m328/src/timer.o
led_state                                         obj-m328/src/led.o
log                                               c:/tools/avr-gcc_7.3.0/bin/../lib/gcc/avr/7.3.0/../../../../avr/lib/avr5\libm.a(log.o)
                                                  c:/tools/avr-gcc_7.3.0/bin/../lib/gcc/avr/7.3.0/../../../../avr/lib/avr5\libm.a(log10.o)
log10                                             c:/tools/avr-gcc_7.3.0/bin/../lib/gcc/avr/7.3.0/../../../../avr/lib/avr5\libm.a(log10.o)
                                                  obj-m328/src/catalog.o
main                                              obj-m328/src/main.o
                                                  c:/tools/avr-gcc_7.3.0/bin/../lib/gcc/avr/7.3.0/../../../../avr/lib/avr5/crtatmega328.o
malloc                                            c:/tools/avr-gcc_7.3.0/bin/../lib/gcc/avr/7.3.0/../../../../avr/lib/avr5\libc.a(malloc.o)
                                                  c:/tools/avr-gcc_7.3.0/bin/../lib/gcc/avr/7.3.0/../../../../avr/lib/avr5\libc.a(strdup.o)
memcmp                                            c:/tools/avr-gcc_7.3.0/bin/../lib/gcc/avr/7.3.0/../../../../avr/lib/avr5\libc.a(memcmp.o)
                                                  obj-m328/src/ff.o
                                                  obj-m328/src/drive.o
memcmp_P                                          c:/tools/avr-gcc_7.3.0/bin/../lib/gcc/avr/7.3.0/../../../../avr/lib/avr5\libc.a(memcmp_P.o)
                                                  obj-m328/src/ff.o
memcpy                                            c:/tools/avr-gcc_7.3.0/bin/../lib/gcc/avr/7.3.0/../../../../avr/lib/avr5\libc.a(memcpy.o)
                                                  c:/tools/avr-gcc_7.3.0/bin/../lib/gcc/avr/7.3.0/../../../../avr/lib/avr5\libc.a(memmove.o)
                                                  obj-m328/src/ff.o
memmove                                           c:/tools/avr-gcc_7.3.0/bin/../lib/gcc/avr/7.3.0/../../../../avr/lib/avr5\libc.a(memmove.o)
                                                  obj-m328/src/catalog.o
memset                                            c:/tools/avr-gcc_7.3.0/bin/../lib/gcc/avr/7.3.0/../../../../avr/lib/avr5\libc.a(memset.o)
                                                  obj-m328/src/ff.o
                                                  obj-m328/src/catalog.o
mount_drv                                         obj-m328/src/ff.o
open_files                                        obj-m328/src/drive.o
parse_cmd                                         obj-m328/src/hexops.o
                                                  obj-m328/src/drive.o
parse_equate                                      obj-m328/src/hexops.o
parse_number                                      obj-m328/src/hexops.o
pgm_header                                        obj-m328/src/catalog.o
pgm_trailer                                       obj-m328/src/catalog.o
reg_add                                           obj-m328/src/registry.o
                                                  obj-m328/src/main.o
                                                  obj-m328/src/drive.o
registry                                          obj-m328/src/main.o
                                                  obj-m328/src/registry.o
                                                  obj-m328/src/hexops.o
sd_getinfo                                        obj-m328/src/sdcard.o
sd_init                                           obj-m328/src/sdcard.o
sd_initialize                                     obj-m328/src/sdcard.o
sd_read                                           obj-m328/src/sdcard.o
sd_status                                         obj-m328/src/sdcard.o
sd_write                                          obj-m328/src/sdcard.o
set_busy_led                                      obj-m328/src/led.o
                                                  obj-m328/src/main.o
                                                  obj-m328/src/drive.o
set_error_led                                     obj-m328/src/led.o
setup                                             obj-m328/src/main.o
sleep_the_system                                  obj-m328/src/powermgmt.o
                                                  obj-m328/src/main.o
spi_exchange_block                                obj-m328/src/spi.o
                                                  obj-m328/src/sdcard.o
spi_init                                          obj-m328/src/spi.o
                                                  obj-m328/src/sdcard.o
spi_rx_byte                                       obj-m328/src/spi.o
                                                  obj-m328/src/sdcard.o
spi_set_speed                                     obj-m328/src/spi.o
                                                  obj-m328/src/sdcard.o
spi_tx_byte                                       obj-m328/src/spi.o
                                                  obj-m328/src/sdcard.o
split_cmd                                         obj-m328/src/hexops.o
                                                  obj-m328/src/drive.o
strcmp                                            c:/tools/avr-gcc_7.3.0/bin/../lib/gcc/avr/7.3.0/../../../../avr/lib/avr5\libc.a(strcmp.o)
                                                  obj-m328/src/catalog.o
strcpy                                            c:/tools/avr-gcc_7.3.0/bin/../lib/gcc/avr/7.3.0/../../../../avr/lib/avr5\libc.a(strcpy.o)
                                                  c:/tools/avr-gcc_7.3.0/bin/../lib/gcc/avr/7.3.0/../../../../avr/lib/avr5\libc.a(strdup.o)
strdup                                            c:/tools/avr-gcc_7.3.0/bin/../lib/gcc/avr/7.3.0/../../../../avr/lib/avr5\libc.a(strdup.o)
                                                  obj-m328/src/drive.o
                                                  obj-m328/src/catalog.o
strrchr                                           c:/tools/avr-gcc_7.3.0/bin/../lib/gcc/avr/7.3.0/../../../../avr/lib/avr5\libc.a(strrchr.o)
                                                  obj-m328/src/catalog.o
strrev                                            c:/tools/avr-gcc_7.3.0/bin/../lib/gcc/avr/7.3.0/../../../../avr/lib/avr5\libc.a(strrev.o)
                                                  c:/tools/avr-gcc_7.3.0/bin/../lib/gcc/avr/7.3.0/../../../../avr/lib/avr5\libc.a(ultoa_ncheck.o)
ticks                                             obj-m328/src/timer.o
                                                  obj-m328/src/sdcard.o
timer_init                                        obj-m328/src/timer.o
                                                  obj-m328/src/main.o
trim                                              obj-m328/src/hexops.o
                                                  obj-m328/src/drive.o
                                                  obj-m328/src/catalog.o
