Archive member included to satisfy reference by file (symbol)

c:/tools/avr-gcc_7.3.0/bin/../lib/gcc/avr/7.3.0/avr5\libgcc.a(_mulsi3.o)
                              obj-m328p-arduino/src/ff.o (__mulsi3)
c:/tools/avr-gcc_7.3.0/bin/../lib/gcc/avr/7.3.0/avr5\libgcc.a(_udivmodqi4.o)
                              obj-m328p-arduino/src/clock.o (__udivmodqi4)
c:/tools/avr-gcc_7.3.0/bin/../lib/gcc/avr/7.3.0/avr5\libgcc.a(_udivmodhi4.o)
                              obj-m328p-arduino/src/ff.o (__udivmodhi4)
c:/tools/avr-gcc_7.3.0/bin/../lib/gcc/avr/7.3.0/avr5\libgcc.a(_udivmodsi4.o)
                              obj-m328p-arduino/src/ff.o (__udivmodsi4)
c:/tools/avr-gcc_7.3.0/bin/../lib/gcc/avr/7.3.0/avr5\libgcc.a(_exit.o)
                              c:/tools/avr-gcc_7.3.0/bin/../lib/gcc/avr/7.3.0/../../../../avr/lib/avr5/crtatmega328p.o (exit)
c:/tools/avr-gcc_7.3.0/bin/../lib/gcc/avr/7.3.0/avr5\libgcc.a(_tablejump2.o)
                              obj-m328p-arduino/src/serial.o (__tablejump2__)
c:/tools/avr-gcc_7.3.0/bin/../lib/gcc/avr/7.3.0/avr5\libgcc.a(_copy_data.o)
                              obj-m328p-arduino/src/catalog.o (__do_copy_data)
c:/tools/avr-gcc_7.3.0/bin/../lib/gcc/avr/7.3.0/avr5\libgcc.a(_clear_bss.o)
                              obj-m328p-arduino/src/clock.o (__do_clear_bss)
c:/tools/avr-gcc_7.3.0/bin/../lib/gcc/avr/7.3.0/avr5\libgcc.a(_muluhisi3.o)
                              obj-m328p-arduino/src/ff.o (__muluhisi3)
c:/tools/avr-gcc_7.3.0/bin/../lib/gcc/avr/7.3.0/avr5\libgcc.a(_prologue.o)
                              obj-m328p-arduino/src/catalog.o (__prologue_saves__)
c:/tools/avr-gcc_7.3.0/bin/../lib/gcc/avr/7.3.0/avr5\libgcc.a(_epilogue.o)
                              obj-m328p-arduino/src/catalog.o (__epilogue_restores__)
c:/tools/avr-gcc_7.3.0/bin/../lib/gcc/avr/7.3.0/avr5\libgcc.a(_umulhisi3.o)
                              c:/tools/avr-gcc_7.3.0/bin/../lib/gcc/avr/7.3.0/avr5\libgcc.a(_muluhisi3.o) (__umulhisi3)
c:/tools/avr-gcc_7.3.0/bin/../lib/gcc/avr/7.3.0/../../../../avr/lib/avr5\libm.a(addsf3.o)
                              obj-m328p-arduino/src/serial.o (__subsf3)
c:/tools/avr-gcc_7.3.0/bin/../lib/gcc/avr/7.3.0/../../../../avr/lib/avr5\libm.a(addsf3x.o)
                              c:/tools/avr-gcc_7.3.0/bin/../lib/gcc/avr/7.3.0/../../../../avr/lib/avr5\libm.a(addsf3.o) (__addsf3x)
c:/tools/avr-gcc_7.3.0/bin/../lib/gcc/avr/7.3.0/../../../../avr/lib/avr5\libm.a(divsf3.o)
                              obj-m328p-arduino/src/catalog.o (__divsf3)
c:/tools/avr-gcc_7.3.0/bin/../lib/gcc/avr/7.3.0/../../../../avr/lib/avr5\libm.a(divsf3x.o)
                              c:/tools/avr-gcc_7.3.0/bin/../lib/gcc/avr/7.3.0/../../../../avr/lib/avr5\libm.a(divsf3.o) (__divsf3x)
c:/tools/avr-gcc_7.3.0/bin/../lib/gcc/avr/7.3.0/../../../../avr/lib/avr5\libm.a(fixsfsi.o)
                              obj-m328p-arduino/src/catalog.o (__fixsfsi)
c:/tools/avr-gcc_7.3.0/bin/../lib/gcc/avr/7.3.0/../../../../avr/lib/avr5\libm.a(fixunssfsi.o)
                              obj-m328p-arduino/src/catalog.o (__fixunssfsi)
c:/tools/avr-gcc_7.3.0/bin/../lib/gcc/avr/7.3.0/../../../../avr/lib/avr5\libm.a(floatsisf.o)
                              obj-m328p-arduino/src/catalog.o (__floatunsisf)
c:/tools/avr-gcc_7.3.0/bin/../lib/gcc/avr/7.3.0/../../../../avr/lib/avr5\libm.a(fp_inf.o)
                              c:/tools/avr-gcc_7.3.0/bin/../lib/gcc/avr/7.3.0/../../../../avr/lib/avr5\libm.a(addsf3x.o) (__fp_inf)
c:/tools/avr-gcc_7.3.0/bin/../lib/gcc/avr/7.3.0/../../../../avr/lib/avr5\libm.a(fp_nan.o)
                              c:/tools/avr-gcc_7.3.0/bin/../lib/gcc/avr/7.3.0/../../../../avr/lib/avr5\libm.a(addsf3x.o) (__fp_nan)
c:/tools/avr-gcc_7.3.0/bin/../lib/gcc/avr/7.3.0/../../../../avr/lib/avr5\libm.a(fp_pscA.o)
                              c:/tools/avr-gcc_7.3.0/bin/../lib/gcc/avr/7.3.0/../../../../avr/lib/avr5\libm.a(addsf3x.o) (__fp_pscA)
c:/tools/avr-gcc_7.3.0/bin/../lib/gcc/avr/7.3.0/../../../../avr/lib/avr5\libm.a(fp_pscB.o)
                              c:/tools/avr-gcc_7.3.0/bin/../lib/gcc/avr/7.3.0/../../../../avr/lib/avr5\libm.a(addsf3x.o) (__fp_pscB)
c:/tools/avr-gcc_7.3.0/bin/../lib/gcc/avr/7.3.0/../../../../avr/lib/avr5\libm.a(fp_round.o)
                              c:/tools/avr-gcc_7.3.0/bin/../lib/gcc/avr/7.3.0/../../../../avr/lib/avr5\libm.a(addsf3.o) (__fp_round)
c:/tools/avr-gcc_7.3.0/bin/../lib/gcc/avr/7.3.0/../../../../avr/lib/avr5\libm.a(fp_split3.o)
                              c:/tools/avr-gcc_7.3.0/bin/../lib/gcc/avr/7.3.0/../../../../avr/lib/avr5\libm.a(addsf3x.o) (__fp_split3)
c:/tools/avr-gcc_7.3.0/bin/../lib/gcc/avr/7.3.0/../../../../avr/lib/avr5\libm.a(fp_zero.o)
                              c:/tools/avr-gcc_7.3.0/bin/../lib/gcc/avr/7.3.0/../../../../avr/lib/avr5\libm.a(addsf3x.o) (__fp_zero)
c:/tools/avr-gcc_7.3.0/bin/../lib/gcc/avr/7.3.0/../../../../avr/lib/avr5\libm.a(log10.o)
[...]
Memory Configuration

Name             Origin             Length             Attributes
text             0x0000000000000000 0x0000000000008000 xr
data             0x0000000000800100 0x0000000000000800 rw !x
eeprom           0x0000000000810000 0x0000000000000400 rw !x
fuse             0x0000000000820000 0x0000000000000003 rw !x
lock             0x0000000000830000 0x0000000000000400 rw !x
signature        0x0000000000840000 0x0000000000000400 rw !x
user_signatures  0x0000000000850000 0x0000000000000400 rw !x
*default*        0x0000000000000000 0xffffffffffffffff

Linker script and memory map

Address of section .data set to 0x800100
LOAD c:/tools/avr-gcc_7.3.0/bin/../lib/gcc/avr/7.3.0/../../../../avr/lib/avr5/crtatmega328p.o
LOAD obj-m328p-arduino/src/catalog.o
LOAD obj-m328p-arduino/src/clock.o
LOAD obj-m328p-arduino/src/debug.o
LOAD obj-m328p-arduino/src/diskio.o
LOAD obj-m328p-arduino/src/drive.o
LOAD obj-m328p-arduino/src/ds1307-3231.o
LOAD obj-m328p-arduino/src/eeprom.o
LOAD obj-m328p-arduino/src/ff.o
LOAD obj-m328p-arduino/src/hexbus.o
LOAD obj-m328p-arduino/src/hexops.o
LOAD obj-m328p-arduino/src/led.o
LOAD obj-m328p-arduino/src/main.o
LOAD obj-m328p-arduino/src/powermgmt.o
LOAD obj-m328p-arduino/src/printer.o
LOAD obj-m328p-arduino/src/registry.o
LOAD obj-m328p-arduino/src/rtc.o
LOAD obj-m328p-arduino/src/sdcard.o
LOAD obj-m328p-arduino/src/serial.o
LOAD obj-m328p-arduino/src/softi2c.o
LOAD obj-m328p-arduino/src/spi.o
LOAD obj-m328p-arduino/src/swuart.o
LOAD obj-m328p-arduino/src/timer.o
LOAD obj-m328p-arduino/src/uart.o
LOAD obj-m328p-arduino/src/crc7asm.o
START GROUP
LOAD c:/tools/avr-gcc_7.3.0/bin/../lib/gcc/avr/7.3.0/avr5\libgcc.a
LOAD c:/tools/avr-gcc_7.3.0/bin/../lib/gcc/avr/7.3.0/../../../../avr/lib/avr5\libm.a
LOAD c:/tools/avr-gcc_7.3.0/bin/../lib/gcc/avr/7.3.0/../../../../avr/lib/avr5\libc.a
LOAD c:/tools/avr-gcc_7.3.0/bin/../lib/gcc/avr/7.3.0/../../../../avr/lib/avr5\libatmega328p.a
END GROUP
                0x0000000000000000                __TEXT_REGION_ORIGIN__ = DEFINED (__TEXT_REGION_ORIGIN__)?__TEXT_REGION_ORIGIN__:0x0
                [0x0000000000800100]                __DATA_REGION_ORIGIN__ = DEFINED (__DATA_REGION_ORIGIN__)?__DATA_REGION_ORIGIN__:0x800060
                [0x0000000000008000]                __TEXT_REGION_LENGTH__ = DEFINED (__TEXT_REGION_LENGTH__)?__TEXT_REGION_LENGTH__:0x20000
                [0x0000000000000800]                __DATA_REGION_LENGTH__ = DEFINED (__DATA_REGION_LENGTH__)?__DATA_REGION_LENGTH__:0xffa0
                [0x0000000000000400]                __EEPROM_REGION_LENGTH__ = DEFINED (__EEPROM_REGION_LENGTH__)?__EEPROM_REGION_LENGTH__:0x10000
                [0x0000000000000003]                __FUSE_REGION_LENGTH__ = DEFINED (__FUSE_REGION_LENGTH__)?__FUSE_REGION_LENGTH__:0x400
                0x0000000000000400                __LOCK_REGION_LENGTH__ = DEFINED (__LOCK_REGION_LENGTH__)?__LOCK_REGION_LENGTH__:0x400
                0x0000000000000400                __SIGNATURE_REGION_LENGTH__ = DEFINED (__SIGNATURE_REGION_LENGTH__)?__SIGNATURE_REGION_LENGTH__:0x400
                0x0000000000000400                __USER_SIGNATURE_REGION_LENGTH__ = DEFINED (__USER_SIGNATURE_REGION_LENGTH__)?__USER_SIGNATURE_REGION_LENGTH__:0x400

.hash
 *(.hash)

.dynsym
 *(.dynsym)

.dynstr
 *(.dynstr)

.gnu.version
 *(.gnu.version)

.gnu.version_d
 *(.gnu.version_d)

.gnu.version_r
 *(.gnu.version_r)

.rel.init
 *(.rel.init)

.rela.init
 *(.rela.init)

.rel.text
 *(.rel.text)
 *(.rel.text.*)
 *(.rel.gnu.linkonce.t*)

.rela.text
 *(.rela.text)
 *(.rela.text.*)
 *(.rela.gnu.linkonce.t*)

.rel.fini
 *(.rel.fini)

.rela.fini
 *(.rela.fini)

.rel.rodata
 *(.rel.rodata)
 *(.rel.rodata.*)
 *(.rel.gnu.linkonce.r*)

.rela.rodata
 *(.rela.rodata)
 *(.rela.rodata.*)
 *(.rela.gnu.linkonce.r*)

.rel.data
 *(.rel.data)
 *(.rel.data.*)
 *(.rel.gnu.linkonce.d*)

.rela.data
 *(.rela.data)
 *(.rela.data.*)
 *(.rela.gnu.linkonce.d*)

.rel.ctors
 *(.rel.ctors)

.rela.ctors
 *(.rela.ctors)

.rel.dtors
 *(.rel.dtors)

.rela.dtors
 *(.rela.dtors)

.rel.got
 *(.rel.got)

.rela.got
 *(.rela.got)

.rel.bss
 *(.rel.bss)

.rela.bss
 *(.rela.bss)

.rel.plt
 *(.rel.plt)

.rela.plt
 *(.rela.plt)

.text           0x0000000000000000     0x7396
 *(.vectors)
 .vectors       0x0000000000000000       0x68 c:/tools/avr-gcc_7.3.0/bin/../lib/gcc/avr/7.3.0/../../../../avr/lib/avr5/crtatmega328p.o
                0x0000000000000000                __vector_default
                0x0000000000000000                __vectors
 *(.vectors)
 *(.progmem.gcc*)
 .progmem.gcc_fplib
                0x0000000000000068       0x5a c:/tools/avr-gcc_7.3.0/bin/../lib/gcc/avr/7.3.0/../../../../avr/lib/avr5\libm.a(log.o)
                0x00000000000000c2                . = ALIGN (0x2)
                0x00000000000000c2                __trampolines_start = .
 *(.trampolines)
 .trampolines   0x00000000000000c2        0x0 linker stubs
 *(.trampolines*)
                0x00000000000000c2                __trampolines_end = .
 *libprintf_flt.a:*(.progmem.data)
 *libc.a:*(.progmem.data)
 *(.progmem*)
 .progmem.data.ops
                0x00000000000000c2       0x12 obj-m328p-arduino/src/clock.o
 .progmem.data.ops
                0x00000000000000d4       0x21 obj-m328p-arduino/src/drive.o
 .progmem.data.dcmds
                0x00000000000000f5       0x87 obj-m328p-arduino/src/drive.o
 .progmem.data.fat32string
                0x000000000000017c        0x6 obj-m328p-arduino/src/ff.o
 .progmem.data.LFN_pos
                0x0000000000000182        0xd obj-m328p-arduino/src/ff.o
 .progmem.data._version
                0x000000000000018f       0x1d obj-m328p-arduino/src/hexops.o
                0x000000000000018f                _version
 .progmem.data.cmds
                0x00000000000001ac       0x2d obj-m328p-arduino/src/hexops.o
 .progmem.data.ops
                0x00000000000001d9        0x9 obj-m328p-arduino/src/main.o
 .progmem.data.ops
                0x00000000000001e2       0x12 obj-m328p-arduino/src/printer.o
 .progmem.data.cmds
                0x00000000000001f4       0x2d obj-m328p-arduino/src/printer.o
 .progmem.data.rtc_default_date
                0x0000000000000221        0x7 obj-m328p-arduino/src/rtc.o
                0x0000000000000221                rtc_default_date
 .progmem.data.ops
                0x0000000000000228       0x18 obj-m328p-arduino/src/serial.o
 .progmem.data.ti_cmds
                0x0000000000000240       0x3f obj-m328p-arduino/src/serial.o
 .progmem.data.cmds
                0x000000000000027f       0x7e obj-m328p-arduino/src/serial.o
                0x00000000000002fe                . = ALIGN (0x2)
 *fill*         0x00000000000002fd        0x1 
 *(.jumptables)
 *(.jumptables*)
 *(.lowtext)
 *(.lowtext*)
                0x00000000000002fe                __ctors_start = .
 *(.ctors)
                0x00000000000002fe                __ctors_end = .
                0x00000000000002fe                __dtors_start = .
 *(.dtors)
                0x00000000000002fe                __dtors_end = .
 SORT(*)(.ctors)
 SORT(*)(.dtors)
 *(.init0)
 .init0         0x00000000000002fe        0x0 c:/tools/avr-gcc_7.3.0/bin/../lib/gcc/avr/7.3.0/../../../../avr/lib/avr5/crtatmega328p.o
                0x00000000000002fe                __init
 *(.init0)
 *(.init1)
 *(.init1)
 *(.init2)
 .init2         0x00000000000002fe        0xc c:/tools/avr-gcc_7.3.0/bin/../lib/gcc/avr/7.3.0/../../../../avr/lib/avr5/crtatmega328p.o
 *(.init2)
 *(.init3)
 *(.init3)
 *(.init4)
 .init4         0x000000000000030a       0x16 c:/tools/avr-gcc_7.3.0/bin/../lib/gcc/avr/7.3.0/avr5\libgcc.a(_copy_data.o)
                0x000000000000030a                __do_copy_data
 .init4         0x0000000000000320       0x10 c:/tools/avr-gcc_7.3.0/bin/../lib/gcc/avr/7.3.0/avr5\libgcc.a(_clear_bss.o)
                0x0000000000000320                __do_clear_bss
 *(.init4)
 *(.init5)
 *(.init5)
 *(.init6)
 *(.init6)
 *(.init7)
 *(.init7)
 *(.init8)
 *(.init8)
 *(.init9)
 .init9         0x0000000000000330        0x8 c:/tools/avr-gcc_7.3.0/bin/../lib/gcc/avr/7.3.0/../../../../avr/lib/avr5/crtatmega328p.o
 *(.init9)
 *(.text)
 .text          0x0000000000000338        0x2 c:/tools/avr-gcc_7.3.0/bin/../lib/gcc/avr/7.3.0/../../../../avr/lib/avr5/crtatmega328p.o
                0x0000000000000338                __vector_22
                0x0000000000000338                __vector_24
                0x0000000000000338                __vector_12
                0x0000000000000338                __bad_interrupt
                0x0000000000000338                __vector_6
                0x0000000000000338                __vector_23
                0x0000000000000338                __vector_25
                0x0000000000000338                __vector_11
                0x0000000000000338                __vector_13
                0x0000000000000338                __vector_17
                0x0000000000000338                __vector_7
                0x0000000000000338                __vector_5
                0x0000000000000338                __vector_4
                0x0000000000000338                __vector_9
                0x0000000000000338                __vector_2
                0x0000000000000338                __vector_21
                0x0000000000000338                __vector_15
                0x0000000000000338                __vector_8
                0x0000000000000338                __vector_10
                0x0000000000000338                __vector_16
                0x0000000000000338                __vector_18
                0x0000000000000338                __vector_20
 .text          0x000000000000033a       0x1c obj-m328p-arduino/src/crc7asm.o
                0x000000000000033a                crc7update
                0x0000000000000356                . = ALIGN (0x2)
 *(.text.*)
 .text.wild_cmp
                0x0000000000000356       0x6e obj-m328p-arduino/src/catalog.o
 .text.left_pad_with_blanks.constprop.3
                0x00000000000003c4       0x4e obj-m328p-arduino/src/catalog.o
 .text.format_file_size.constprop.2
                0x0000000000000412      0x112 obj-m328p-arduino/src/catalog.o
 .text.cat_open_pgm
                0x0000000000000524       0x40 obj-m328p-arduino/src/catalog.o
                0x0000000000000524                cat_open_pgm
 .text.cat_close_pgm
                0x0000000000000564       0x1c obj-m328p-arduino/src/catalog.o
                0x0000000000000564                cat_close_pgm
 .text.cat_write_record_pgm
                0x0000000000000580       0xa2 obj-m328p-arduino/src/catalog.o
                0x0000000000000580                cat_write_record_pgm
 .text.cat_write_txt
                0x0000000000000622       0xb2 obj-m328p-arduino/src/catalog.o
                0x0000000000000622                cat_write_txt
 .text.cat_skip_file
                0x00000000000006d4       0x4a obj-m328p-arduino/src/catalog.o
                0x00000000000006d4                cat_skip_file
 .text.cat_get_num_entries
                0x000000000000071e       0x6c obj-m328p-arduino/src/catalog.o
                0x000000000000071e                cat_get_num_entries
 .text.hex_read_catalog_pgm
                0x000000000000078a       0xec obj-m328p-arduino/src/catalog.o
                0x000000000000078a                hex_read_catalog_pgm
 .text.hex_read_catalog_txt
                0x0000000000000876       0xc8 obj-m328p-arduino/src/catalog.o
                0x0000000000000876                hex_read_catalog_txt
 .text.hex_open_catalog
                0x000000000000093e      0x17c obj-m328p-arduino/src/catalog.o
                0x000000000000093e                hex_open_catalog
 .text.clk_write
                0x0000000000000aba      0x1fe obj-m328p-arduino/src/clock.o
 .text.clk_open
                0x0000000000000cb8       0xbc obj-m328p-arduino/src/clock.o
 .text.clk_read
                0x0000000000000d74      0x12a obj-m328p-arduino/src/clock.o
 .text.clk_reset
                0x0000000000000e9e        0xc obj-m328p-arduino/src/clock.o
                0x0000000000000e9e                clk_reset
 .text.clk_reset_dev
                0x0000000000000eaa       0x10 obj-m328p-arduino/src/clock.o
 .text.clk_close
                0x0000000000000eba       0x24 obj-m328p-arduino/src/clock.o
 .text.clk_register
                0x0000000000000ede       0x30 obj-m328p-arduino/src/clock.o
                0x0000000000000ede                clk_register
 .text.clk_init
                0x0000000000000f0e       0x3e obj-m328p-arduino/src/clock.o
                0x0000000000000f0e                clk_init
 .text.find_lun
                0x0000000000000f4c       0x38 obj-m328p-arduino/src/drive.o
 .text.drv_verify
                0x0000000000000f84       0xe0 obj-m328p-arduino/src/drive.o
 .text.drv_status
                0x0000000000001064       0x8e obj-m328p-arduino/src/drive.o
 .text.next_value_size
                0x00000000000010f2       0xbc obj-m328p-arduino/src/drive.o
 .text.drv_read
                0x00000000000011ae      0x23c obj-m328p-arduino/src/drive.o
 .text.free_lun
                0x00000000000013ea       0x46 obj-m328p-arduino/src/drive.o
 .text.reserve_lun
                0x0000000000001430       0x5e obj-m328p-arduino/src/drive.o
 .text.drv_close
                0x000000000000148e       0x6a obj-m328p-arduino/src/drive.o
 .text.drv_start
                0x00000000000014f8       0x1e obj-m328p-arduino/src/drive.o
 .text.drv_delete
                0x0000000000001516       0x76 obj-m328p-arduino/src/drive.o
 .text.drv_restore
                0x000000000000158c       0x42 obj-m328p-arduino/src/drive.o
 .text.drv_delete_open
                0x00000000000015ce       0x66 obj-m328p-arduino/src/drive.o
 .text.drv_exec_cmds.constprop.4
                0x0000000000001634      0x13c obj-m328p-arduino/src/drive.o
 .text.drv_write
                0x0000000000001770      0x258 obj-m328p-arduino/src/drive.o
 .text.drv_open
                0x00000000000019c8      0x1f4 obj-m328p-arduino/src/drive.o
 .text.drv_register
                0x0000000000001bbc       0x20 obj-m328p-arduino/src/drive.o
                0x0000000000001bbc                drv_register
 .text.drv_reset
                0x0000000000001bdc       0x5a obj-m328p-arduino/src/drive.o
                0x0000000000001bdc                drv_reset
 .text.drv_reset_dev
                0x0000000000001c36       0x10 obj-m328p-arduino/src/drive.o
 .text.drv_init
                0x0000000000001c46       0x30 obj-m328p-arduino/src/drive.o
                0x0000000000001c46                drv_init
 .text.dsrtc_get
                0x0000000000001c76       0x9c obj-m328p-arduino/src/ds1307-3231.o
                0x0000000000001c76                rtc_get
                0x0000000000001c76                dsrtc_get
 .text.dsrtc_set
                0x0000000000001d12       0xb2 obj-m328p-arduino/src/ds1307-3231.o
                0x0000000000001d12                dsrtc_set
                0x0000000000001d12                rtc_set
 .text.dsrtc_get_type
                0x0000000000001dc4        0x4 obj-m328p-arduino/src/ds1307-3231.o
                0x0000000000001dc4                rtc_get_type
                0x0000000000001dc4                dsrtc_get_type
 .text.dsrtc_init
                0x0000000000001dc8       0x52 obj-m328p-arduino/src/ds1307-3231.o
                0x0000000000001dc8                dsrtc_init
                0x0000000000001dc8                rtc_init
 .text.ee_get_config
                0x0000000000001e1a       0x6a obj-m328p-arduino/src/eeprom.o
                0x0000000000001e1a                ee_get_config
 .text.ee_set_config
                0x0000000000001e84       0x38 obj-m328p-arduino/src/eeprom.o
                0x0000000000001e84                ee_set_config
 .text.clust2sect
                0x0000000000001ebc       0x50 obj-m328p-arduino/src/ff.o
 .text.get_fileinfo
                0x0000000000001f0c       0xe2 obj-m328p-arduino/src/ff.o
 .text.dos_char
                0x0000000000001fee       0x50 obj-m328p-arduino/src/ff.o
 .text.auto_mount.isra.5
                0x000000000000203e       0x34 obj-m328p-arduino/src/ff.o
 .text.validate
                0x0000000000002072       0x1a obj-m328p-arduino/src/ff.o
 .text.move_window.constprop.8
                0x000000000000208c      0x118 obj-m328p-arduino/src/ff.o
 .text.move_fs_window
                0x00000000000021a4        0x4 obj-m328p-arduino/src/ff.o
 .text.check_fs
                0x00000000000021a8       0xa4 obj-m328p-arduino/src/ff.o
 .text.get_cluster
                0x000000000000224c      0x142 obj-m328p-arduino/src/ff.o
 .text.next_dir_entry
                0x000000000000238e       0xc2 obj-m328p-arduino/src/ff.o
 .text.put_cluster
                0x0000000000002450      0x178 obj-m328p-arduino/src/ff.o
 .text.create_chain
                0x00000000000025c8      0x17e obj-m328p-arduino/src/ff.o
 .text.remove_chain
                0x0000000000002746       0x98 obj-m328p-arduino/src/ff.o
 .text.reserve_direntry
                0x00000000000027de      0x2ce obj-m328p-arduino/src/ff.o
 .text.sync     0x0000000000002aac       0xe0 obj-m328p-arduino/src/ff.o
 .text.trace_path
                0x0000000000002b8c      0x416 obj-m328p-arduino/src/ff.o
 .text.mount_drv
                0x0000000000002fa2      0x3ea obj-m328p-arduino/src/ff.o
                0x0000000000002fa2                mount_drv
 .text.add_direntry
                0x000000000000338c      0x3f8 obj-m328p-arduino/src/ff.o
                0x000000000000338c                add_direntry
 .text.f_mount  0x0000000000003784       0x10 obj-m328p-arduino/src/ff.o
                0x0000000000003784                f_mount
 .text.f_open   0x0000000000003794      0x26a obj-m328p-arduino/src/ff.o
                0x0000000000003794                f_open
 .text.f_read   0x00000000000039fe      0x20a obj-m328p-arduino/src/ff.o
                0x00000000000039fe                f_read
 .text.f_write  0x0000000000003c08      0x2b0 obj-m328p-arduino/src/ff.o
                0x0000000000003c08                f_write
 .text.f_sync   0x0000000000003eb8       0x9e obj-m328p-arduino/src/ff.o
                0x0000000000003eb8                f_sync
 .text.f_close  0x0000000000003f56       0x16 obj-m328p-arduino/src/ff.o
                0x0000000000003f56                f_close
 .text.f_lseek  0x0000000000003f6c      0x2f2 obj-m328p-arduino/src/ff.o
                0x0000000000003f6c                f_lseek
 .text.f_opendir
                0x000000000000425e       0xa8 obj-m328p-arduino/src/ff.o
                0x000000000000425e                f_opendir
 .text.f_readdir
                0x0000000000004306      0x158 obj-m328p-arduino/src/ff.o
                0x0000000000004306                f_readdir
 .text.f_unlink
                0x000000000000445e      0x1aa obj-m328p-arduino/src/ff.o
                0x000000000000445e                f_unlink
 .text.f_mkdir  0x0000000000004608      0x294 obj-m328p-arduino/src/ff.o
                0x0000000000004608                f_mkdir
 .text.f_chdir  0x000000000000489c       0x96 obj-m328p-arduino/src/ff.o
                0x000000000000489c                f_chdir
 .text.f_rename
                0x0000000000004932      0x1f4 obj-m328p-arduino/src/ff.o
                0x0000000000004932                f_rename
 .text.hex_hsk_lo
                0x0000000000004b26        0xa obj-m328p-arduino/src/hexbus.o
 .text.hex_wait_for_hsk_lo
                0x0000000000004b30       0x10 obj-m328p-arduino/src/hexbus.o
 .text.hex_is_bav
                0x0000000000004b40        0x6 obj-m328p-arduino/src/hexbus.o
                0x0000000000004b40                hex_is_bav
 .text.hex_release_data
                0x0000000000004b46       0x16 obj-m328p-arduino/src/hexbus.o
                0x0000000000004b46                hex_release_data
 .text.hex_release_bus
                0x0000000000004b5c        0xe obj-m328p-arduino/src/hexbus.o
                0x0000000000004b5c                hex_release_bus
 .text.hex_finish
                0x0000000000004b6a       0x12 obj-m328p-arduino/src/hexbus.o
                0x0000000000004b6a                hex_finish
 .text.hex_capture_hsk
                0x0000000000004b7c        0xc obj-m328p-arduino/src/hexbus.o
                0x0000000000004b7c                hex_capture_hsk
 .text.hex_recv_byte
                0x0000000000004b88       0x44 obj-m328p-arduino/src/hexbus.o
                0x0000000000004b88                hex_recv_byte
 .text.hex_send_byte
                0x0000000000004bcc       0x68 obj-m328p-arduino/src/hexbus.o
                0x0000000000004bcc                hex_send_byte
 .text.hex_send_word
                0x0000000000004c34       0x12 obj-m328p-arduino/src/hexbus.o
                0x0000000000004c34                hex_send_word
 .text.hex_send_size_response
                0x0000000000004c46       0x2e obj-m328p-arduino/src/hexbus.o
                0x0000000000004c46                hex_send_size_response
 .text.hex_send_final_response
                0x0000000000004c74       0x18 obj-m328p-arduino/src/hexbus.o
                0x0000000000004c74                hex_send_final_response
 .text.hex_init
                0x0000000000004c8c       0x16 obj-m328p-arduino/src/hexbus.o
                0x0000000000004c8c                hex_init
 .text.parse_number
                0x0000000000004ca2       0xde obj-m328p-arduino/src/hexops.o
                0x0000000000004ca2                parse_number
 .text.hex_get_data
                0x0000000000004d80       0x36 obj-m328p-arduino/src/hexops.o
                0x0000000000004d80                hex_get_data
 .text.hex_eat_it
                0x0000000000004db6       0x40 obj-m328p-arduino/src/hexops.o
                0x0000000000004db6                hex_eat_it
 .text.hex_unsupported
                0x0000000000004df6        0xc obj-m328p-arduino/src/hexops.o
                0x0000000000004df6                hex_unsupported
 .text.hex_null
                0x0000000000004e02        0xa obj-m328p-arduino/src/hexops.o
                0x0000000000004e02                hex_null
 .text.hex_open_helper
                0x0000000000004e0c       0x64 obj-m328p-arduino/src/hexops.o
                0x0000000000004e0c                hex_open_helper
 .text.trim     0x0000000000004e70       0x60 obj-m328p-arduino/src/hexops.o
                0x0000000000004e70                trim
 .text.parse_cmd
                0x0000000000004ed0       0xaa obj-m328p-arduino/src/hexops.o
                0x0000000000004ed0                parse_cmd
 .text.parse_equate
                0x0000000000004f7a       0x7e obj-m328p-arduino/src/hexops.o
                0x0000000000004f7a                parse_equate
 .text.split_cmd
                0x0000000000004ff8       0x60 obj-m328p-arduino/src/hexops.o
                0x0000000000004ff8                split_cmd
 .text.hex_finish_open
                0x0000000000005058       0x12 obj-m328p-arduino/src/hexops.o
                0x0000000000005058                hex_finish_open
 .text.hex_exec_cmd
                0x000000000000506a       0xe4 obj-m328p-arduino/src/hexops.o
                0x000000000000506a                hex_exec_cmd
 .text.hex_exec_cmds
                0x000000000000514e       0x54 obj-m328p-arduino/src/hexops.o
                0x000000000000514e                hex_exec_cmds
 .text.hex_write_cmd_helper
                0x00000000000051a2       0x18 obj-m328p-arduino/src/hexops.o
                0x00000000000051a2                hex_write_cmd_helper
 .text.hex_write_cmd
                0x00000000000051ba       0x46 obj-m328p-arduino/src/hexops.o
                0x00000000000051ba                hex_write_cmd
 .text.hex_close_cmd
                0x0000000000005200        0x6 obj-m328p-arduino/src/hexops.o
                0x0000000000005200                hex_close_cmd
 .text.hex_read_status
                0x0000000000005206       0x42 obj-m328p-arduino/src/hexops.o
                0x0000000000005206                hex_read_status
 .text.set_busy_led
                0x0000000000005248       0x18 obj-m328p-arduino/src/led.o
                0x0000000000005248                set_busy_led
 .text.get_led_state
                0x0000000000005260        0x6 obj-m328p-arduino/src/led.o
                0x0000000000005260                get_led_state
 .text.hex_reset_bus
                0x0000000000005266       0x18 obj-m328p-arduino/src/main.o
 .text.setup    0x000000000000527e       0x30 obj-m328p-arduino/src/main.o
                0x000000000000527e                setup
 .text.startup.main
                0x00000000000052ae      0x158 obj-m328p-arduino/src/main.o
                0x00000000000052ae                main
 .text.__vector_1
                0x0000000000005406       0x3e obj-m328p-arduino/src/powermgmt.o
                0x0000000000005406                __vector_1
 .text.pwr_sleep
                0x0000000000005444       0x66 obj-m328p-arduino/src/powermgmt.o
                0x0000000000005444                pwr_sleep
 .text.pwr_init
                0x00000000000054aa       0x18 obj-m328p-arduino/src/powermgmt.o
                0x00000000000054aa                pwr_init
 .text.is_cfg_valid
                0x00000000000054c2       0x18 obj-m328p-arduino/src/printer.o
 .text.prn_reset_dev
                0x00000000000054da        0xe obj-m328p-arduino/src/printer.o
 .text.prn_read
                0x00000000000054e8       0x12 obj-m328p-arduino/src/printer.o
 .text.prn_exec_cmds
                0x00000000000054fa       0xf4 obj-m328p-arduino/src/printer.o
 .text.prn_close
                0x00000000000055ee       0x22 obj-m328p-arduino/src/printer.o
 .text.prn_open
                0x0000000000005610       0xe6 obj-m328p-arduino/src/printer.o
 .text.prn_write
                0x00000000000056f6       0xa4 obj-m328p-arduino/src/printer.o
 .text.prn_reset
                0x000000000000579a        0x6 obj-m328p-arduino/src/printer.o
                0x000000000000579a                prn_reset
 .text.prn_register
                0x00000000000057a0       0x18 obj-m328p-arduino/src/printer.o
                0x00000000000057a0                prn_register
 .text.prn_is_open
                0x00000000000057b8        0xe obj-m328p-arduino/src/printer.o
                0x00000000000057b8                prn_is_open
 .text.prn_init
                0x00000000000057c6       0x18 obj-m328p-arduino/src/printer.o
                0x00000000000057c6                prn_init
 .text.reg_add  0x00000000000057de       0x48 obj-m328p-arduino/src/registry.o
                0x00000000000057de                reg_add
 .text.get_fattime
                0x0000000000005826       0xa6 obj-m328p-arduino/src/rtc.o
                0x0000000000005826                get_fattime
 .text.bcd2int  0x00000000000058cc       0x12 obj-m328p-arduino/src/rtc.o
                0x00000000000058cc                bcd2int
 .text.int2bcd  0x00000000000058de        0xe obj-m328p-arduino/src/rtc.o
                0x00000000000058de                int2bcd
 .text.rtc_get_state
                0x00000000000058ec        0x6 obj-m328p-arduino/src/rtc.o
                0x00000000000058ec                rtc_get_state
 .text._crc_xmodem_update
                0x00000000000058f2       0x34 obj-m328p-arduino/src/sdcard.o
 .text.getticks
                0x0000000000005926       0x10 obj-m328p-arduino/src/sdcard.o
 .text.deselect_card
                0x0000000000005936        0xa obj-m328p-arduino/src/sdcard.o
 .text.send_command.constprop.7
                0x0000000000005940       0x8a obj-m328p-arduino/src/sdcard.o
 .text.__vector_3
                0x00000000000059ca       0x26 obj-m328p-arduino/src/sdcard.o
                0x00000000000059ca                __vector_3
 .text.sd_init  0x00000000000059f0       0x1e obj-m328p-arduino/src/sdcard.o
                0x00000000000059f0                sd_init
                0x00000000000059f0                disk_init
 .text.sd_status
                0x0000000000005a0e       0x14 obj-m328p-arduino/src/sdcard.o
                0x0000000000005a0e                sd_status
                0x0000000000005a0e                disk_status
 .text.sd_initialize
                0x0000000000005a22      0x19a obj-m328p-arduino/src/sdcard.o
                0x0000000000005a22                sd_initialize
                0x0000000000005a22                disk_initialize
 .text.sd_read  0x0000000000005bbc      0x132 obj-m328p-arduino/src/sdcard.o
                0x0000000000005bbc                disk_read
                0x0000000000005bbc                sd_read
 .text.sd_write
                0x0000000000005cee      0x112 obj-m328p-arduino/src/sdcard.o
                0x0000000000005cee                disk_write
                0x0000000000005cee                sd_write
 .text.ser_rtn_sta
                0x0000000000005e00        0x2 obj-m328p-arduino/src/serial.o
 .text.is_cfg_valid
                0x0000000000005e02       0x18 obj-m328p-arduino/src/serial.o
 .text.ser_exec_cmds
                0x0000000000005e1a      0x350 obj-m328p-arduino/src/serial.o
 .text.ser_read
                0x000000000000616a       0x92 obj-m328p-arduino/src/serial.o
 .text.ser_open
                0x00000000000061fc      0x186 obj-m328p-arduino/src/serial.o
 .text.ser_write
                0x0000000000006382       0xbe obj-m328p-arduino/src/serial.o
 .text.ser_set_opts
                0x0000000000006440        0x2 obj-m328p-arduino/src/serial.o
 .text.ser_reset
                0x0000000000006442        0xc obj-m328p-arduino/src/serial.o
                0x0000000000006442                ser_reset
 .text.ser_reset_dev
                0x000000000000644e       0x10 obj-m328p-arduino/src/serial.o
 .text.ser_close
                0x000000000000645e       0x24 obj-m328p-arduino/src/serial.o
 .text.ser_register
                0x0000000000006482       0x18 obj-m328p-arduino/src/serial.o
                0x0000000000006482                ser_register
 .text.ser_is_open
                0x000000000000649a        0xe obj-m328p-arduino/src/serial.o
                0x000000000000649a                ser_is_open
 .text.ser_init
                0x00000000000064a8       0x56 obj-m328p-arduino/src/serial.o
                0x00000000000064a8                ser_init
 .text.set_scl.part.0
                0x00000000000064fe        0xa obj-m328p-arduino/src/softi2c.o
 .text.set_sda.part.1
                0x0000000000006508        0x6 obj-m328p-arduino/src/softi2c.o
 .text.set_sda  0x000000000000650e        0xe obj-m328p-arduino/src/softi2c.o
 .text.stop_condition
                0x000000000000651c       0x1c obj-m328p-arduino/src/softi2c.o
 .text.set_scl.constprop.2
                0x0000000000006538        0x6 obj-m328p-arduino/src/softi2c.o
 .text.i2c_recv_byte
                0x000000000000653e       0x60 obj-m328p-arduino/src/softi2c.o
 .text.i2c_send_byte
                0x000000000000659e       0x58 obj-m328p-arduino/src/softi2c.o
 .text.start_condition
                0x00000000000065f6       0x18 obj-m328p-arduino/src/softi2c.o
 .text.i2c_write_register
                0x000000000000660e       0x32 obj-m328p-arduino/src/softi2c.o
                0x000000000000660e                i2c_write_register
 .text.i2c_write_registers
                0x0000000000006640       0x4e obj-m328p-arduino/src/softi2c.o
                0x0000000000006640                i2c_write_registers
 .text.i2c_read_register
                0x000000000000668e       0x3a obj-m328p-arduino/src/softi2c.o
                0x000000000000668e                i2c_read_register
 .text.i2c_read_registers
                0x00000000000066c8       0x6a obj-m328p-arduino/src/softi2c.o
                0x00000000000066c8                i2c_read_registers
 .text.i2c_init
                0x0000000000006732       0x12 obj-m328p-arduino/src/softi2c.o
                0x0000000000006732                i2c_init
 .text.spi_set_speed
                0x0000000000006744       0x14 obj-m328p-arduino/src/spi.o
                0x0000000000006744                spi_set_speed
 .text.spi_init
                0x0000000000006758       0x28 obj-m328p-arduino/src/spi.o
                0x0000000000006758                spi_init
 .text.spi_tx_byte
                0x0000000000006780        0xc obj-m328p-arduino/src/spi.o
                0x0000000000006780                spi_tx_byte
 .text.spi_rx_byte
                0x000000000000678c        0xe obj-m328p-arduino/src/spi.o
                0x000000000000678c                spi_rx_byte
 .text.spi_exchange_block
                0x000000000000679a       0x30 obj-m328p-arduino/src/spi.o
                0x000000000000679a                spi_exchange_block
 .text.__vector_14
                0x00000000000067ca       0x80 obj-m328p-arduino/src/timer.o
                0x00000000000067ca                __vector_14
 .text.timer_init
                0x000000000000684a       0x1a obj-m328p-arduino/src/timer.o
                0x000000000000684a                timer_init
 .text.__vector_19
                0x0000000000006864       0x56 obj-m328p-arduino/src/uart.o
                0x0000000000006864                __vector_19
 .text.uart0_data_tosend
                0x00000000000068ba        0x8 obj-m328p-arduino/src/uart.o
                0x00000000000068ba                uart0_data_tosend
                0x00000000000068ba                uart_data_tosend
 .text.uart0_data_available
                0x00000000000068c2        0xc obj-m328p-arduino/src/uart.o
                0x00000000000068c2                uart_data_available
                0x00000000000068c2                uart0_data_available
 .text.uart0_putc
                0x00000000000068ce       0x2a obj-m328p-arduino/src/uart.o
                0x00000000000068ce                uart0_putc
                0x00000000000068ce                uart_putc
 .text.uart0_getc
                0x00000000000068f8        0xe obj-m328p-arduino/src/uart.o
                0x00000000000068f8                uart0_getc
                0x00000000000068f8                uart_getc
 .text.uart0_config
                0x0000000000006906       0x20 obj-m328p-arduino/src/uart.o
                0x0000000000006906                uart_config
                0x0000000000006906                uart0_config
 .text.uart_init
                0x0000000000006926       0x26 obj-m328p-arduino/src/uart.o
                0x0000000000006926                uart_init
 .text.libgcc.mul
                0x000000000000694c       0x1e c:/tools/avr-gcc_7.3.0/bin/../lib/gcc/avr/7.3.0/avr5\libgcc.a(_mulsi3.o)
                0x000000000000694c                __mulsi3
 .text.libgcc.div
                0x000000000000696a       0x18 c:/tools/avr-gcc_7.3.0/bin/../lib/gcc/avr/7.3.0/avr5\libgcc.a(_udivmodqi4.o)
                0x000000000000696a                __udivmodqi4
 .text.libgcc.div
                0x0000000000006982       0x28 c:/tools/avr-gcc_7.3.0/bin/../lib/gcc/avr/7.3.0/avr5\libgcc.a(_udivmodhi4.o)
                0x0000000000006982                __udivmodhi4
 .text.libgcc.div
                0x00000000000069aa       0x44 c:/tools/avr-gcc_7.3.0/bin/../lib/gcc/avr/7.3.0/avr5\libgcc.a(_udivmodsi4.o)
                0x00000000000069aa                __udivmodsi4
 .text.libgcc   0x00000000000069ee        0xc c:/tools/avr-gcc_7.3.0/bin/../lib/gcc/avr/7.3.0/avr5\libgcc.a(_tablejump2.o)
                0x00000000000069ee                __tablejump2__
 .text.libgcc.mul
                0x00000000000069fa       0x14 c:/tools/avr-gcc_7.3.0/bin/../lib/gcc/avr/7.3.0/avr5\libgcc.a(_muluhisi3.o)
                0x00000000000069fa                __muluhisi3
 .text.libgcc.prologue
                0x0000000000006a0e       0x38 c:/tools/avr-gcc_7.3.0/bin/../lib/gcc/avr/7.3.0/avr5\libgcc.a(_prologue.o)
                0x0000000000006a0e                __prologue_saves__
 .text.libgcc.prologue
                0x0000000000006a46       0x36 c:/tools/avr-gcc_7.3.0/bin/../lib/gcc/avr/7.3.0/avr5\libgcc.a(_epilogue.o)
                0x0000000000006a46                __epilogue_restores__
 .text.libgcc.mul
                0x0000000000006a7c       0x1e c:/tools/avr-gcc_7.3.0/bin/../lib/gcc/avr/7.3.0/avr5\libgcc.a(_umulhisi3.o)
                0x0000000000006a7c                __umulhisi3
 .text.avr-libc.fplib
                0x0000000000006a9a        0xa c:/tools/avr-gcc_7.3.0/bin/../lib/gcc/avr/7.3.0/../../../../avr/lib/avr5\libm.a(addsf3.o)
                0x0000000000006a9a                __subsf3
                0x0000000000006a9c                __addsf3
 .text.avr-libc.fplib
                0x0000000000006aa4       0xc0 c:/tools/avr-gcc_7.3.0/bin/../lib/gcc/avr/7.3.0/../../../../avr/lib/avr5\libm.a(addsf3x.o)
                0x0000000000006abe                __addsf3x
 .text.avr-libc.fplib
                0x0000000000006b64        0x4 c:/tools/avr-gcc_7.3.0/bin/../lib/gcc/avr/7.3.0/../../../../avr/lib/avr5\libm.a(divsf3.o)
                0x0000000000006b64                __divsf3
 .text.avr-libc.fplib
                0x0000000000006b68       0xcc c:/tools/avr-gcc_7.3.0/bin/../lib/gcc/avr/7.3.0/../../../../avr/lib/avr5\libm.a(divsf3x.o)
                0x0000000000006b7e                __divsf3x
                0x0000000000006b82                __divsf3_pse
 .text.avr-libc.fplib
                0x0000000000006c34        0xa c:/tools/avr-gcc_7.3.0/bin/../lib/gcc/avr/7.3.0/../../../../avr/lib/avr5\libm.a(fixsfsi.o)
                0x0000000000006c34                __fixsfsi
 .text.avr-libc.fplib
                0x0000000000006c3e       0x58 c:/tools/avr-gcc_7.3.0/bin/../lib/gcc/avr/7.3.0/../../../../avr/lib/avr5\libm.a(fixunssfsi.o)
                0x0000000000006c3e                __fixunssfsi
 .text.avr-libc.fplib
                0x0000000000006c96       0x7a c:/tools/avr-gcc_7.3.0/bin/../lib/gcc/avr/7.3.0/../../../../avr/lib/avr5\libm.a(floatsisf.o)
                0x0000000000006c96                __floatunsisf
                0x0000000000006c9a                __floatsisf
 .text.avr-libc.fplib
                0x0000000000006d10        0xc c:/tools/avr-gcc_7.3.0/bin/../lib/gcc/avr/7.3.0/../../../../avr/lib/avr5\libm.a(fp_inf.o)
                0x0000000000006d10                __fp_inf
 .text.avr-libc.fplib
                0x0000000000006d1c        0x6 c:/tools/avr-gcc_7.3.0/bin/../lib/gcc/avr/7.3.0/../../../../avr/lib/avr5\libm.a(fp_nan.o)
                0x0000000000006d1c                __fp_nan
 .text.avr-libc.fplib
                0x0000000000006d22        0xe c:/tools/avr-gcc_7.3.0/bin/../lib/gcc/avr/7.3.0/../../../../avr/lib/avr5\libm.a(fp_pscA.o)
                0x0000000000006d22                __fp_pscA
 .text.avr-libc.fplib
                0x0000000000006d30        0xe c:/tools/avr-gcc_7.3.0/bin/../lib/gcc/avr/7.3.0/../../../../avr/lib/avr5\libm.a(fp_pscB.o)
                0x0000000000006d30                __fp_pscB
 .text.avr-libc.fplib
                0x0000000000006d3e       0x22 c:/tools/avr-gcc_7.3.0/bin/../lib/gcc/avr/7.3.0/../../../../avr/lib/avr5\libm.a(fp_round.o)
                0x0000000000006d3e                __fp_round
 .text.avr-libc.fplib
                0x0000000000006d60       0x44 c:/tools/avr-gcc_7.3.0/bin/../lib/gcc/avr/7.3.0/../../../../avr/lib/avr5\libm.a(fp_split3.o)
                0x0000000000006d60                __fp_split3
                0x0000000000006d70                __fp_splitA
 .text.avr-libc.fplib
                0x0000000000006da4        0xe c:/tools/avr-gcc_7.3.0/bin/../lib/gcc/avr/7.3.0/../../../../avr/lib/avr5\libm.a(fp_zero.o)
                0x0000000000006da4                __fp_zero
                0x0000000000006da6                __fp_szero
 .text.avr-libc.fplib
                0x0000000000006db2        0xc c:/tools/avr-gcc_7.3.0/bin/../lib/gcc/avr/7.3.0/../../../../avr/lib/avr5\libm.a(log10.o)
                0x0000000000006db2                log10
 .text.avr-libc.fplib
                0x0000000000006dbe       0x8a c:/tools/avr-gcc_7.3.0/bin/../lib/gcc/avr/7.3.0/../../../../avr/lib/avr5\libm.a(log.o)
                0x0000000000006dc8                log
 .text.avr-libc.fplib
                0x0000000000006e48        0x4 c:/tools/avr-gcc_7.3.0/bin/../lib/gcc/avr/7.3.0/../../../../avr/lib/avr5\libm.a(mulsf3.o)
                0x0000000000006e48                __mulsf3
 .text.avr-libc.fplib
                0x0000000000006e4c       0xc2 c:/tools/avr-gcc_7.3.0/bin/../lib/gcc/avr/7.3.0/../../../../avr/lib/avr5\libm.a(mulsf3x.o)
                0x0000000000006e60                __mulsf3x
                0x0000000000006e64                __mulsf3_pse
 .text.avr-libc.fplib
                0x0000000000006f0e       0x1c c:/tools/avr-gcc_7.3.0/bin/../lib/gcc/avr/7.3.0/../../../../avr/lib/avr5\libm.a(fp_mpack.o)
                0x0000000000006f0e                __fp_mpack
                0x0000000000006f12                __fp_mpack_finite
 .text.avr-libc.fplib
                0x0000000000006f2a       0x4a c:/tools/avr-gcc_7.3.0/bin/../lib/gcc/avr/7.3.0/../../../../avr/lib/avr5\libm.a(fp_powser.o)
                0x0000000000006f2a                __fp_powser
 .text.avr-libc
                0x0000000000006f74      0x24a c:/tools/avr-gcc_7.3.0/bin/../lib/gcc/avr/7.3.0/../../../../avr/lib/avr5\libc.a(malloc.o)
                0x0000000000006f74                malloc
                0x00000000000070ac                free
 .text.avr-libc
                0x00000000000071be       0x1a c:/tools/avr-gcc_7.3.0/bin/../lib/gcc/avr/7.3.0/../../../../avr/lib/avr5\libc.a(memcmp_P.o)
                0x00000000000071be                memcmp_P
 .text.avr-libc
                0x00000000000071d8       0x12 c:/tools/avr-gcc_7.3.0/bin/../lib/gcc/avr/7.3.0/../../../../avr/lib/avr5\libc.a(memcpy_P.o)
                0x00000000000071d8                memcpy_P
 .text.avr-libc
                0x00000000000071ea       0x30 c:/tools/avr-gcc_7.3.0/bin/../lib/gcc/avr/7.3.0/../../../../avr/lib/avr5\libc.a(strdup.o)
                0x00000000000071ea                strdup
 .text.avr-libc
                0x000000000000721a       0x1a c:/tools/avr-gcc_7.3.0/bin/../lib/gcc/avr/7.3.0/../../../../avr/lib/avr5\libc.a(memcmp.o)
                0x000000000000721a                memcmp
 .text.avr-libc
                0x0000000000007234       0x12 c:/tools/avr-gcc_7.3.0/bin/../lib/gcc/avr/7.3.0/../../../../avr/lib/avr5\libc.a(memcpy.o)
                0x0000000000007234                memcpy
 .text.avr-libc
                0x0000000000007246       0x22 c:/tools/avr-gcc_7.3.0/bin/../lib/gcc/avr/7.3.0/../../../../avr/lib/avr5\libc.a(memmove.o)
                0x0000000000007246                memmove
 .text.avr-libc
                0x0000000000007268        0xe c:/tools/avr-gcc_7.3.0/bin/../lib/gcc/avr/7.3.0/../../../../avr/lib/avr5\libc.a(memset.o)
                0x0000000000007268                memset
 .text.avr-libc
                0x0000000000007276       0x12 c:/tools/avr-gcc_7.3.0/bin/../lib/gcc/avr/7.3.0/../../../../avr/lib/avr5\libc.a(strcmp.o)
                0x0000000000007276                strcmp
 .text.avr-libc
                0x0000000000007288        0xe c:/tools/avr-gcc_7.3.0/bin/../lib/gcc/avr/7.3.0/../../../../avr/lib/avr5\libc.a(strcpy.o)
                0x0000000000007288                strcpy
 .text.avr-libc
                0x0000000000007296       0x16 c:/tools/avr-gcc_7.3.0/bin/../lib/gcc/avr/7.3.0/../../../../avr/lib/avr5\libc.a(strrchr.o)
                0x0000000000007296                strrchr
 .text.avr-libc
                0x00000000000072ac       0x1c c:/tools/avr-gcc_7.3.0/bin/../lib/gcc/avr/7.3.0/../../../../avr/lib/avr5\libc.a(ltoa_ncheck.o)
                0x00000000000072ac                __ltoa_ncheck
 .text.avr-libc
                0x00000000000072c8       0x42 c:/tools/avr-gcc_7.3.0/bin/../lib/gcc/avr/7.3.0/../../../../avr/lib/avr5\libc.a(ultoa_ncheck.o)
                0x00000000000072c8                __ultoa_ncheck
                0x00000000000072ca                __ultoa_common
 .text.avr-libc
                0x000000000000730a       0x20 c:/tools/avr-gcc_7.3.0/bin/../lib/gcc/avr/7.3.0/../../../../avr/lib/avr5\libc.a(strrev.o)
                0x000000000000730a                strrev
 .text.avr-libc
                0x000000000000732a       0x20 c:/tools/avr-gcc_7.3.0/bin/../lib/gcc/avr/7.3.0/../../../../avr/lib/avr5\libatmega328p.a(eerd_block.o)
                0x000000000000732a                eeprom_read_block
                0x000000000000732e                eeprom_read_blraw
 .text.avr-libc
                0x000000000000734a       0x10 c:/tools/avr-gcc_7.3.0/bin/../lib/gcc/avr/7.3.0/../../../../avr/lib/avr5\libatmega328p.a(eerd_byte.o)
                0x000000000000734a                eeprom_read_byte
 .text.avr-libc
                0x000000000000735a        0xa c:/tools/avr-gcc_7.3.0/bin/../lib/gcc/avr/7.3.0/../../../../avr/lib/avr5\libatmega328p.a(eerd_word.o)
                0x000000000000735a                eeprom_read_word
 .text.avr-libc
                0x0000000000007364       0x12 c:/tools/avr-gcc_7.3.0/bin/../lib/gcc/avr/7.3.0/../../../../avr/lib/avr5\libatmega328p.a(eewr_block.o)
                0x0000000000007364                eeprom_write_block
 .text.avr-libc
                0x0000000000007376       0x1c c:/tools/avr-gcc_7.3.0/bin/../lib/gcc/avr/7.3.0/../../../../avr/lib/avr5\libatmega328p.a(eewr_byte.o)
                0x0000000000007376                eeprom_write_byte
                0x0000000000007378                eeprom_write_r18
                0x0000000000007392                . = ALIGN (0x2)
 *(.fini9)
 .fini9         0x0000000000007392        0x0 c:/tools/avr-gcc_7.3.0/bin/../lib/gcc/avr/7.3.0/avr5\libgcc.a(_exit.o)
                0x0000000000007392                _exit
                0x0000000000007392                exit
 *(.fini9)
 *(.fini8)
 *(.fini8)
 *(.fini7)
 *(.fini7)
 *(.fini6)
 *(.fini6)
 *(.fini5)
 *(.fini5)
 *(.fini4)
 *(.fini4)
 *(.fini3)
 *(.fini3)
 *(.fini2)
 *(.fini2)
 *(.fini1)
 *(.fini1)
 *(.fini0)
 .fini0         0x0000000000007392        0x4 c:/tools/avr-gcc_7.3.0/bin/../lib/gcc/avr/7.3.0/avr5\libgcc.a(_exit.o)
 *(.fini0)
                0x0000000000007396                _etext = .

.data           0x0000000000800100       0x24 load address 0x0000000000007396
                0x0000000000800100                PROVIDE (__data_start, .)
 *(.data)
 .data          0x0000000000800100        0x6 c:/tools/avr-gcc_7.3.0/bin/../lib/gcc/avr/7.3.0/../../../../avr/lib/avr5\libc.a(malloc.o)
                0x0000000000800100                __malloc_heap_end
                0x0000000000800102                __malloc_heap_start
                0x0000000000800104                __malloc_margin
 *(.data*)
 .data.pgm_trailer
                0x0000000000800106        0x7 obj-m328p-arduino/src/catalog.o
                0x0000000000800106                pgm_trailer
 .data.pgm_header
                0x000000000080010d        0x2 obj-m328p-arduino/src/catalog.o
                0x000000000080010d                pgm_header
 .data._cmd_lun
                0x000000000080010f        0x1 obj-m328p-arduino/src/drive.o
                0x000000000080010f                _cmd_lun
 *(.gnu.linkonce.d*)
 *(.rodata)
 *(.rodata*)
 .rodata.cat_skip_file.str1.1
                0x0000000000800110        0x3 obj-m328p-arduino/src/catalog.o
                                          0x5 (size before relaxing)
 .rodata.CSWTCH.95
                0x0000000000800113       0x10 obj-m328p-arduino/src/drive.o
 *(.gnu.linkonce.r*)
                0x0000000000800124                . = ALIGN (0x2)
 *fill*         0x0000000000800123        0x1 
                0x0000000000800124                _edata = .
                0x0000000000800124                PROVIDE (__data_end, .)

.bss            0x0000000000800124      0x63c
                0x0000000000800124                PROVIDE (__bss_start, .)
 *(.bss)
 *(.bss*)
 .bss.rtc_open  0x0000000000800124        0x1 obj-m328p-arduino/src/clock.o
                0x0000000000800124                rtc_open
 .bss.fs_initialized
                0x0000000000800125        0x1 obj-m328p-arduino/src/drive.o
                0x0000000000800125                fs_initialized
 .bss.open_files
                0x0000000000800126        0x1 obj-m328p-arduino/src/drive.o
                0x0000000000800126                open_files
 .bss.dsrtc_type
                0x0000000000800127        0x1 obj-m328p-arduino/src/ds1307-3231.o
 .bss.static_buf
                0x0000000000800128      0x207 obj-m328p-arduino/src/ff.o
 .bss._cfg      0x000000000080032f        0x2 obj-m328p-arduino/src/printer.o
 .bss._prn_open
                0x0000000000800331        0x1 obj-m328p-arduino/src/printer.o
 .bss.cardtype  0x0000000000800332        0x1 obj-m328p-arduino/src/sdcard.o
 .bss._cfg      0x0000000000800333        0xd obj-m328p-arduino/src/serial.o
 .bss._ser_open
                0x0000000000800340        0x1 obj-m328p-arduino/src/serial.o
                0x0000000000800340                _ser_open
 .bss.tx0_head  0x0000000000800341        0x1 obj-m328p-arduino/src/uart.o
 .bss.tx0_tail  0x0000000000800342        0x1 obj-m328p-arduino/src/uart.o
 .bss.tx0_buf   0x0000000000800343      0x100 obj-m328p-arduino/src/uart.o
 *(COMMON)
 COMMON         0x0000000000800443        0x1 obj-m328p-arduino/src/diskio.o
                0x0000000000800443                disk_state
 COMMON         0x0000000000800444      0x1d3 obj-m328p-arduino/src/drive.o
                0x0000000000800444                fs
                0x000000000080046f                files
 COMMON         0x0000000000800617       0x18 obj-m328p-arduino/src/eeprom.o
                0x0000000000800617                _config
 COMMON         0x000000000080062f      0x100 obj-m328p-arduino/src/hexops.o
                0x000000000080062f                buffer
 COMMON         0x000000000080072f        0x1 obj-m328p-arduino/src/led.o
                0x000000000080072f                led_state
 COMMON         0x0000000000800730       0x29 obj-m328p-arduino/src/main.o
                0x0000000000800730                registry
 COMMON         0x0000000000800759        0x1 obj-m328p-arduino/src/rtc.o
                0x0000000000800759                rtc_state
 COMMON         0x000000000080075a        0x2 obj-m328p-arduino/src/timer.o
                0x000000000080075a                ticks
 COMMON         0x000000000080075c        0x4 c:/tools/avr-gcc_7.3.0/bin/../lib/gcc/avr/7.3.0/../../../../avr/lib/avr5\libc.a(malloc.o)
                0x000000000080075c                __brkval
                0x000000000080075e                __flp
                0x0000000000800760                PROVIDE (__bss_end, .)
                0x0000000000007396                __data_load_start = LOADADDR (.data)
                0x00000000000073ba                __data_load_end = (__data_load_start + SIZEOF (.data))

.noinit         0x0000000000800760        0x0
                [!provide]                        PROVIDE (__noinit_start, .)
 *(.noinit*)
                [!provide]                        PROVIDE (__noinit_end, .)
                0x0000000000800760                _end = .
                0x0000000000800760                PROVIDE (__heap_start, .)

.eeprom         0x0000000000810000       0x18
 *(.eeprom*)
 .eeprom        0x0000000000810000       0x18 obj-m328p-arduino/src/eeprom.o
                0x0000000000810018                __eeprom_end = .

.fuse
 *(.fuse)
 *(.lfuse)
 *(.hfuse)
 *(.efuse)

.lock
 *(.lock*)

.signature
 *(.signature*)

.user_signatures
 *(.user_signatures*)

.stab           0x0000000000000000       0xcc
 *(.stab)
 .stab          0x0000000000000000       0xcc obj-m328p-arduino/src/crc7asm.o

.stabstr        0x0000000000000000       0x3c
 *(.stabstr)
 .stabstr       0x0000000000000000       0x3c obj-m328p-arduino/src/crc7asm.o

.stab.excl
 *(.stab.excl)

.stab.exclstr
 *(.stab.exclstr)

.stab.index
 *(.stab.index)

.stab.indexstr
 *(.stab.indexstr)

.comment        0x0000000000000000       0x30
 *(.comment)
 .comment       0x0000000000000000       0x30 obj-m328p-arduino/src/catalog.o
                                         0x31 (size before relaxing)
 .comment       0x0000000000000030       0x31 obj-m328p-arduino/src/clock.o
 .comment       0x0000000000000030       0x31 obj-m328p-arduino/src/diskio.o
 .comment       0x0000000000000030       0x31 obj-m328p-arduino/src/drive.o
 .comment       0x0000000000000030       0x31 obj-m328p-arduino/src/ds1307-3231.o
 .comment       0x0000000000000030       0x31 obj-m328p-arduino/src/eeprom.o
 .comment       0x0000000000000030       0x31 obj-m328p-arduino/src/ff.o
 .comment       0x0000000000000030       0x31 obj-m328p-arduino/src/hexbus.o
 .comment       0x0000000000000030       0x31 obj-m328p-arduino/src/hexops.o
 .comment       0x0000000000000030       0x31 obj-m328p-arduino/src/led.o
 .comment       0x0000000000000030       0x31 obj-m328p-arduino/src/main.o
 .comment       0x0000000000000030       0x31 obj-m328p-arduino/src/powermgmt.o
 .comment       0x0000000000000030       0x31 obj-m328p-arduino/src/printer.o
 .comment       0x0000000000000030       0x31 obj-m328p-arduino/src/registry.o
 .comment       0x0000000000000030       0x31 obj-m328p-arduino/src/rtc.o
 .comment       0x0000000000000030       0x31 obj-m328p-arduino/src/sdcard.o
 .comment       0x0000000000000030       0x31 obj-m328p-arduino/src/serial.o
 .comment       0x0000000000000030       0x31 obj-m328p-arduino/src/softi2c.o
 .comment       0x0000000000000030       0x31 obj-m328p-arduino/src/spi.o
 .comment       0x0000000000000030       0x31 obj-m328p-arduino/src/timer.o
 .comment       0x0000000000000030       0x31 obj-m328p-arduino/src/uart.o
 .comment       0x0000000000000030       0x31 c:/tools/avr-gcc_7.3.0/bin/../lib/gcc/avr/7.3.0/../../../../avr/lib/avr5\libc.a(malloc.o)
 .comment       0x0000000000000030       0x31 c:/tools/avr-gcc_7.3.0/bin/../lib/gcc/avr/7.3.0/../../../../avr/lib/avr5\libc.a(strdup.o)

.note.gnu.avr.deviceinfo
                0x0000000000000000       0x40
 .note.gnu.avr.deviceinfo
                0x0000000000000000       0x40 c:/tools/avr-gcc_7.3.0/bin/../lib/gcc/avr/7.3.0/../../../../avr/lib/avr5/crtatmega328p.o

.note.gnu.build-id
 *(.note.gnu.build-id)

.debug
 *(.debug)

.line
 *(.line)

.debug_srcinfo
 *(.debug_srcinfo)

.debug_sfnames
 *(.debug_sfnames)

.debug_aranges  0x0000000000000000      0x820
 *(.debug_aranges)
 .debug_aranges
                0x0000000000000000       0x88 obj-m328p-arduino/src/catalog.o
 .debug_aranges
                0x0000000000000088       0x60 obj-m328p-arduino/src/clock.o
 .debug_aranges
                0x00000000000000e8       0x18 obj-m328p-arduino/src/diskio.o
 .debug_aranges
                0x0000000000000100       0xb0 obj-m328p-arduino/src/drive.o
 .debug_aranges
                0x00000000000001b0       0x38 obj-m328p-arduino/src/ds1307-3231.o
 .debug_aranges
                0x00000000000001e8       0x28 obj-m328p-arduino/src/eeprom.o
 .debug_aranges
                0x0000000000000210      0x140 obj-m328p-arduino/src/ff.o
 .debug_aranges
                0x0000000000000350       0x88 obj-m328p-arduino/src/hexbus.o
 .debug_aranges
                0x00000000000003d8       0xa0 obj-m328p-arduino/src/hexops.o
 .debug_aranges
                0x0000000000000478       0x30 obj-m328p-arduino/src/led.o
 .debug_aranges
                0x00000000000004a8       0x30 obj-m328p-arduino/src/main.o
 .debug_aranges
                0x00000000000004d8       0x30 obj-m328p-arduino/src/powermgmt.o
 .debug_aranges
                0x0000000000000508       0x70 obj-m328p-arduino/src/printer.o
 .debug_aranges
                0x0000000000000578       0x20 obj-m328p-arduino/src/registry.o
 .debug_aranges
                0x0000000000000598       0x38 obj-m328p-arduino/src/rtc.o
 .debug_aranges
                0x00000000000005d0       0x78 obj-m328p-arduino/src/sdcard.o
 .debug_aranges
                0x0000000000000648       0x78 obj-m328p-arduino/src/serial.o
 .debug_aranges
                0x00000000000006c0       0x80 obj-m328p-arduino/src/softi2c.o
 .debug_aranges
                0x0000000000000740       0x40 obj-m328p-arduino/src/spi.o
 .debug_aranges
                0x0000000000000780       0x28 obj-m328p-arduino/src/timer.o
 .debug_aranges
                0x00000000000007a8       0x78 obj-m328p-arduino/src/uart.o

.debug_pubnames
 *(.debug_pubnames)

.debug_info     0x0000000000000000    0x10e2e
 *(.debug_info .gnu.linkonce.wi.*)
 .debug_info    0x0000000000000000      0x5f4 c:/tools/avr-gcc_7.3.0/bin/../lib/gcc/avr/7.3.0/../../../../avr/lib/avr5/crtatmega328p.o
 .debug_info    0x00000000000005f4     0x19f0 obj-m328p-arduino/src/catalog.o
 .debug_info    0x0000000000001fe4      0xf99 obj-m328p-arduino/src/clock.o
 .debug_info    0x0000000000002f7d       0x9f obj-m328p-arduino/src/diskio.o
 .debug_info    0x000000000000301c     0x2127 obj-m328p-arduino/src/drive.o
 .debug_info    0x0000000000005143      0x4ae obj-m328p-arduino/src/ds1307-3231.o
 .debug_info    0x00000000000055f1      0x80d obj-m328p-arduino/src/eeprom.o
 .debug_info    0x0000000000005dfe     0x357e obj-m328p-arduino/src/ff.o
 .debug_info    0x000000000000937c      0x80d obj-m328p-arduino/src/hexbus.o
 .debug_info    0x0000000000009b89     0x1307 obj-m328p-arduino/src/hexops.o
 .debug_info    0x000000000000ae90       0xee obj-m328p-arduino/src/led.o
 .debug_info    0x000000000000af7e      0xda5 obj-m328p-arduino/src/main.o
 .debug_info    0x000000000000bd23      0x160 obj-m328p-arduino/src/powermgmt.o
 .debug_info    0x000000000000be83      0xf54 obj-m328p-arduino/src/printer.o
 .debug_info    0x000000000000cdd7      0x344 obj-m328p-arduino/src/registry.o
 .debug_info    0x000000000000d11b      0x20f obj-m328p-arduino/src/rtc.o
 .debug_info    0x000000000000d32a     0x1223 obj-m328p-arduino/src/sdcard.o
 .debug_info    0x000000000000e54d     0x12f0 obj-m328p-arduino/src/serial.o
 .debug_info    0x000000000000f83d      0xc7e obj-m328p-arduino/src/softi2c.o
 .debug_info    0x00000000000104bb      0x269 obj-m328p-arduino/src/spi.o
 .debug_info    0x0000000000010724      0x169 obj-m328p-arduino/src/timer.o
 .debug_info    0x000000000001088d      0x5a1 obj-m328p-arduino/src/uart.o

.debug_abbrev   0x0000000000000000     0x3b00
 *(.debug_abbrev)
 .debug_abbrev  0x0000000000000000      0x5a2 c:/tools/avr-gcc_7.3.0/bin/../lib/gcc/avr/7.3.0/../../../../avr/lib/avr5/crtatmega328p.o
 .debug_abbrev  0x00000000000005a2      0x48c obj-m328p-arduino/src/catalog.o
 .debug_abbrev  0x0000000000000a2e      0x33e obj-m328p-arduino/src/clock.o
 .debug_abbrev  0x0000000000000d6c       0x67 obj-m328p-arduino/src/diskio.o
 .debug_abbrev  0x0000000000000dd3      0x479 obj-m328p-arduino/src/drive.o
 .debug_abbrev  0x000000000000124c      0x1fe obj-m328p-arduino/src/ds1307-3231.o
 .debug_abbrev  0x000000000000144a      0x1f5 obj-m328p-arduino/src/eeprom.o
 .debug_abbrev  0x000000000000163f      0x468 obj-m328p-arduino/src/ff.o
 .debug_abbrev  0x0000000000001aa7      0x371 obj-m328p-arduino/src/hexbus.o
 .debug_abbrev  0x0000000000001e18      0x3b7 obj-m328p-arduino/src/hexops.o
 .debug_abbrev  0x00000000000021cf       0xac obj-m328p-arduino/src/led.o
 .debug_abbrev  0x000000000000227b      0x34b obj-m328p-arduino/src/main.o
 .debug_abbrev  0x00000000000025c6       0xf3 obj-m328p-arduino/src/powermgmt.o
 .debug_abbrev  0x00000000000026b9      0x38a obj-m328p-arduino/src/printer.o
 .debug_abbrev  0x0000000000002a43      0x10c obj-m328p-arduino/src/registry.o
 .debug_abbrev  0x0000000000002b4f      0x12f obj-m328p-arduino/src/rtc.o
 .debug_abbrev  0x0000000000002c7e      0x425 obj-m328p-arduino/src/sdcard.o
 .debug_abbrev  0x00000000000030a3      0x3dd obj-m328p-arduino/src/serial.o
 .debug_abbrev  0x0000000000003480      0x1ec obj-m328p-arduino/src/softi2c.o
 .debug_abbrev  0x000000000000366c      0x14a obj-m328p-arduino/src/spi.o
 .debug_abbrev  0x00000000000037b6      0x114 obj-m328p-arduino/src/timer.o
 .debug_abbrev  0x00000000000038ca      0x236 obj-m328p-arduino/src/uart.o

.debug_line     0x0000000000000000     0x67cf
 *(.debug_line .debug_line.* .debug_line_end)
 .debug_line    0x0000000000000000       0x1a c:/tools/avr-gcc_7.3.0/bin/../lib/gcc/avr/7.3.0/../../../../avr/lib/avr5/crtatmega328p.o
 .debug_line    0x000000000000001a      0x743 obj-m328p-arduino/src/catalog.o
 .debug_line    0x000000000000075d      0x529 obj-m328p-arduino/src/clock.o
 .debug_line    0x0000000000000c86       0x38 obj-m328p-arduino/src/diskio.o
 .debug_line    0x0000000000000cbe      0xc6b obj-m328p-arduino/src/drive.o
 .debug_line    0x0000000000001929      0x20f obj-m328p-arduino/src/ds1307-3231.o
 .debug_line    0x0000000000001b38      0x1ba obj-m328p-arduino/src/eeprom.o
 .debug_line    0x0000000000001cf2     0x1cce obj-m328p-arduino/src/ff.o
 .debug_line    0x00000000000039c0      0x3d5 obj-m328p-arduino/src/hexbus.o
 .debug_line    0x0000000000003d95      0x627 obj-m328p-arduino/src/hexops.o
 .debug_line    0x00000000000043bc       0xce obj-m328p-arduino/src/led.o
 .debug_line    0x000000000000448a      0x371 obj-m328p-arduino/src/main.o
 .debug_line    0x00000000000047fb      0x164 obj-m328p-arduino/src/powermgmt.o
 .debug_line    0x000000000000495f      0x47c obj-m328p-arduino/src/printer.o
 .debug_line    0x0000000000004ddb       0xe5 obj-m328p-arduino/src/registry.o
 .debug_line    0x0000000000004ec0      0x10d obj-m328p-arduino/src/rtc.o
 .debug_line    0x0000000000004fcd      0x771 obj-m328p-arduino/src/sdcard.o
 .debug_line    0x000000000000573e      0x67c obj-m328p-arduino/src/serial.o
 .debug_line    0x0000000000005dba      0x417 obj-m328p-arduino/src/softi2c.o
 .debug_line    0x00000000000061d1      0x197 obj-m328p-arduino/src/spi.o
 .debug_line    0x0000000000006368      0x10a obj-m328p-arduino/src/timer.o
 .debug_line    0x0000000000006472      0x35d obj-m328p-arduino/src/uart.o

.debug_frame    0x0000000000000000     0x196c
 *(.debug_frame)
 .debug_frame   0x0000000000000000      0x248 obj-m328p-arduino/src/catalog.o
 .debug_frame   0x0000000000000248       0xe8 obj-m328p-arduino/src/clock.o
 .debug_frame   0x0000000000000330      0x270 obj-m328p-arduino/src/drive.o
 .debug_frame   0x00000000000005a0       0x70 obj-m328p-arduino/src/ds1307-3231.o
 .debug_frame   0x0000000000000610       0x50 obj-m328p-arduino/src/eeprom.o
 .debug_frame   0x0000000000000660      0x6b0 obj-m328p-arduino/src/ff.o
 .debug_frame   0x0000000000000d10      0x134 obj-m328p-arduino/src/hexbus.o
 .debug_frame   0x0000000000000e44      0x244 obj-m328p-arduino/src/hexops.o
 .debug_frame   0x0000000000001088       0x44 obj-m328p-arduino/src/led.o
 .debug_frame   0x00000000000010cc       0x4c obj-m328p-arduino/src/main.o
 .debug_frame   0x0000000000001118       0x60 obj-m328p-arduino/src/powermgmt.o
 .debug_frame   0x0000000000001178      0x114 obj-m328p-arduino/src/printer.o
 .debug_frame   0x000000000000128c       0x24 obj-m328p-arduino/src/registry.o
 .debug_frame   0x00000000000012b0       0x60 obj-m328p-arduino/src/rtc.o
 .debug_frame   0x0000000000001310      0x1a8 obj-m328p-arduino/src/sdcard.o
 .debug_frame   0x00000000000014b8      0x15c obj-m328p-arduino/src/serial.o
 .debug_frame   0x0000000000001614      0x150 obj-m328p-arduino/src/softi2c.o
 .debug_frame   0x0000000000001764       0x64 obj-m328p-arduino/src/spi.o
 .debug_frame   0x00000000000017c8       0x7c obj-m328p-arduino/src/timer.o
 .debug_frame   0x0000000000001844      0x128 obj-m328p-arduino/src/uart.o

.debug_str      0x0000000000000000     0x2487
 *(.debug_str)
 .debug_str     0x0000000000000000      0x208 c:/tools/avr-gcc_7.3.0/bin/../lib/gcc/avr/7.3.0/../../../../avr/lib/avr5/crtatmega328p.o
 .debug_str     0x0000000000000208      0xcc9 obj-m328p-arduino/src/catalog.o
                                        0xdc7 (size before relaxing)
 .debug_str     0x0000000000000ed1      0x30b obj-m328p-arduino/src/clock.o
                                        0xc20 (size before relaxing)
 .debug_str     0x00000000000011dc        0xd obj-m328p-arduino/src/diskio.o
                                        0x1b1 (size before relaxing)
 .debug_str     0x00000000000011e9      0x337 obj-m328p-arduino/src/drive.o
                                       0x110d (size before relaxing)
 .debug_str     0x0000000000001520      0x101 obj-m328p-arduino/src/ds1307-3231.o
                                        0x2f3 (size before relaxing)
 .debug_str     0x0000000000001621       0x96 obj-m328p-arduino/src/eeprom.o
                                        0x6ff (size before relaxing)
 .debug_str     0x00000000000016b7      0x386 obj-m328p-arduino/src/ff.o
                                        0x869 (size before relaxing)
 .debug_str     0x0000000000001a3d      0x128 obj-m328p-arduino/src/hexbus.o
                                        0x65c (size before relaxing)
 .debug_str     0x0000000000001b65       0x7e obj-m328p-arduino/src/hexops.o
                                        0xbd6 (size before relaxing)
 .debug_str     0x0000000000001be3       0x26 obj-m328p-arduino/src/led.o
                                        0x1ac (size before relaxing)
 .debug_str     0x0000000000001c09      0x130 obj-m328p-arduino/src/main.o
                                        0x9c0 (size before relaxing)
 .debug_str     0x0000000000001d39       0x59 obj-m328p-arduino/src/powermgmt.o
                                        0x20b (size before relaxing)
 .debug_str     0x0000000000001d92       0xbf obj-m328p-arduino/src/printer.o
                                        0xbed (size before relaxing)
 .debug_str     0x0000000000001e51        0xf obj-m328p-arduino/src/registry.o
                                        0x498 (size before relaxing)
 .debug_str     0x0000000000001e60        0xa obj-m328p-arduino/src/rtc.o
                                        0x235 (size before relaxing)
 .debug_str     0x0000000000001e6a      0x2c4 obj-m328p-arduino/src/sdcard.o
                                        0x530 (size before relaxing)
 .debug_str     0x000000000000212e      0x1c4 obj-m328p-arduino/src/serial.o
                                        0xd9a (size before relaxing)
 .debug_str     0x00000000000022f2       0x72 obj-m328p-arduino/src/softi2c.o
                                        0x29d (size before relaxing)
 .debug_str     0x0000000000002364       0x45 obj-m328p-arduino/src/spi.o
                                        0x22f (size before relaxing)
 .debug_str     0x00000000000023a9       0x38 obj-m328p-arduino/src/timer.o
                                        0x1d6 (size before relaxing)
 .debug_str     0x00000000000023e1       0xa6 obj-m328p-arduino/src/uart.o
                                        0x312 (size before relaxing)

.debug_loc      0x0000000000000000     0xb940
 *(.debug_loc)
 .debug_loc     0x0000000000000000     0x1017 obj-m328p-arduino/src/catalog.o
 .debug_loc     0x0000000000001017      0x433 obj-m328p-arduino/src/clock.o
 .debug_loc     0x000000000000144a     0x1331 obj-m328p-arduino/src/drive.o
 .debug_loc     0x000000000000277b       0xe0 obj-m328p-arduino/src/ds1307-3231.o
 .debug_loc     0x000000000000285b      0x157 obj-m328p-arduino/src/eeprom.o
 .debug_loc     0x00000000000029b2     0x4365 obj-m328p-arduino/src/ff.o
 .debug_loc     0x0000000000006d17      0x477 obj-m328p-arduino/src/hexbus.o
 .debug_loc     0x000000000000718e     0x102a obj-m328p-arduino/src/hexops.o
 .debug_loc     0x00000000000081b8       0x74 obj-m328p-arduino/src/led.o
 .debug_loc     0x000000000000822c      0x27a obj-m328p-arduino/src/main.o
 .debug_loc     0x00000000000084a6       0xc2 obj-m328p-arduino/src/powermgmt.o
 .debug_loc     0x0000000000008568      0x66d obj-m328p-arduino/src/printer.o
 .debug_loc     0x0000000000008bd5       0x2a obj-m328p-arduino/src/registry.o
 .debug_loc     0x0000000000008bff       0x63 obj-m328p-arduino/src/rtc.o
 .debug_loc     0x0000000000008c62      0xe75 obj-m328p-arduino/src/sdcard.o
 .debug_loc     0x0000000000009ad7      0xb7a obj-m328p-arduino/src/serial.o
 .debug_loc     0x000000000000a651      0xc3b obj-m328p-arduino/src/softi2c.o
 .debug_loc     0x000000000000b28c      0x13f obj-m328p-arduino/src/spi.o
 .debug_loc     0x000000000000b3cb       0xe9 obj-m328p-arduino/src/timer.o
 .debug_loc     0x000000000000b4b4      0x48c obj-m328p-arduino/src/uart.o

.debug_macinfo
 *(.debug_macinfo)

.debug_weaknames
 *(.debug_weaknames)

.debug_funcnames
 *(.debug_funcnames)

.debug_typenames
 *(.debug_typenames)

.debug_varnames
 *(.debug_varnames)

.debug_pubtypes
 *(.debug_pubtypes)

.debug_ranges   0x0000000000000000      0xa60
 *(.debug_ranges)
 .debug_ranges  0x0000000000000000       0xd8 obj-m328p-arduino/src/catalog.o
 .debug_ranges  0x00000000000000d8       0x68 obj-m328p-arduino/src/clock.o
 .debug_ranges  0x0000000000000140      0x118 obj-m328p-arduino/src/drive.o
 .debug_ranges  0x0000000000000258       0x40 obj-m328p-arduino/src/ds1307-3231.o
 .debug_ranges  0x0000000000000298       0x18 obj-m328p-arduino/src/eeprom.o
 .debug_ranges  0x00000000000002b0      0x248 obj-m328p-arduino/src/ff.o
 .debug_ranges  0x00000000000004f8       0x78 obj-m328p-arduino/src/hexbus.o
 .debug_ranges  0x0000000000000570       0xa8 obj-m328p-arduino/src/hexops.o
 .debug_ranges  0x0000000000000618       0x20 obj-m328p-arduino/src/led.o
 .debug_ranges  0x0000000000000638       0x78 obj-m328p-arduino/src/main.o
 .debug_ranges  0x00000000000006b0       0x20 obj-m328p-arduino/src/powermgmt.o
 .debug_ranges  0x00000000000006d0       0x88 obj-m328p-arduino/src/printer.o
 .debug_ranges  0x0000000000000758       0x10 obj-m328p-arduino/src/registry.o
 .debug_ranges  0x0000000000000768       0x28 obj-m328p-arduino/src/rtc.o
 .debug_ranges  0x0000000000000790       0xe8 obj-m328p-arduino/src/sdcard.o
 .debug_ranges  0x0000000000000878       0x98 obj-m328p-arduino/src/serial.o
 .debug_ranges  0x0000000000000910       0x70 obj-m328p-arduino/src/softi2c.o
 .debug_ranges  0x0000000000000980       0x60 obj-m328p-arduino/src/spi.o
 .debug_ranges  0x00000000000009e0       0x18 obj-m328p-arduino/src/timer.o
 .debug_ranges  0x00000000000009f8       0x68 obj-m328p-arduino/src/uart.o

.debug_macro
 *(.debug_macro)
OUTPUT(obj-m328p-arduino/HEXTIr.elf elf32-avr)
LOAD linker stubs

Cross Reference Table

Symbol                                            File
__DATA_REGION_LENGTH__                            c:/tools/avr-gcc_7.3.0/bin/../lib/gcc/avr/7.3.0/../../../../avr/lib/avr5/crtatmega328p.o
__DATA_REGION_ORIGIN__                            c:/tools/avr-gcc_7.3.0/bin/../lib/gcc/avr/7.3.0/../../../../avr/lib/avr5/crtatmega328p.o
__EEPROM_REGION_LENGTH__                          c:/tools/avr-gcc_7.3.0/bin/../lib/gcc/avr/7.3.0/../../../../avr/lib/avr5/crtatmega328p.o
__FUSE_REGION_LENGTH__                            c:/tools/avr-gcc_7.3.0/bin/../lib/gcc/avr/7.3.0/../../../../avr/lib/avr5/crtatmega328p.o
__TEXT_REGION_LENGTH__                            c:/tools/avr-gcc_7.3.0/bin/../lib/gcc/avr/7.3.0/../../../../avr/lib/avr5/crtatmega328p.o
__addsf3                                          c:/tools/avr-gcc_7.3.0/bin/../lib/gcc/avr/7.3.0/../../../../avr/lib/avr5\libm.a(addsf3.o)
                                                  c:/tools/avr-gcc_7.3.0/bin/../lib/gcc/avr/7.3.0/../../../../avr/lib/avr5\libm.a(log.o)
__addsf3x                                         c:/tools/avr-gcc_7.3.0/bin/../lib/gcc/avr/7.3.0/../../../../avr/lib/avr5\libm.a(addsf3x.o)
                                                  c:/tools/avr-gcc_7.3.0/bin/../lib/gcc/avr/7.3.0/../../../../avr/lib/avr5\libm.a(fp_powser.o)
                                                  c:/tools/avr-gcc_7.3.0/bin/../lib/gcc/avr/7.3.0/../../../../avr/lib/avr5\libm.a(log.o)
                                                  c:/tools/avr-gcc_7.3.0/bin/../lib/gcc/avr/7.3.0/../../../../avr/lib/avr5\libm.a(addsf3.o)
__bad_interrupt                                   c:/tools/avr-gcc_7.3.0/bin/../lib/gcc/avr/7.3.0/../../../../avr/lib/avr5/crtatmega328p.o
__brkval                                          c:/tools/avr-gcc_7.3.0/bin/../lib/gcc/avr/7.3.0/../../../../avr/lib/avr5\libc.a(malloc.o)
__bss_end                                         c:/tools/avr-gcc_7.3.0/bin/../lib/gcc/avr/7.3.0/avr5\libgcc.a(_clear_bss.o)
__bss_start                                       c:/tools/avr-gcc_7.3.0/bin/../lib/gcc/avr/7.3.0/avr5\libgcc.a(_clear_bss.o)
__data_end                                        c:/tools/avr-gcc_7.3.0/bin/../lib/gcc/avr/7.3.0/avr5\libgcc.a(_copy_data.o)
__data_load_start                                 c:/tools/avr-gcc_7.3.0/bin/../lib/gcc/avr/7.3.0/avr5\libgcc.a(_copy_data.o)
__data_start                                      c:/tools/avr-gcc_7.3.0/bin/../lib/gcc/avr/7.3.0/avr5\libgcc.a(_copy_data.o)
__divsf3                                          c:/tools/avr-gcc_7.3.0/bin/../lib/gcc/avr/7.3.0/../../../../avr/lib/avr5\libm.a(divsf3.o)
                                                  obj-m328p-arduino/src/serial.o
                                                  obj-m328p-arduino/src/catalog.o
__divsf3_pse                                      c:/tools/avr-gcc_7.3.0/bin/../lib/gcc/avr/7.3.0/../../../../avr/lib/avr5\libm.a(divsf3x.o)
__divsf3x                                         c:/tools/avr-gcc_7.3.0/bin/../lib/gcc/avr/7.3.0/../../../../avr/lib/avr5\libm.a(divsf3x.o)
                                                  c:/tools/avr-gcc_7.3.0/bin/../lib/gcc/avr/7.3.0/../../../../avr/lib/avr5\libm.a(divsf3.o)
__do_clear_bss                                    c:/tools/avr-gcc_7.3.0/bin/../lib/gcc/avr/7.3.0/avr5\libgcc.a(_clear_bss.o)
                                                  c:/tools/avr-gcc_7.3.0/bin/../lib/gcc/avr/7.3.0/../../../../avr/lib/avr5\libc.a(malloc.o)
                                                  obj-m328p-arduino/src/uart.o
                                                  obj-m328p-arduino/src/timer.o
                                                  obj-m328p-arduino/src/serial.o
                                                  obj-m328p-arduino/src/sdcard.o
                                                  obj-m328p-arduino/src/rtc.o
                                                  obj-m328p-arduino/src/printer.o
                                                  obj-m328p-arduino/src/main.o
                                                  obj-m328p-arduino/src/led.o
                                                  obj-m328p-arduino/src/hexops.o
                                                  obj-m328p-arduino/src/ff.o
                                                  obj-m328p-arduino/src/eeprom.o
                                                  obj-m328p-arduino/src/ds1307-3231.o
                                                  obj-m328p-arduino/src/drive.o
                                                  obj-m328p-arduino/src/diskio.o
                                                  obj-m328p-arduino/src/clock.o
__do_copy_data                                    c:/tools/avr-gcc_7.3.0/bin/../lib/gcc/avr/7.3.0/avr5\libgcc.a(_copy_data.o)
                                                  c:/tools/avr-gcc_7.3.0/bin/../lib/gcc/avr/7.3.0/../../../../avr/lib/avr5\libc.a(malloc.o)
                                                  obj-m328p-arduino/src/drive.o
                                                  obj-m328p-arduino/src/catalog.o
__epilogue_restores__                             c:/tools/avr-gcc_7.3.0/bin/../lib/gcc/avr/7.3.0/avr5\libgcc.a(_epilogue.o)
                                                  obj-m328p-arduino/src/uart.o
                                                  obj-m328p-arduino/src/softi2c.o
                                                  obj-m328p-arduino/src/serial.o
                                                  obj-m328p-arduino/src/sdcard.o
                                                  obj-m328p-arduino/src/rtc.o
                                                  obj-m328p-arduino/src/printer.o
                                                  obj-m328p-arduino/src/hexops.o
                                                  obj-m328p-arduino/src/ff.o
                                                  obj-m328p-arduino/src/ds1307-3231.o
                                                  obj-m328p-arduino/src/drive.o
                                                  obj-m328p-arduino/src/clock.o
                                                  obj-m328p-arduino/src/catalog.o
__fixsfsi                                         c:/tools/avr-gcc_7.3.0/bin/../lib/gcc/avr/7.3.0/../../../../avr/lib/avr5\libm.a(fixsfsi.o)
                                                  obj-m328p-arduino/src/serial.o
                                                  obj-m328p-arduino/src/catalog.o
__fixunssfsi                                      c:/tools/avr-gcc_7.3.0/bin/../lib/gcc/avr/7.3.0/../../../../avr/lib/avr5\libm.a(fixunssfsi.o)
                                                  c:/tools/avr-gcc_7.3.0/bin/../lib/gcc/avr/7.3.0/../../../../avr/lib/avr5\libm.a(fixsfsi.o)
                                                  obj-m328p-arduino/src/catalog.o
__floatsisf                                       c:/tools/avr-gcc_7.3.0/bin/../lib/gcc/avr/7.3.0/../../../../avr/lib/avr5\libm.a(floatsisf.o)
                                                  c:/tools/avr-gcc_7.3.0/bin/../lib/gcc/avr/7.3.0/../../../../avr/lib/avr5\libm.a(log.o)
__floatunsisf                                     c:/tools/avr-gcc_7.3.0/bin/../lib/gcc/avr/7.3.0/../../../../avr/lib/avr5\libm.a(floatsisf.o)
                                                  obj-m328p-arduino/src/serial.o
                                                  obj-m328p-arduino/src/catalog.o
__flp                                             c:/tools/avr-gcc_7.3.0/bin/../lib/gcc/avr/7.3.0/../../../../avr/lib/avr5\libc.a(malloc.o)
__fp_inf                                          c:/tools/avr-gcc_7.3.0/bin/../lib/gcc/avr/7.3.0/../../../../avr/lib/avr5\libm.a(fp_inf.o)
                                                  c:/tools/avr-gcc_7.3.0/bin/../lib/gcc/avr/7.3.0/../../../../avr/lib/avr5\libm.a(mulsf3x.o)
                                                  c:/tools/avr-gcc_7.3.0/bin/../lib/gcc/avr/7.3.0/../../../../avr/lib/avr5\libm.a(log.o)
                                                  c:/tools/avr-gcc_7.3.0/bin/../lib/gcc/avr/7.3.0/../../../../avr/lib/avr5\libm.a(divsf3x.o)
                                                  c:/tools/avr-gcc_7.3.0/bin/../lib/gcc/avr/7.3.0/../../../../avr/lib/avr5\libm.a(addsf3x.o)
__fp_mpack                                        c:/tools/avr-gcc_7.3.0/bin/../lib/gcc/avr/7.3.0/../../../../avr/lib/avr5\libm.a(fp_mpack.o)
                                                  c:/tools/avr-gcc_7.3.0/bin/../lib/gcc/avr/7.3.0/../../../../avr/lib/avr5\libm.a(log.o)
__fp_mpack_finite                                 c:/tools/avr-gcc_7.3.0/bin/../lib/gcc/avr/7.3.0/../../../../avr/lib/avr5\libm.a(fp_mpack.o)
__fp_nan                                          c:/tools/avr-gcc_7.3.0/bin/../lib/gcc/avr/7.3.0/../../../../avr/lib/avr5\libm.a(fp_nan.o)
                                                  c:/tools/avr-gcc_7.3.0/bin/../lib/gcc/avr/7.3.0/../../../../avr/lib/avr5\libm.a(mulsf3x.o)
                                                  c:/tools/avr-gcc_7.3.0/bin/../lib/gcc/avr/7.3.0/../../../../avr/lib/avr5\libm.a(log.o)
                                                  c:/tools/avr-gcc_7.3.0/bin/../lib/gcc/avr/7.3.0/../../../../avr/lib/avr5\libm.a(divsf3x.o)
                                                  c:/tools/avr-gcc_7.3.0/bin/../lib/gcc/avr/7.3.0/../../../../avr/lib/avr5\libm.a(addsf3x.o)
__fp_powser                                       c:/tools/avr-gcc_7.3.0/bin/../lib/gcc/avr/7.3.0/../../../../avr/lib/avr5\libm.a(fp_powser.o)
                                                  c:/tools/avr-gcc_7.3.0/bin/../lib/gcc/avr/7.3.0/../../../../avr/lib/avr5\libm.a(log.o)
__fp_pscA                                         c:/tools/avr-gcc_7.3.0/bin/../lib/gcc/avr/7.3.0/../../../../avr/lib/avr5\libm.a(fp_pscA.o)
                                                  c:/tools/avr-gcc_7.3.0/bin/../lib/gcc/avr/7.3.0/../../../../avr/lib/avr5\libm.a(mulsf3x.o)
                                                  c:/tools/avr-gcc_7.3.0/bin/../lib/gcc/avr/7.3.0/../../../../avr/lib/avr5\libm.a(divsf3x.o)
                                                  c:/tools/avr-gcc_7.3.0/bin/../lib/gcc/avr/7.3.0/../../../../avr/lib/avr5\libm.a(addsf3x.o)
__fp_pscB                                         c:/tools/avr-gcc_7.3.0/bin/../lib/gcc/avr/7.3.0/../../../../avr/lib/avr5\libm.a(fp_pscB.o)
                                                  c:/tools/avr-gcc_7.3.0/bin/../lib/gcc/avr/7.3.0/../../../../avr/lib/avr5\libm.a(mulsf3x.o)
                                                  c:/tools/avr-gcc_7.3.0/bin/../lib/gcc/avr/7.3.0/../../../../avr/lib/avr5\libm.a(divsf3x.o)
                                                  c:/tools/avr-gcc_7.3.0/bin/../lib/gcc/avr/7.3.0/../../../../avr/lib/avr5\libm.a(addsf3x.o)
__fp_round                                        c:/tools/avr-gcc_7.3.0/bin/../lib/gcc/avr/7.3.0/../../../../avr/lib/avr5\libm.a(fp_round.o)
                                                  c:/tools/avr-gcc_7.3.0/bin/../lib/gcc/avr/7.3.0/../../../../avr/lib/avr5\libm.a(mulsf3.o)
                                                  c:/tools/avr-gcc_7.3.0/bin/../lib/gcc/avr/7.3.0/../../../../avr/lib/avr5\libm.a(log.o)
                                                  c:/tools/avr-gcc_7.3.0/bin/../lib/gcc/avr/7.3.0/../../../../avr/lib/avr5\libm.a(divsf3.o)
                                                  c:/tools/avr-gcc_7.3.0/bin/../lib/gcc/avr/7.3.0/../../../../avr/lib/avr5\libm.a(addsf3.o)
__fp_split3                                       c:/tools/avr-gcc_7.3.0/bin/../lib/gcc/avr/7.3.0/../../../../avr/lib/avr5\libm.a(fp_split3.o)
                                                  c:/tools/avr-gcc_7.3.0/bin/../lib/gcc/avr/7.3.0/../../../../avr/lib/avr5\libm.a(mulsf3x.o)
                                                  c:/tools/avr-gcc_7.3.0/bin/../lib/gcc/avr/7.3.0/../../../../avr/lib/avr5\libm.a(divsf3x.o)
                                                  c:/tools/avr-gcc_7.3.0/bin/../lib/gcc/avr/7.3.0/../../../../avr/lib/avr5\libm.a(addsf3x.o)
__fp_splitA                                       c:/tools/avr-gcc_7.3.0/bin/../lib/gcc/avr/7.3.0/../../../../avr/lib/avr5\libm.a(fp_split3.o)
                                                  c:/tools/avr-gcc_7.3.0/bin/../lib/gcc/avr/7.3.0/../../../../avr/lib/avr5\libm.a(log.o)
                                                  c:/tools/avr-gcc_7.3.0/bin/../lib/gcc/avr/7.3.0/../../../../avr/lib/avr5\libm.a(fixunssfsi.o)
__fp_szero                                        c:/tools/avr-gcc_7.3.0/bin/../lib/gcc/avr/7.3.0/../../../../avr/lib/avr5\libm.a(fp_zero.o)
                                                  c:/tools/avr-gcc_7.3.0/bin/../lib/gcc/avr/7.3.0/../../../../avr/lib/avr5\libm.a(mulsf3x.o)
                                                  c:/tools/avr-gcc_7.3.0/bin/../lib/gcc/avr/7.3.0/../../../../avr/lib/avr5\libm.a(fixsfsi.o)
                                                  c:/tools/avr-gcc_7.3.0/bin/../lib/gcc/avr/7.3.0/../../../../avr/lib/avr5\libm.a(divsf3x.o)
__fp_zero                                         c:/tools/avr-gcc_7.3.0/bin/../lib/gcc/avr/7.3.0/../../../../avr/lib/avr5\libm.a(fp_zero.o)
                                                  c:/tools/avr-gcc_7.3.0/bin/../lib/gcc/avr/7.3.0/../../../../avr/lib/avr5\libm.a(fixunssfsi.o)
                                                  c:/tools/avr-gcc_7.3.0/bin/../lib/gcc/avr/7.3.0/../../../../avr/lib/avr5\libm.a(addsf3x.o)
__heap_end                                        c:/tools/avr-gcc_7.3.0/bin/../lib/gcc/avr/7.3.0/../../../../avr/lib/avr5/crtatmega328p.o
                                                  c:/tools/avr-gcc_7.3.0/bin/../lib/gcc/avr/7.3.0/../../../../avr/lib/avr5\libc.a(malloc.o)
__heap_start                                      c:/tools/avr-gcc_7.3.0/bin/../lib/gcc/avr/7.3.0/../../../../avr/lib/avr5\libc.a(malloc.o)
__init                                            c:/tools/avr-gcc_7.3.0/bin/../lib/gcc/avr/7.3.0/../../../../avr/lib/avr5/crtatmega328p.o
__ltoa_ncheck                                     c:/tools/avr-gcc_7.3.0/bin/../lib/gcc/avr/7.3.0/../../../../avr/lib/avr5\libc.a(ltoa_ncheck.o)
                                                  obj-m328p-arduino/src/catalog.o
__malloc_heap_end                                 c:/tools/avr-gcc_7.3.0/bin/../lib/gcc/avr/7.3.0/../../../../avr/lib/avr5\libc.a(malloc.o)
__malloc_heap_start                               c:/tools/avr-gcc_7.3.0/bin/../lib/gcc/avr/7.3.0/../../../../avr/lib/avr5\libc.a(malloc.o)
__malloc_margin                                   c:/tools/avr-gcc_7.3.0/bin/../lib/gcc/avr/7.3.0/../../../../avr/lib/avr5\libc.a(malloc.o)
__mulsf3                                          c:/tools/avr-gcc_7.3.0/bin/../lib/gcc/avr/7.3.0/../../../../avr/lib/avr5\libm.a(mulsf3.o)
                                                  c:/tools/avr-gcc_7.3.0/bin/../lib/gcc/avr/7.3.0/../../../../avr/lib/avr5\libm.a(log10.o)
                                                  obj-m328p-arduino/src/serial.o
__mulsf3_pse                                      c:/tools/avr-gcc_7.3.0/bin/../lib/gcc/avr/7.3.0/../../../../avr/lib/avr5\libm.a(mulsf3x.o)
__mulsf3x                                         c:/tools/avr-gcc_7.3.0/bin/../lib/gcc/avr/7.3.0/../../../../avr/lib/avr5\libm.a(mulsf3x.o)
                                                  c:/tools/avr-gcc_7.3.0/bin/../lib/gcc/avr/7.3.0/../../../../avr/lib/avr5\libm.a(fp_powser.o)
                                                  c:/tools/avr-gcc_7.3.0/bin/../lib/gcc/avr/7.3.0/../../../../avr/lib/avr5\libm.a(mulsf3.o)
                                                  c:/tools/avr-gcc_7.3.0/bin/../lib/gcc/avr/7.3.0/../../../../avr/lib/avr5\libm.a(log.o)
__mulsi3                                          c:/tools/avr-gcc_7.3.0/bin/../lib/gcc/avr/7.3.0/avr5\libgcc.a(_mulsi3.o)
                                                  obj-m328p-arduino/src/ff.o
__muluhisi3                                       c:/tools/avr-gcc_7.3.0/bin/../lib/gcc/avr/7.3.0/avr5\libgcc.a(_muluhisi3.o)
                                                  c:/tools/avr-gcc_7.3.0/bin/../lib/gcc/avr/7.3.0/avr5\libgcc.a(_mulsi3.o)
                                                  obj-m328p-arduino/src/hexops.o
                                                  obj-m328p-arduino/src/ff.o
__prologue_saves__                                c:/tools/avr-gcc_7.3.0/bin/../lib/gcc/avr/7.3.0/avr5\libgcc.a(_prologue.o)
                                                  obj-m328p-arduino/src/uart.o
                                                  obj-m328p-arduino/src/softi2c.o
                                                  obj-m328p-arduino/src/serial.o
                                                  obj-m328p-arduino/src/sdcard.o
                                                  obj-m328p-arduino/src/rtc.o
                                                  obj-m328p-arduino/src/printer.o
                                                  obj-m328p-arduino/src/hexops.o
                                                  obj-m328p-arduino/src/ff.o
                                                  obj-m328p-arduino/src/ds1307-3231.o
                                                  obj-m328p-arduino/src/drive.o
                                                  obj-m328p-arduino/src/clock.o
                                                  obj-m328p-arduino/src/catalog.o
__stack                                           c:/tools/avr-gcc_7.3.0/bin/../lib/gcc/avr/7.3.0/../../../../avr/lib/avr5/crtatmega328p.o
__subsf3                                          c:/tools/avr-gcc_7.3.0/bin/../lib/gcc/avr/7.3.0/../../../../avr/lib/avr5\libm.a(addsf3.o)
                                                  obj-m328p-arduino/src/serial.o
__tablejump2__                                    c:/tools/avr-gcc_7.3.0/bin/../lib/gcc/avr/7.3.0/avr5\libgcc.a(_tablejump2.o)
                                                  obj-m328p-arduino/src/serial.o
__udivmodhi4                                      c:/tools/avr-gcc_7.3.0/bin/../lib/gcc/avr/7.3.0/avr5\libgcc.a(_udivmodhi4.o)
                                                  obj-m328p-arduino/src/ff.o
__udivmodqi4                                      c:/tools/avr-gcc_7.3.0/bin/../lib/gcc/avr/7.3.0/avr5\libgcc.a(_udivmodqi4.o)
                                                  obj-m328p-arduino/src/rtc.o
                                                  obj-m328p-arduino/src/ds1307-3231.o
                                                  obj-m328p-arduino/src/clock.o
__udivmodsi4                                      c:/tools/avr-gcc_7.3.0/bin/../lib/gcc/avr/7.3.0/avr5\libgcc.a(_udivmodsi4.o)
                                                  obj-m328p-arduino/src/ff.o
__ultoa_common                                    c:/tools/avr-gcc_7.3.0/bin/../lib/gcc/avr/7.3.0/../../../../avr/lib/avr5\libc.a(ultoa_ncheck.o)
                                                  c:/tools/avr-gcc_7.3.0/bin/../lib/gcc/avr/7.3.0/../../../../avr/lib/avr5\libc.a(ltoa_ncheck.o)
__ultoa_ncheck                                    c:/tools/avr-gcc_7.3.0/bin/../lib/gcc/avr/7.3.0/../../../../avr/lib/avr5\libc.a(ultoa_ncheck.o)
__umulhisi3                                       c:/tools/avr-gcc_7.3.0/bin/../lib/gcc/avr/7.3.0/avr5\libgcc.a(_umulhisi3.o)
                                                  c:/tools/avr-gcc_7.3.0/bin/../lib/gcc/avr/7.3.0/avr5\libgcc.a(_muluhisi3.o)
__vector_1                                        obj-m328p-arduino/src/powermgmt.o
                                                  c:/tools/avr-gcc_7.3.0/bin/../lib/gcc/avr/7.3.0/../../../../avr/lib/avr5/crtatmega328p.o
__vector_10                                       c:/tools/avr-gcc_7.3.0/bin/../lib/gcc/avr/7.3.0/../../../../avr/lib/avr5/crtatmega328p.o
__vector_11                                       c:/tools/avr-gcc_7.3.0/bin/../lib/gcc/avr/7.3.0/../../../../avr/lib/avr5/crtatmega328p.o
__vector_12                                       c:/tools/avr-gcc_7.3.0/bin/../lib/gcc/avr/7.3.0/../../../../avr/lib/avr5/crtatmega328p.o
__vector_13                                       c:/tools/avr-gcc_7.3.0/bin/../lib/gcc/avr/7.3.0/../../../../avr/lib/avr5/crtatmega328p.o
__vector_14                                       obj-m328p-arduino/src/timer.o
                                                  c:/tools/avr-gcc_7.3.0/bin/../lib/gcc/avr/7.3.0/../../../../avr/lib/avr5/crtatmega328p.o
__vector_15                                       c:/tools/avr-gcc_7.3.0/bin/../lib/gcc/avr/7.3.0/../../../../avr/lib/avr5/crtatmega328p.o
__vector_16                                       c:/tools/avr-gcc_7.3.0/bin/../lib/gcc/avr/7.3.0/../../../../avr/lib/avr5/crtatmega328p.o
__vector_17                                       c:/tools/avr-gcc_7.3.0/bin/../lib/gcc/avr/7.3.0/../../../../avr/lib/avr5/crtatmega328p.o
__vector_18                                       c:/tools/avr-gcc_7.3.0/bin/../lib/gcc/avr/7.3.0/../../../../avr/lib/avr5/crtatmega328p.o
__vector_19                                       obj-m328p-arduino/src/uart.o
                                                  c:/tools/avr-gcc_7.3.0/bin/../lib/gcc/avr/7.3.0/../../../../avr/lib/avr5/crtatmega328p.o
__vector_2                                        c:/tools/avr-gcc_7.3.0/bin/../lib/gcc/avr/7.3.0/../../../../avr/lib/avr5/crtatmega328p.o
__vector_20                                       c:/tools/avr-gcc_7.3.0/bin/../lib/gcc/avr/7.3.0/../../../../avr/lib/avr5/crtatmega328p.o
__vector_21                                       c:/tools/avr-gcc_7.3.0/bin/../lib/gcc/avr/7.3.0/../../../../avr/lib/avr5/crtatmega328p.o
__vector_22                                       c:/tools/avr-gcc_7.3.0/bin/../lib/gcc/avr/7.3.0/../../../../avr/lib/avr5/crtatmega328p.o
__vector_23                                       c:/tools/avr-gcc_7.3.0/bin/../lib/gcc/avr/7.3.0/../../../../avr/lib/avr5/crtatmega328p.o
__vector_24                                       c:/tools/avr-gcc_7.3.0/bin/../lib/gcc/avr/7.3.0/../../../../avr/lib/avr5/crtatmega328p.o
__vector_25                                       c:/tools/avr-gcc_7.3.0/bin/../lib/gcc/avr/7.3.0/../../../../avr/lib/avr5/crtatmega328p.o
__vector_3                                        obj-m328p-arduino/src/sdcard.o
                                                  c:/tools/avr-gcc_7.3.0/bin/../lib/gcc/avr/7.3.0/../../../../avr/lib/avr5/crtatmega328p.o
__vector_4                                        c:/tools/avr-gcc_7.3.0/bin/../lib/gcc/avr/7.3.0/../../../../avr/lib/avr5/crtatmega328p.o
__vector_5                                        c:/tools/avr-gcc_7.3.0/bin/../lib/gcc/avr/7.3.0/../../../../avr/lib/avr5/crtatmega328p.o
__vector_6                                        c:/tools/avr-gcc_7.3.0/bin/../lib/gcc/avr/7.3.0/../../../../avr/lib/avr5/crtatmega328p.o
__vector_7                                        c:/tools/avr-gcc_7.3.0/bin/../lib/gcc/avr/7.3.0/../../../../avr/lib/avr5/crtatmega328p.o